../Core/Src/bmp3.c:2433:15:compensate_temperature	32	static
../Core/Src/bmp3.c:2473:15:compensate_pressure	64	static
../Core/Src/bmp3.c:2724:15:null_ptr_check	0	static
../Core/Src/bmp3.c:2090:15:validate_osr_and_odr_settings	80	static
../Core/Src/bmp3.c:794:8:bmp3_get_regs	48	dynamic
../Core/Src/bmp3.c:844:8:bmp3_set_regs	32	dynamic
../Core/Src/bmp3.c:1716:15:write_power_mode.isra	24	static
../Core/Src/bmp3.c:909:8:bmp3_set_sensor_settings	32	static
../Core/Src/bmp3.c:953:8:bmp3_get_sensor_settings	16	static
../Core/Src/bmp3.c:1204:8:bmp3_get_status	24	static
../Core/Src/bmp3.c:1236:8:bmp3_get_fifo_length	16	static
../Core/Src/bmp3.c:1263:8:bmp3_soft_reset	24	static
../Core/Src/bmp3.c:738:8:bmp3_init	48	static
../Core/Src/bmp3.c:1307:8:bmp3_fifo_flush	24	static
../Core/Src/bmp3.c:1403:8:bmp3_get_op_mode	8	static
../Core/Src/bmp3.c:1350:8:bmp3_set_op_mode	32	static
../Core/Src/bmp3.c:1428:8:bmp3_get_sensor_data	48	static
