../Core/Src/e220.c:13:8:E220_enter_config_mode	8	static
../Core/Src/e220.c:35:8:E220_read_register	24	static
../Core/Src/e220.c:53:8:E220_write_register	24	static
../Core/Src/e220.c:75:8:E220_read_register_all	16	static
../Core/Src/e220.c:90:8:E220_enter_normal_mode	8	static
../Core/Src/e220.c:101:8:E220_transmit_payload	8	static
../Core/Src/e220.c:107:8:E220_receive_payload	8	static
../Core/Src/e220.c:115:8:E220_set_packetsize_32k	16	static
../Core/Src/e220.c:124:8:E220_set_datarate_62k	16	static
../Core/Src/e220.c:133:6:E220_reset	8	static
