../Core/Src/main.c:1143:6:Startup	8	static
../Core/Src/main.c:1562:6:SystemHealthCheck	8	static
../Core/Src/main.c:1488:6:CommunicationBoard	16	static
../Core/Src/main.c:1517:6:FlightFSM	64	static
../Core/Src/main.c:337:12:get_flash	0	static
../Core/Src/main.c:341:10:get_servo	0	static
../Core/Src/main.c:345:9:readAltitude	8	static
../Core/Src/main.c:361:10:Getnum_meas_stored_in_buffer	0	static
../Core/Src/main.c:365:10:Getnum_big_meas_stored_in_flash	0	static
../Core/Src/main.c:369:10:Getnum_small_meas_stored_in_flash	0	static
../Core/Src/main.c:373:6:Setnum_meas_stored_in_flash	0	static
../Core/Src/main.c:378:6:Setnum_meas_stored_in_buffer	0	static
../Core/Src/main.c:1164:6:FlashWrite	24	static
../Core/Src/main.c:390:6:Setnum_meas_stored_in_buffermod	0	static
../Core/Src/main.c:1332:6:SensorsRead	96	static
../Core/Src/main.c:395:6:Set_Flash_Flag	0	static
../Core/Src/main.c:399:6:Get_Flash_Flag	0	static
../Core/Src/main.c:663:6:SystemClock_Config	88	static,ignoring_inline_asm
../Core/Src/main.c:409:5:main	128	static,ignoring_inline_asm
../Core/Src/main.c:1590:6:HAL_TIM_PeriodElapsedCallback	0	static
../Core/Src/main.c:1607:6:Error_Handler	0	static,ignoring_inline_asm
