../Core/Src/main.c:812:6:DrogueParachuteDeploy	0	static
../Core/Src/main.c:792:6:Startup	8	static
../Core/Src/main.c:975:6:FlightFSM	8	static
../Core/Src/main.c:834:6:FlashWrite	144	static
../Core/Src/main.c:883:6:SensorsRead	72	static
../Core/Src/main.c:953:6:CommunicationBoard	0	static
../Core/Src/main.c:931:6:MainParachuteDeploy	0	static
../Core/Src/main.c:993:6:SystemHealthCheck	8	static
../Core/Src/main.c:322:6:SystemClock_Config	88	static,ignoring_inline_asm
../Core/Src/main.c:190:5:main	64	static,ignoring_inline_asm
../Core/Src/main.c:1012:6:HAL_TIM_PeriodElapsedCallback	0	static
../Core/Src/main.c:1029:6:Error_Handler	0	static,ignoring_inline_asm
