../Core/Src/main.c:1152:6:FlashWrite	24	static
../Core/Src/main.c:1529:6:FlightFSM	64	static
../Core/Src/main.c:651:6:SystemClock_Config	8	static
../Core/Src/main.c:321:5:main	128	static,ignoring_inline_asm
../Core/Src/main.c:1131:6:Startup	8	static
../Core/Src/main.c:1223:9:readAltitude	8	static
../Core/Src/main.c:1238:6:SensorsRead	104	static
../Core/Src/main.c:1502:6:CommunicationBoard	8	static
../Core/Src/main.c:1574:6:SystemHealthCheck	8	static
../Core/Src/main.c:1602:6:HAL_TIM_PeriodElapsedCallback	0	static
../Core/Src/main.c:1615:12:get_flash	0	static
../Core/Src/main.c:1623:6:Error_Handler	0	static,ignoring_inline_asm
