../Core/Src/main.c:1089:6:FlashWrite	24	static
../Core/Src/main.c:1501:6:FlightFSM	64	static
../Core/Src/main.c:588:6:SystemClock_Config	8	static
../Core/Src/main.c:322:5:main	144	static,ignoring_inline_asm
../Core/Src/main.c:1068:6:Startup	8	static
../Core/Src/main.c:1160:9:readAltitude	8	static
../Core/Src/main.c:1175:6:SensorsRead	104	static
../Core/Src/main.c:1474:6:CommunicationBoard	8	static
../Core/Src/main.c:1546:6:SystemHealthCheck	8	static
../Core/Src/main.c:1574:6:HAL_TIM_PeriodElapsedCallback	0	static
../Core/Src/main.c:1587:12:get_flash	0	static
../Core/Src/main.c:1591:10:get_servo	0	static
../Core/Src/main.c:1599:6:Error_Handler	0	static,ignoring_inline_asm
