../Core/Src/main.c:1094:6:FlashWrite	32	static
../Core/Src/main.c:1374:6:FlightFSM	64	static
../Core/Src/main.c:593:6:SystemClock_Config	8	static
../Core/Src/main.c:326:5:main	128	static,ignoring_inline_asm
../Core/Src/main.c:1073:6:Startup	8	static
../Core/Src/main.c:1168:9:readAltitude	8	static
../Core/Src/main.c:1183:6:SensorsRead	88	static
../Core/Src/main.c:1347:6:CommunicationBoard	8	static
../Core/Src/main.c:1419:6:SystemHealthCheck	8	static
../Core/Src/main.c:1447:6:HAL_TIM_PeriodElapsedCallback	0	static
../Core/Src/main.c:1460:12:get_flash	0	static
../Core/Src/main.c:1464:10:get_servo	0	static
../Core/Src/main.c:1472:6:Error_Handler	0	static,ignoring_inline_asm
