../Core/Src/main.c:1231:6:Startup	8	static
../Core/Src/main.c:1728:6:SystemHealthCheck	8	static,ignoring_inline_asm
../Core/Src/main.c:1252:6:FlashWrite	48	static,ignoring_inline_asm
../Core/Src/main.c:1573:6:CommunicationBoard	104	static,ignoring_inline_asm
../Core/Src/main.c:1679:6:FlightFSM	64	static,ignoring_inline_asm
../Core/Src/main.c:468:12:get_flash	0	static
../Core/Src/main.c:472:10:get_servo	0	static
../Core/Src/main.c:476:7:get_flag_air	0	static
../Core/Src/main.c:480:9:readAltitude	8	static
../Core/Src/main.c:1330:6:SensorsRead	80	static,ignoring_inline_asm
../Core/Src/main.c:488:6:Set_Flash_Flag	0	static
../Core/Src/main.c:492:6:Get_Flash_Flag	0	static
../Core/Src/main.c:779:6:SystemClock_Config	88	static,ignoring_inline_asm
../Core/Src/main.c:502:5:main	120	static,ignoring_inline_asm
../Core/Src/main.c:1760:6:HAL_TIM_PeriodElapsedCallback	0	static
../Core/Src/main.c:1777:6:Error_Handler	0	static,ignoring_inline_asm
