../Core/Src/main.c:1095:6:FlashWrite	400	static
../Core/Src/main.c:1387:6:FlightFSM	64	static
../Core/Src/main.c:594:6:SystemClock_Config	8	static
../Core/Src/main.c:327:5:main	128	static,ignoring_inline_asm
../Core/Src/main.c:1074:6:Startup	8	static
../Core/Src/main.c:1194:9:readAltitude	8	static
../Core/Src/main.c:1209:6:SensorsRead	88	static
../Core/Src/main.c:1360:6:CommunicationBoard	8	static
../Core/Src/main.c:1432:6:SystemHealthCheck	8	static
../Core/Src/main.c:1460:6:HAL_TIM_PeriodElapsedCallback	0	static
../Core/Src/main.c:1473:12:get_flash	0	static
../Core/Src/main.c:1477:10:get_servo	0	static
../Core/Src/main.c:1485:6:Error_Handler	0	static,ignoring_inline_asm
