../Core/Src/rt_logging.c:1484:13:rt_DestroyLogVar	16	static
../Core/Src/rt_logging.c:1514:13:rt_DestroyStructLogVar	16	static
../Core/Src/rt_logging.c:333:15:rt_GetDblValueFromOverSizedData	80	static
../Core/Src/rt_logging.c:1114:14:rt_WriteItemToMatFile	32	static
../Core/Src/rt_logging.c:627:14:rt_ProcessMatItem	288	static
../Core/Src/rt_logging.c:1202:22:rt_FixupLogVar	160	static
../Core/Src/rt_logging.c:2404:13:rt_ReallocLogVar.constprop	80	static
../Core/Src/rt_logging.c:1425:13:rt_LoadModifiedLogVarName.isra	16	static
../Core/Src/rt_logging.c:479:11:rt_GetMxIdFromDTypeIdForRSim	0	static
../Core/Src/rt_logging.c:522:11:rt_GetMxIdFromDTypeId	0	static
../Core/Src/rt_logging.c:2546:15:rt_UpdateLogVarWithDiscontiguousData	72	static
../Core/Src/rt_logging.c:2665:9:rt_CreateLogVarWithConvert	192	static
../Core/Src/rt_logging.c:2103:22:local_CreateStructLogVar	224	static
../Core/Src/rt_logging.c:3042:9:rt_CreateLogVar	64	static
../Core/Src/rt_logging.c:3110:15:rt_CreateStructLogVar	0	static
../Core/Src/rt_logging.c:3162:15:rt_StartDataLoggingWithStartTime	224	static
../Core/Src/rt_logging.c:3313:15:rt_StartDataLogging	0	static
../Core/Src/rt_logging.c:3342:6:rt_UpdateLogVar	160	static
../Core/Src/rt_logging.c:3829:6:rt_UpdateStructLogVar	24	static
../Core/Src/rt_logging.c:3874:7:rt_getTempMemory	4	static
../Core/Src/rt_logging.c:3896:6:rt_preProcessAndLogDataWithIndex	24	static
../Core/Src/rt_logging.c:3926:6:rt_preProcessAndLogData	16	static
../Core/Src/rt_logging.c:3944:15:rt_UpdateTXXFYLogVars	152	static
../Core/Src/rt_logging.c:3935:15:rt_UpdateTXYLogVars	0	static
../Core/Src/rt_logging.c:4132:6:rt_StopDataLoggingImpl	80	static
../Core/Src/rt_logging.c:4272:6:rt_StopDataLogging	0	static
