../Core/Src/stm32f4xx_hal_msp.c:65:6:HAL_MspInit	8	static
../Core/Src/stm32f4xx_hal_msp.c:90:6:HAL_ADC_MspInit	40	static
../Core/Src/stm32f4xx_hal_msp.c:123:6:HAL_ADC_MspDeInit	0	static
../Core/Src/stm32f4xx_hal_msp.c:151:6:HAL_SPI_MspInit	56	static
../Core/Src/stm32f4xx_hal_msp.c:238:6:HAL_SPI_MspDeInit	0	static
../Core/Src/stm32f4xx_hal_msp.c:306:6:HAL_TIM_PWM_MspInit	8	static
../Core/Src/stm32f4xx_hal_msp.c:333:6:HAL_TIM_MspPostInit	40	static
../Core/Src/stm32f4xx_hal_msp.c:385:6:HAL_TIM_PWM_MspDeInit	0	static
../Core/Src/stm32f4xx_hal_msp.c:418:6:HAL_USART_MspInit	40	static
../Core/Src/stm32f4xx_hal_msp.c:455:6:HAL_UART_MspInit	40	static
../Core/Src/stm32f4xx_hal_msp.c:491:6:HAL_USART_MspDeInit	0	static
../Core/Src/stm32f4xx_hal_msp.c:521:6:HAL_UART_MspDeInit	0	static
