../Core/Src/utilities.c:185:13:bmp390_delay_us	0	static
../Core/Src/utilities.c:45:9:imu1_write	24	static
../Core/Src/utilities.c:81:8:bmp390_1_write	24	static
../Core/Src/utilities.c:115:9:imu2_write	24	static
../Core/Src/utilities.c:151:8:bmp390_2_write	24	static
../Core/Src/utilities.c:62:9:imu1_read	24	static
../Core/Src/utilities.c:98:8:bmp390_1_read	24	static
../Core/Src/utilities.c:132:9:imu2_read	24	static
../Core/Src/utilities.c:168:8:bmp390_2_read	24	static
../Core/Src/utilities.c:32:7:computeAltitude	24	static
../Core/Src/utilities.c:231:8:init_imu1	32	static
../Core/Src/utilities.c:291:8:init_bmp390_1	32	static
../Core/Src/utilities.c:350:8:init_imu2	32	static
../Core/Src/utilities.c:410:8:init_bmp390_2	32	static
../Core/Src/utilities.c:471:8:init_flash	24	static
../Core/Src/utilities.c:510:10:compute_air_density	0	static
../Core/Src/utilities.c:518:10:compute_velocity	8	static
../Core/Src/utilities.c:569:8:calibrateIMU	80	static
