../Core/Src/W25Q128.c:23:16:receive.isra	8	static
../Core/Src/W25Q128.c:12:16:transmit.isra	8	static
../Core/Src/W25Q128.c:34:9:W25Q128_init	8	static
../Core/Src/W25Q128.c:44:9:W25Q128_read_id	32	static
../Core/Src/W25Q128.c:64:9:W25Q128_read_manufacturer_dev_id	24	static
../Core/Src/W25Q128.c:88:9:W25Q128_read_JEDEC_id	24	static
../Core/Src/W25Q128.c:110:9:W25Q128_power_up	24	static
../Core/Src/W25Q128.c:127:9:W25Q128_power_down	24	static
../Core/Src/W25Q128.c:142:9:W25Q128_read_statusreg1	24	static
../Core/Src/W25Q128.c:178:9:W25Q128_read_statusreg2	24	static
../Core/Src/W25Q128.c:214:9:W25Q128_read_statusreg3	24	static
../Core/Src/W25Q128.c:250:9:W25Q128_write_enable	24	static
../Core/Src/W25Q128.c:265:9:W25Q128_write_disable	24	static
../Core/Src/W25Q128.c:159:9:W25Q128_write_statusreg1	32	static
../Core/Src/W25Q128.c:195:9:W25Q128_write_statusreg2	24	static
../Core/Src/W25Q128.c:231:9:W25Q128_write_statusreg3	24	static
../Core/Src/W25Q128.c:279:9:W25Q128_write_volatile_enable	24	static
../Core/Src/W25Q128.c:294:9:W25Q128_read_data	24	static
../Core/Src/W25Q128.c:311:9:W25Q128_write_data	32	static
../Core/Src/W25Q128.c:336:9:W25Q128_erase_sector	24	static
../Core/Src/W25Q128.c:359:9:W25Q128_write_flown_flag	32	static
../Core/Src/W25Q128.c:385:9:W25Q128_read_flown_flag	24	static
../Core/Src/W25Q128.c:402:9:W25Q128_chip_erase	24	static
../Core/Src/W25Q128.c:436:9:W25Q128_global_block_lock	24	static
../Core/Src/W25Q128.c:459:9:W25Q128_global_block_unlock	24	static
../Core/Src/W25Q128.c:482:9:W25Q128_individual_block_lock	24	static
../Core/Src/W25Q128.c:505:9:W25Q128_individual_block_unlock	24	static
