../Core/Src/W25Q128.c:23:16:receive.isra	8	static
../Core/Src/W25Q128.c:12:16:transmit.isra	8	static
../Core/Src/W25Q128.c:34:9:W25Q128_init	8	static
../Core/Src/W25Q128.c:44:9:W25Q128_read_id	32	static
../Core/Src/W25Q128.c:63:9:W25Q128_read_manufacturer_dev_id	24	static
../Core/Src/W25Q128.c:87:9:W25Q128_read_JEDEC_id	24	static
../Core/Src/W25Q128.c:109:9:W25Q128_power_up	24	static
../Core/Src/W25Q128.c:126:9:W25Q128_power_down	24	static
../Core/Src/W25Q128.c:141:9:W25Q128_read_statusreg1	24	static
../Core/Src/W25Q128.c:177:9:W25Q128_read_statusreg2	24	static
../Core/Src/W25Q128.c:213:9:W25Q128_read_statusreg3	24	static
../Core/Src/W25Q128.c:249:9:W25Q128_write_enable	24	static
../Core/Src/W25Q128.c:264:9:W25Q128_write_disable	24	static
../Core/Src/W25Q128.c:158:9:W25Q128_write_statusreg1	32	static
../Core/Src/W25Q128.c:194:9:W25Q128_write_statusreg2	24	static
../Core/Src/W25Q128.c:230:9:W25Q128_write_statusreg3	24	static
../Core/Src/W25Q128.c:278:9:W25Q128_write_volatile_enable	24	static
../Core/Src/W25Q128.c:293:9:W25Q128_read_data	24	static
../Core/Src/W25Q128.c:310:9:W25Q128_write_data	32	static
../Core/Src/W25Q128.c:335:9:W25Q128_erase_sector	24	static
../Core/Src/W25Q128.c:358:9:W25Q128_chip_erase	24	static
../Core/Src/W25Q128.c:392:9:W25Q128_global_block_lock	24	static
../Core/Src/W25Q128.c:415:9:W25Q128_global_block_unlock	24	static
../Core/Src/W25Q128.c:438:9:W25Q128_individual_block_lock	24	static
../Core/Src/W25Q128.c:461:9:W25Q128_individual_block_unlock	24	static
