../Core/Src/z_flash_W25QXXX.c:35:6:Flash_Select	8	static
../Core/Src/z_flash_W25QXXX.c:47:6:Flash_UnSelect	0	static
../Core/Src/z_flash_W25QXXX.c:57:6:Flash_Receive	0	static
../Core/Src/z_flash_W25QXXX.c:61:6:Flash_Receive_float	0	static
../Core/Src/z_flash_W25QXXX.c:73:6:Flash_Polling_Transmit	0	static
../Core/Src/z_flash_W25QXXX.c:88:6:Flash_Transmit	0	static
../Core/Src/z_flash_W25QXXX.c:100:6:Flash_Transmit_float	0	static
../Core/Src/z_flash_W25QXXX.c:121:6:Flash_WaitForWritingComplete	16	static
../Core/Src/z_flash_W25QXXX.c:146:6:Flash_Read	32	static
../Core/Src/z_flash_W25QXXX.c:168:6:Flash_Read_float	32	static
../Core/Src/z_flash_W25QXXX.c:207:6:Flash_SimpleWriteAPage	24	static
../Core/Src/z_flash_W25QXXX.c:219:6:Flash_SimpleWriteAPage_float	0	static
../Core/Src/z_flash_W25QXXX.c:244:6:Flash_Write	40	static
../Core/Src/z_flash_W25QXXX.c:284:6:Flash_Write_float	40	static
../Core/Src/z_flash_W25QXXX.c:334:6:Flash_SErase4k	16	static
../Core/Src/z_flash_W25QXXX.c:362:6:Flash_BErase32k	16	static
../Core/Src/z_flash_W25QXXX.c:391:6:Flash_BErase64k	16	static
../Core/Src/z_flash_W25QXXX.c:417:6:Flash_ChipErase	16	static
../Core/Src/z_flash_W25QXXX.c:440:6:Flash_PowerDown	16	static
../Core/Src/z_flash_W25QXXX.c:458:6:Flash_PowerUp	16	static
../Core/Src/z_flash_W25QXXX.c:475:9:Flash_ReadDevID	16	static
../Core/Src/z_flash_W25QXXX.c:494:10:Flash_ReadManufactutrerAndDevID	16	static
../Core/Src/z_flash_W25QXXX.c:525:10:Flash_ReadJedecID	16	static
../Core/Src/z_flash_W25QXXX.c:545:6:Flash_ReadSFDP	16	static
../Core/Src/z_flash_W25QXXX.c:567:9:Flash_TestAvailability	264	static
../Core/Src/z_flash_W25QXXX.c:608:6:Flash_Reset	16	static
../Core/Src/z_flash_W25QXXX.c:592:9:Flash_Init	8	static
../Core/Src/z_flash_W25QXXX.c:627:6:DataReader_WaitForReceiveDone	0	static
../Core/Src/z_flash_W25QXXX.c:632:6:DataReader_ReadData	0	static
../Core/Src/z_flash_W25QXXX.c:637:6:DataReader_StartDMAReadData	0	static
