../Core/Src/z_flash_W25QXXX.c:35:6:Flash_Select	0	static
../Core/Src/z_flash_W25QXXX.c:47:6:Flash_UnSelect	0	static
../Core/Src/z_flash_W25QXXX.c:57:6:Flash_Receive	0	static
../Core/Src/z_flash_W25QXXX.c:71:6:Flash_Polling_Transmit	0	static
../Core/Src/z_flash_W25QXXX.c:86:6:Flash_Transmit	0	static
../Core/Src/z_flash_W25QXXX.c:98:6:Flash_Transmit_float	16	dynamic
../Core/Src/z_flash_W25QXXX.c:126:6:Flash_WaitForWritingComplete	16	static
../Core/Src/z_flash_W25QXXX.c:142:6:Flash_WaitForWEL	16	static
../Core/Src/z_flash_W25QXXX.c:164:6:Flash_Read	32	static
../Core/Src/z_flash_W25QXXX.c:186:6:Flash_Read_float	0	static
../Core/Src/z_flash_W25QXXX.c:225:6:Flash_SimpleWriteAPage	24	static
../Core/Src/z_flash_W25QXXX.c:237:6:Flash_SimpleWriteAPage_float	24	static
../Core/Src/z_flash_W25QXXX.c:262:6:Flash_Write	40	static
../Core/Src/z_flash_W25QXXX.c:304:6:Flash_Write_float	40	static
../Core/Src/z_flash_W25QXXX.c:356:6:Flash_SErase4k	16	static
../Core/Src/z_flash_W25QXXX.c:384:6:Flash_BErase32k	16	static
../Core/Src/z_flash_W25QXXX.c:413:6:Flash_BErase64k	16	static
../Core/Src/z_flash_W25QXXX.c:439:6:Flash_ChipErase	16	static
../Core/Src/z_flash_W25QXXX.c:462:6:Flash_PowerDown	16	static
../Core/Src/z_flash_W25QXXX.c:480:6:Flash_PowerUp	16	static
../Core/Src/z_flash_W25QXXX.c:497:9:Flash_ReadDevID	16	static
../Core/Src/z_flash_W25QXXX.c:516:10:Flash_ReadManufactutrerAndDevID	16	static
../Core/Src/z_flash_W25QXXX.c:547:10:Flash_ReadJedecID	16	static
../Core/Src/z_flash_W25QXXX.c:567:6:Flash_ReadSFDP	16	static
../Core/Src/z_flash_W25QXXX.c:589:9:Flash_TestAvailability	264	static
../Core/Src/z_flash_W25QXXX.c:630:6:Flash_Reset	16	static
../Core/Src/z_flash_W25QXXX.c:614:9:Flash_Init	8	static
../Core/Src/z_flash_W25QXXX.c:649:6:DataReader_WaitForReceiveDone	0	static
../Core/Src/z_flash_W25QXXX.c:654:6:DataReader_ReadData	0	static
../Core/Src/z_flash_W25QXXX.c:659:6:DataReader_StartDMAReadData	0	static
