../Core/Src/z_flash_W25QXXX.c:35:6:Flash_Select	8	static
../Core/Src/z_flash_W25QXXX.c:47:6:Flash_UnSelect	0	static
../Core/Src/z_flash_W25QXXX.c:57:6:Flash_Receive	0	static
../Core/Src/z_flash_W25QXXX.c:71:6:Flash_Polling_Transmit	0	static
../Core/Src/z_flash_W25QXXX.c:86:6:Flash_Transmit	0	static
../Core/Src/z_flash_W25QXXX.c:98:6:Flash_Transmit_float	16	dynamic
../Core/Src/z_flash_W25QXXX.c:126:6:Flash_WaitForWritingComplete	16	static
../Core/Src/z_flash_W25QXXX.c:151:6:Flash_Read	32	static
../Core/Src/z_flash_W25QXXX.c:173:6:Flash_Read_float	0	static
../Core/Src/z_flash_W25QXXX.c:212:6:Flash_SimpleWriteAPage	24	static
../Core/Src/z_flash_W25QXXX.c:224:6:Flash_SimpleWriteAPage_float	24	static
../Core/Src/z_flash_W25QXXX.c:249:6:Flash_Write	40	static
../Core/Src/z_flash_W25QXXX.c:289:6:Flash_Write_float	40	static
../Core/Src/z_flash_W25QXXX.c:339:6:Flash_SErase4k	16	static
../Core/Src/z_flash_W25QXXX.c:367:6:Flash_BErase32k	16	static
../Core/Src/z_flash_W25QXXX.c:396:6:Flash_BErase64k	16	static
../Core/Src/z_flash_W25QXXX.c:422:6:Flash_ChipErase	16	static
../Core/Src/z_flash_W25QXXX.c:445:6:Flash_PowerDown	16	static
../Core/Src/z_flash_W25QXXX.c:463:6:Flash_PowerUp	16	static
../Core/Src/z_flash_W25QXXX.c:480:9:Flash_ReadDevID	16	static
../Core/Src/z_flash_W25QXXX.c:499:10:Flash_ReadManufactutrerAndDevID	16	static
../Core/Src/z_flash_W25QXXX.c:530:10:Flash_ReadJedecID	16	static
../Core/Src/z_flash_W25QXXX.c:550:6:Flash_ReadSFDP	16	static
../Core/Src/z_flash_W25QXXX.c:572:9:Flash_TestAvailability	264	static
../Core/Src/z_flash_W25QXXX.c:613:6:Flash_Reset	16	static
../Core/Src/z_flash_W25QXXX.c:597:9:Flash_Init	8	static
../Core/Src/z_flash_W25QXXX.c:632:6:DataReader_WaitForReceiveDone	0	static
../Core/Src/z_flash_W25QXXX.c:637:6:DataReader_ReadData	0	static
../Core/Src/z_flash_W25QXXX.c:642:6:DataReader_StartDMAReadData	0	static
