../Core/Src/z_flash_W25QXXX.c:35:6:Flash_Select	8	static
../Core/Src/z_flash_W25QXXX.c:47:6:Flash_UnSelect	0	static
../Core/Src/z_flash_W25QXXX.c:57:6:Flash_Receive	0	static
../Core/Src/z_flash_W25QXXX.c:61:6:Flash_Receive_float	0	static
../Core/Src/z_flash_W25QXXX.c:73:6:Flash_Polling_Transmit	0	static
../Core/Src/z_flash_W25QXXX.c:88:6:Flash_Transmit	0	static
../Core/Src/z_flash_W25QXXX.c:100:6:Flash_Transmit_float	16	dynamic
../Core/Src/z_flash_W25QXXX.c:128:6:Flash_WaitForWritingComplete	16	static
../Core/Src/z_flash_W25QXXX.c:153:6:Flash_Read	32	static
../Core/Src/z_flash_W25QXXX.c:175:6:Flash_Read_float	32	static
../Core/Src/z_flash_W25QXXX.c:214:6:Flash_SimpleWriteAPage	24	static
../Core/Src/z_flash_W25QXXX.c:226:6:Flash_SimpleWriteAPage_float	24	static
../Core/Src/z_flash_W25QXXX.c:251:6:Flash_Write	40	static
../Core/Src/z_flash_W25QXXX.c:291:6:Flash_Write_float	40	static
../Core/Src/z_flash_W25QXXX.c:341:6:Flash_SErase4k	16	static
../Core/Src/z_flash_W25QXXX.c:369:6:Flash_BErase32k	16	static
../Core/Src/z_flash_W25QXXX.c:398:6:Flash_BErase64k	16	static
../Core/Src/z_flash_W25QXXX.c:424:6:Flash_ChipErase	16	static
../Core/Src/z_flash_W25QXXX.c:447:6:Flash_PowerDown	16	static
../Core/Src/z_flash_W25QXXX.c:465:6:Flash_PowerUp	16	static
../Core/Src/z_flash_W25QXXX.c:482:9:Flash_ReadDevID	16	static
../Core/Src/z_flash_W25QXXX.c:501:10:Flash_ReadManufactutrerAndDevID	16	static
../Core/Src/z_flash_W25QXXX.c:532:10:Flash_ReadJedecID	16	static
../Core/Src/z_flash_W25QXXX.c:552:6:Flash_ReadSFDP	16	static
../Core/Src/z_flash_W25QXXX.c:574:9:Flash_TestAvailability	264	static
../Core/Src/z_flash_W25QXXX.c:615:6:Flash_Reset	16	static
../Core/Src/z_flash_W25QXXX.c:599:9:Flash_Init	8	static
../Core/Src/z_flash_W25QXXX.c:634:6:DataReader_WaitForReceiveDone	0	static
../Core/Src/z_flash_W25QXXX.c:639:6:DataReader_ReadData	0	static
../Core/Src/z_flash_W25QXXX.c:644:6:DataReader_StartDMAReadData	0	static
