Archive member included to satisfy reference by file (symbol)

C:/ST/STM32CubeIDE_1.15.0/STM32CubeIDE/plugins/com.st.stm32cube.ide.mcu.externaltools.gnu-tools-for-stm32.12.3.rel1.win32_1.0.200.202406191623/tools/bin/../lib/gcc/arm-none-eabi/12.3.1/../../../../arm-none-eabi/lib/thumb/v7e-m+fp/hard\libc_nano.a(libc_a-calloc.o)
                              ./Core/Src/rt_logging.o (calloc)
C:/ST/STM32CubeIDE_1.15.0/STM32CubeIDE/plugins/com.st.stm32cube.ide.mcu.externaltools.gnu-tools-for-stm32.12.3.rel1.win32_1.0.200.202406191623/tools/bin/../lib/gcc/arm-none-eabi/12.3.1/../../../../arm-none-eabi/lib/thumb/v7e-m+fp/hard\libc_nano.a(libc_a-callocr.o)
                              C:/ST/STM32CubeIDE_1.15.0/STM32CubeIDE/plugins/com.st.stm32cube.ide.mcu.externaltools.gnu-tools-for-stm32.12.3.rel1.win32_1.0.200.202406191623/tools/bin/../lib/gcc/arm-none-eabi/12.3.1/../../../../arm-none-eabi/lib/thumb/v7e-m+fp/hard\libc_nano.a(libc_a-calloc.o) (_calloc_r)
C:/ST/STM32CubeIDE_1.15.0/STM32CubeIDE/plugins/com.st.stm32cube.ide.mcu.externaltools.gnu-tools-for-stm32.12.3.rel1.win32_1.0.200.202406191623/tools/bin/../lib/gcc/arm-none-eabi/12.3.1/../../../../arm-none-eabi/lib/thumb/v7e-m+fp/hard\libc_nano.a(libc_a-exit.o)
                              C:/ST/STM32CubeIDE_1.15.0/STM32CubeIDE/plugins/com.st.stm32cube.ide.mcu.externaltools.gnu-tools-for-stm32.12.3.rel1.win32_1.0.200.202406191623/tools/bin/../lib/gcc/arm-none-eabi/12.3.1/../../../../arm-none-eabi/lib/thumb/v7e-m+fp/hard/crt0.o (exit)
C:/ST/STM32CubeIDE_1.15.0/STM32CubeIDE/plugins/com.st.stm32cube.ide.mcu.externaltools.gnu-tools-for-stm32.12.3.rel1.win32_1.0.200.202406191623/tools/bin/../lib/gcc/arm-none-eabi/12.3.1/../../../../arm-none-eabi/lib/thumb/v7e-m+fp/hard\libc_nano.a(libc_a-malloc.o)
                              ./Core/Src/rt_logging.o (malloc)
C:/ST/STM32CubeIDE_1.15.0/STM32CubeIDE/plugins/com.st.stm32cube.ide.mcu.externaltools.gnu-tools-for-stm32.12.3.rel1.win32_1.0.200.202406191623/tools/bin/../lib/gcc/arm-none-eabi/12.3.1/../../../../arm-none-eabi/lib/thumb/v7e-m+fp/hard\libc_nano.a(libc_a-mallocr.o)
                              C:/ST/STM32CubeIDE_1.15.0/STM32CubeIDE/plugins/com.st.stm32cube.ide.mcu.externaltools.gnu-tools-for-stm32.12.3.rel1.win32_1.0.200.202406191623/tools/bin/../lib/gcc/arm-none-eabi/12.3.1/../../../../arm-none-eabi/lib/thumb/v7e-m+fp/hard\libc_nano.a(libc_a-callocr.o) (_malloc_r)
C:/ST/STM32CubeIDE_1.15.0/STM32CubeIDE/plugins/com.st.stm32cube.ide.mcu.externaltools.gnu-tools-for-stm32.12.3.rel1.win32_1.0.200.202406191623/tools/bin/../lib/gcc/arm-none-eabi/12.3.1/../../../../arm-none-eabi/lib/thumb/v7e-m+fp/hard\libc_nano.a(libc_a-mlock.o)
                              C:/ST/STM32CubeIDE_1.15.0/STM32CubeIDE/plugins/com.st.stm32cube.ide.mcu.externaltools.gnu-tools-for-stm32.12.3.rel1.win32_1.0.200.202406191623/tools/bin/../lib/gcc/arm-none-eabi/12.3.1/../../../../arm-none-eabi/lib/thumb/v7e-m+fp/hard\libc_nano.a(libc_a-mallocr.o) (__malloc_lock)
C:/ST/STM32CubeIDE_1.15.0/STM32CubeIDE/plugins/com.st.stm32cube.ide.mcu.externaltools.gnu-tools-for-stm32.12.3.rel1.win32_1.0.200.202406191623/tools/bin/../lib/gcc/arm-none-eabi/12.3.1/../../../../arm-none-eabi/lib/thumb/v7e-m+fp/hard\libc_nano.a(libc_a-realloc.o)
                              ./Core/Src/rt_logging.o (realloc)
C:/ST/STM32CubeIDE_1.15.0/STM32CubeIDE/plugins/com.st.stm32cube.ide.mcu.externaltools.gnu-tools-for-stm32.12.3.rel1.win32_1.0.200.202406191623/tools/bin/../lib/gcc/arm-none-eabi/12.3.1/../../../../arm-none-eabi/lib/thumb/v7e-m+fp/hard\libc_nano.a(libc_a-reallocr.o)
                              C:/ST/STM32CubeIDE_1.15.0/STM32CubeIDE/plugins/com.st.stm32cube.ide.mcu.externaltools.gnu-tools-for-stm32.12.3.rel1.win32_1.0.200.202406191623/tools/bin/../lib/gcc/arm-none-eabi/12.3.1/../../../../arm-none-eabi/lib/thumb/v7e-m+fp/hard\libc_nano.a(libc_a-realloc.o) (_realloc_r)
C:/ST/STM32CubeIDE_1.15.0/STM32CubeIDE/plugins/com.st.stm32cube.ide.mcu.externaltools.gnu-tools-for-stm32.12.3.rel1.win32_1.0.200.202406191623/tools/bin/../lib/gcc/arm-none-eabi/12.3.1/../../../../arm-none-eabi/lib/thumb/v7e-m+fp/hard\libc_nano.a(libc_a-fclose.o)
                              ./Core/Src/rt_logging.o (fclose)
C:/ST/STM32CubeIDE_1.15.0/STM32CubeIDE/plugins/com.st.stm32cube.ide.mcu.externaltools.gnu-tools-for-stm32.12.3.rel1.win32_1.0.200.202406191623/tools/bin/../lib/gcc/arm-none-eabi/12.3.1/../../../../arm-none-eabi/lib/thumb/v7e-m+fp/hard\libc_nano.a(libc_a-fflush.o)
                              C:/ST/STM32CubeIDE_1.15.0/STM32CubeIDE/plugins/com.st.stm32cube.ide.mcu.externaltools.gnu-tools-for-stm32.12.3.rel1.win32_1.0.200.202406191623/tools/bin/../lib/gcc/arm-none-eabi/12.3.1/../../../../arm-none-eabi/lib/thumb/v7e-m+fp/hard\libc_nano.a(libc_a-fclose.o) (__sflush_r)
[...]
Memory Configuration

Name             Origin             Length             Attributes
RAM              0x20000000         0x00020000         xrw
FLASH            0x08000000         0x00080000         xr
*default*        0x00000000         0xffffffff

Linker script and memory map

LOAD C:/ST/STM32CubeIDE_1.15.0/STM32CubeIDE/plugins/com.st.stm32cube.ide.mcu.externaltools.gnu-tools-for-stm32.12.3.rel1.win32_1.0.200.202406191623/tools/bin/../lib/gcc/arm-none-eabi/12.3.1/thumb/v7e-m+fp/hard/crti.o
LOAD C:/ST/STM32CubeIDE_1.15.0/STM32CubeIDE/plugins/com.st.stm32cube.ide.mcu.externaltools.gnu-tools-for-stm32.12.3.rel1.win32_1.0.200.202406191623/tools/bin/../lib/gcc/arm-none-eabi/12.3.1/thumb/v7e-m+fp/hard/crtbegin.o
LOAD C:/ST/STM32CubeIDE_1.15.0/STM32CubeIDE/plugins/com.st.stm32cube.ide.mcu.externaltools.gnu-tools-for-stm32.12.3.rel1.win32_1.0.200.202406191623/tools/bin/../lib/gcc/arm-none-eabi/12.3.1/../../../../arm-none-eabi/lib/thumb/v7e-m+fp/hard/crt0.o
LOAD ./Core/Src/W25Q128.o
LOAD ./Core/Src/bmp3.o
LOAD ./Core/Src/buzzer.o
LOAD ./Core/Src/codegen_model.o
LOAD ./Core/Src/codegen_model_data.o
LOAD ./Core/Src/e220.o
LOAD ./Core/Src/flight_control.o
LOAD ./Core/Src/freertos.o
LOAD ./Core/Src/lsm6dso32_reg.o
LOAD ./Core/Src/main.o
LOAD ./Core/Src/pitot_sensor.o
LOAD ./Core/Src/rtGetInf.o
LOAD ./Core/Src/rtGetNaN.o
LOAD ./Core/Src/rt_logging.o
LOAD ./Core/Src/rt_nonfinite.o
LOAD ./Core/Src/servo.o
LOAD ./Core/Src/stm32f4xx_hal_msp.o
LOAD ./Core/Src/stm32f4xx_hal_timebase_tim.o
LOAD ./Core/Src/stm32f4xx_it.o
LOAD ./Core/Src/syscalls.o
LOAD ./Core/Src/sysmem.o
LOAD ./Core/Src/system_stm32f4xx.o
LOAD ./Core/Src/test.o
LOAD ./Core/Src/utilities.o
LOAD ./Core/Src/z_flash_W25QXXX.o
LOAD ./Core/Startup/startup_stm32f411retx.o
LOAD ./Core/sensors_drivers/bmp390/bmp390_test/bmp3.o
LOAD ./Core/sensors_drivers/bmp390/bmp390_test/usr_bmp390_task.o
LOAD ./Core/sensors_drivers/bmp390/bmp390_test/usr_common_porting.o
LOAD ./Core/sensors_drivers/bmp390/custom_bmp390/bmp390.o
LOAD ./Drivers/STM32F4xx_HAL_Driver/Src/stm32f4xx_hal.o
LOAD ./Drivers/STM32F4xx_HAL_Driver/Src/stm32f4xx_hal_adc.o
LOAD ./Drivers/STM32F4xx_HAL_Driver/Src/stm32f4xx_hal_adc_ex.o
LOAD ./Drivers/STM32F4xx_HAL_Driver/Src/stm32f4xx_hal_cortex.o
LOAD ./Drivers/STM32F4xx_HAL_Driver/Src/stm32f4xx_hal_dma.o
LOAD ./Drivers/STM32F4xx_HAL_Driver/Src/stm32f4xx_hal_dma_ex.o
LOAD ./Drivers/STM32F4xx_HAL_Driver/Src/stm32f4xx_hal_exti.o
LOAD ./Drivers/STM32F4xx_HAL_Driver/Src/stm32f4xx_hal_flash.o
LOAD ./Drivers/STM32F4xx_HAL_Driver/Src/stm32f4xx_hal_flash_ex.o
LOAD ./Drivers/STM32F4xx_HAL_Driver/Src/stm32f4xx_hal_flash_ramfunc.o
LOAD ./Drivers/STM32F4xx_HAL_Driver/Src/stm32f4xx_hal_gpio.o
LOAD ./Drivers/STM32F4xx_HAL_Driver/Src/stm32f4xx_hal_pcd.o
LOAD ./Drivers/STM32F4xx_HAL_Driver/Src/stm32f4xx_hal_pcd_ex.o
LOAD ./Drivers/STM32F4xx_HAL_Driver/Src/stm32f4xx_hal_pwr.o
LOAD ./Drivers/STM32F4xx_HAL_Driver/Src/stm32f4xx_hal_pwr_ex.o
LOAD ./Drivers/STM32F4xx_HAL_Driver/Src/stm32f4xx_hal_rcc.o
LOAD ./Drivers/STM32F4xx_HAL_Driver/Src/stm32f4xx_hal_rcc_ex.o
LOAD ./Drivers/STM32F4xx_HAL_Driver/Src/stm32f4xx_hal_spi.o
LOAD ./Drivers/STM32F4xx_HAL_Driver/Src/stm32f4xx_hal_tim.o
LOAD ./Drivers/STM32F4xx_HAL_Driver/Src/stm32f4xx_hal_tim_ex.o
LOAD ./Drivers/STM32F4xx_HAL_Driver/Src/stm32f4xx_hal_uart.o
LOAD ./Drivers/STM32F4xx_HAL_Driver/Src/stm32f4xx_ll_adc.o
LOAD ./Drivers/STM32F4xx_HAL_Driver/Src/stm32f4xx_ll_usb.o
LOAD ./Middlewares/ST/STM32_USB_Device_Library/Class/MSC/Src/usbd_msc.o
LOAD ./Middlewares/ST/STM32_USB_Device_Library/Class/MSC/Src/usbd_msc_bot.o
LOAD ./Middlewares/ST/STM32_USB_Device_Library/Class/MSC/Src/usbd_msc_data.o
LOAD ./Middlewares/ST/STM32_USB_Device_Library/Class/MSC/Src/usbd_msc_scsi.o
LOAD ./Middlewares/ST/STM32_USB_Device_Library/Core/Src/usbd_core.o
LOAD ./Middlewares/ST/STM32_USB_Device_Library/Core/Src/usbd_ctlreq.o
LOAD ./Middlewares/ST/STM32_USB_Device_Library/Core/Src/usbd_ioreq.o
LOAD ./Middlewares/Third_Party/FreeRTOS/Source/CMSIS_RTOS_V2/cmsis_os2.o
LOAD ./Middlewares/Third_Party/FreeRTOS/Source/croutine.o
LOAD ./Middlewares/Third_Party/FreeRTOS/Source/event_groups.o
LOAD ./Middlewares/Third_Party/FreeRTOS/Source/list.o
LOAD ./Middlewares/Third_Party/FreeRTOS/Source/queue.o
LOAD ./Middlewares/Third_Party/FreeRTOS/Source/stream_buffer.o
LOAD ./Middlewares/Third_Party/FreeRTOS/Source/tasks.o
LOAD ./Middlewares/Third_Party/FreeRTOS/Source/timers.o
LOAD ./Middlewares/Third_Party/FreeRTOS/Source/portable/GCC/ARM_CM4F/port.o
LOAD ./Middlewares/Third_Party/FreeRTOS/Source/portable/MemMang/heap_4.o
LOAD ./USB_DEVICE/App/usb_device.o
LOAD ./USB_DEVICE/App/usbd_desc.o
LOAD ./USB_DEVICE/App/usbd_storage_if.o
LOAD ./USB_DEVICE/Target/usbd_conf.o
START GROUP
LOAD C:/ST/STM32CubeIDE_1.15.0/STM32CubeIDE/plugins/com.st.stm32cube.ide.mcu.externaltools.gnu-tools-for-stm32.12.3.rel1.win32_1.0.200.202406191623/tools/bin/../lib/gcc/arm-none-eabi/12.3.1/../../../../arm-none-eabi/lib/thumb/v7e-m+fp/hard\libc_nano.a
LOAD C:/ST/STM32CubeIDE_1.15.0/STM32CubeIDE/plugins/com.st.stm32cube.ide.mcu.externaltools.gnu-tools-for-stm32.12.3.rel1.win32_1.0.200.202406191623/tools/bin/../lib/gcc/arm-none-eabi/12.3.1/../../../../arm-none-eabi/lib/thumb/v7e-m+fp/hard\libm.a
END GROUP
START GROUP
LOAD C:/ST/STM32CubeIDE_1.15.0/STM32CubeIDE/plugins/com.st.stm32cube.ide.mcu.externaltools.gnu-tools-for-stm32.12.3.rel1.win32_1.0.200.202406191623/tools/bin/../lib/gcc/arm-none-eabi/12.3.1/thumb/v7e-m+fp/hard\libgcc.a
LOAD C:/ST/STM32CubeIDE_1.15.0/STM32CubeIDE/plugins/com.st.stm32cube.ide.mcu.externaltools.gnu-tools-for-stm32.12.3.rel1.win32_1.0.200.202406191623/tools/bin/../lib/gcc/arm-none-eabi/12.3.1/../../../../arm-none-eabi/lib/thumb/v7e-m+fp/hard\libc_nano.a
END GROUP
START GROUP
LOAD C:/ST/STM32CubeIDE_1.15.0/STM32CubeIDE/plugins/com.st.stm32cube.ide.mcu.externaltools.gnu-tools-for-stm32.12.3.rel1.win32_1.0.200.202406191623/tools/bin/../lib/gcc/arm-none-eabi/12.3.1/thumb/v7e-m+fp/hard\libgcc.a
LOAD C:/ST/STM32CubeIDE_1.15.0/STM32CubeIDE/plugins/com.st.stm32cube.ide.mcu.externaltools.gnu-tools-for-stm32.12.3.rel1.win32_1.0.200.202406191623/tools/bin/../lib/gcc/arm-none-eabi/12.3.1/../../../../arm-none-eabi/lib/thumb/v7e-m+fp/hard\libc_nano.a
LOAD C:/ST/STM32CubeIDE_1.15.0/STM32CubeIDE/plugins/com.st.stm32cube.ide.mcu.externaltools.gnu-tools-for-stm32.12.3.rel1.win32_1.0.200.202406191623/tools/bin/../lib/gcc/arm-none-eabi/12.3.1/../../../../arm-none-eabi/lib/thumb/v7e-m+fp/hard\libnosys.a
END GROUP
START GROUP
LOAD C:/ST/STM32CubeIDE_1.15.0/STM32CubeIDE/plugins/com.st.stm32cube.ide.mcu.externaltools.gnu-tools-for-stm32.12.3.rel1.win32_1.0.200.202406191623/tools/bin/../lib/gcc/arm-none-eabi/12.3.1/thumb/v7e-m+fp/hard\libgcc.a
LOAD C:/ST/STM32CubeIDE_1.15.0/STM32CubeIDE/plugins/com.st.stm32cube.ide.mcu.externaltools.gnu-tools-for-stm32.12.3.rel1.win32_1.0.200.202406191623/tools/bin/../lib/gcc/arm-none-eabi/12.3.1/../../../../arm-none-eabi/lib/thumb/v7e-m+fp/hard\libc_nano.a
LOAD C:/ST/STM32CubeIDE_1.15.0/STM32CubeIDE/plugins/com.st.stm32cube.ide.mcu.externaltools.gnu-tools-for-stm32.12.3.rel1.win32_1.0.200.202406191623/tools/bin/../lib/gcc/arm-none-eabi/12.3.1/../../../../arm-none-eabi/lib/thumb/v7e-m+fp/hard\libnosys.a
END GROUP
LOAD C:/ST/STM32CubeIDE_1.15.0/STM32CubeIDE/plugins/com.st.stm32cube.ide.mcu.externaltools.gnu-tools-for-stm32.12.3.rel1.win32_1.0.200.202406191623/tools/bin/../lib/gcc/arm-none-eabi/12.3.1/thumb/v7e-m+fp/hard/crtend.o
LOAD C:/ST/STM32CubeIDE_1.15.0/STM32CubeIDE/plugins/com.st.stm32cube.ide.mcu.externaltools.gnu-tools-for-stm32.12.3.rel1.win32_1.0.200.202406191623/tools/bin/../lib/gcc/arm-none-eabi/12.3.1/thumb/v7e-m+fp/hard/crtn.o
                0x20020000                        _estack = (ORIGIN (RAM) + LENGTH (RAM))
                0x00004000                        _Min_Heap_Size = 0x4000
                0x00001000                        _Min_Stack_Size = 0x1000

.isr_vector     0x08000000      0x198
                0x08000000                        . = ALIGN (0x4)
 *(.isr_vector)
 .isr_vector    0x08000000      0x198 ./Core/Startup/startup_stm32f411retx.o
                0x08000000                g_pfnVectors
                0x08000198                        . = ALIGN (0x4)

.text           0x080001a0     0xf4d8
                0x080001a0                        . = ALIGN (0x4)
 *(.text)
 .text          0x080001a0       0x40 C:/ST/STM32CubeIDE_1.15.0/STM32CubeIDE/plugins/com.st.stm32cube.ide.mcu.externaltools.gnu-tools-for-stm32.12.3.rel1.win32_1.0.200.202406191623/tools/bin/../lib/gcc/arm-none-eabi/12.3.1/thumb/v7e-m+fp/hard/crtbegin.o
 .text          0x080001e0       0x14 C:/ST/STM32CubeIDE_1.15.0/STM32CubeIDE/plugins/com.st.stm32cube.ide.mcu.externaltools.gnu-tools-for-stm32.12.3.rel1.win32_1.0.200.202406191623/tools/bin/../lib/gcc/arm-none-eabi/12.3.1/../../../../arm-none-eabi/lib/thumb/v7e-m+fp/hard\libc_nano.a(libc_a-strcmp.o)
                0x080001e0                strcmp
 .text          0x080001f4       0x10 C:/ST/STM32CubeIDE_1.15.0/STM32CubeIDE/plugins/com.st.stm32cube.ide.mcu.externaltools.gnu-tools-for-stm32.12.3.rel1.win32_1.0.200.202406191623/tools/bin/../lib/gcc/arm-none-eabi/12.3.1/../../../../arm-none-eabi/lib/thumb/v7e-m+fp/hard\libc_nano.a(libc_a-strlen.o)
                0x080001f4                strlen
 *fill*         0x08000204        0xc 
 .text          0x08000210       0xa0 C:/ST/STM32CubeIDE_1.15.0/STM32CubeIDE/plugins/com.st.stm32cube.ide.mcu.externaltools.gnu-tools-for-stm32.12.3.rel1.win32_1.0.200.202406191623/tools/bin/../lib/gcc/arm-none-eabi/12.3.1/../../../../arm-none-eabi/lib/thumb/v7e-m+fp/hard\libc_nano.a(libc_a-memchr.o)
                0x08000210                memchr
 .text          0x080002b0      0x378 C:/ST/STM32CubeIDE_1.15.0/STM32CubeIDE/plugins/com.st.stm32cube.ide.mcu.externaltools.gnu-tools-for-stm32.12.3.rel1.win32_1.0.200.202406191623/tools/bin/../lib/gcc/arm-none-eabi/12.3.1/thumb/v7e-m+fp/hard\libgcc.a(_arm_addsubdf3.o)
                0x080002b0                __aeabi_drsub
                0x080002b8                __aeabi_dsub
                0x080002b8                __subdf3
                0x080002bc                __aeabi_dadd
                0x080002bc                __adddf3
                0x08000534                __floatunsidf
                0x08000534                __aeabi_ui2d
                0x08000554                __floatsidf
                0x08000554                __aeabi_i2d
                0x08000578                __aeabi_f2d
                0x08000578                __extendsfdf2
                0x080005bc                __floatundidf
                0x080005bc                __aeabi_ul2d
                0x080005cc                __floatdidf
                0x080005cc                __aeabi_l2d
 .text          0x08000628      0x424 C:/ST/STM32CubeIDE_1.15.0/STM32CubeIDE/plugins/com.st.stm32cube.ide.mcu.externaltools.gnu-tools-for-stm32.12.3.rel1.win32_1.0.200.202406191623/tools/bin/../lib/gcc/arm-none-eabi/12.3.1/thumb/v7e-m+fp/hard\libgcc.a(_arm_muldivdf3.o)
                0x08000628                __aeabi_dmul
                0x08000628                __muldf3
                0x0800087c                __divdf3
                0x0800087c                __aeabi_ddiv
 .text          0x08000a4c      0x110 C:/ST/STM32CubeIDE_1.15.0/STM32CubeIDE/plugins/com.st.stm32cube.ide.mcu.externaltools.gnu-tools-for-stm32.12.3.rel1.win32_1.0.200.202406191623/tools/bin/../lib/gcc/arm-none-eabi/12.3.1/thumb/v7e-m+fp/hard\libgcc.a(_arm_cmpdf2.o)
                0x08000a4c                __gtdf2
                0x08000a4c                __gedf2
                0x08000a54                __ltdf2
                0x08000a54                __ledf2
                0x08000a5c                __nedf2
                0x08000a5c                __eqdf2
                0x08000a5c                __cmpdf2
                0x08000ad8                __aeabi_cdrcmple
                0x08000ae8                __aeabi_cdcmpeq
                0x08000ae8                __aeabi_cdcmple
                0x08000af8                __aeabi_dcmpeq
                0x08000b0c                __aeabi_dcmplt
                0x08000b20                __aeabi_dcmple
                0x08000b34                __aeabi_dcmpge
                0x08000b48                __aeabi_dcmpgt
 .text          0x08000b5c       0x2c C:/ST/STM32CubeIDE_1.15.0/STM32CubeIDE/plugins/com.st.stm32cube.ide.mcu.externaltools.gnu-tools-for-stm32.12.3.rel1.win32_1.0.200.202406191623/tools/bin/../lib/gcc/arm-none-eabi/12.3.1/thumb/v7e-m+fp/hard\libgcc.a(_arm_unorddf2.o)
                0x08000b5c                __unorddf2
                0x08000b5c                __aeabi_dcmpun
 .text          0x08000b88       0x50 C:/ST/STM32CubeIDE_1.15.0/STM32CubeIDE/plugins/com.st.stm32cube.ide.mcu.externaltools.gnu-tools-for-stm32.12.3.rel1.win32_1.0.200.202406191623/tools/bin/../lib/gcc/arm-none-eabi/12.3.1/thumb/v7e-m+fp/hard\libgcc.a(_arm_fixdfsi.o)
                0x08000b88                __aeabi_d2iz
                0x08000b88                __fixdfsi
 .text          0x08000bd8       0x40 C:/ST/STM32CubeIDE_1.15.0/STM32CubeIDE/plugins/com.st.stm32cube.ide.mcu.externaltools.gnu-tools-for-stm32.12.3.rel1.win32_1.0.200.202406191623/tools/bin/../lib/gcc/arm-none-eabi/12.3.1/thumb/v7e-m+fp/hard\libgcc.a(_arm_fixunsdfsi.o)
                0x08000bd8                __aeabi_d2uiz
                0x08000bd8                __fixunsdfsi
 .text          0x08000c18       0xa0 C:/ST/STM32CubeIDE_1.15.0/STM32CubeIDE/plugins/com.st.stm32cube.ide.mcu.externaltools.gnu-tools-for-stm32.12.3.rel1.win32_1.0.200.202406191623/tools/bin/../lib/gcc/arm-none-eabi/12.3.1/thumb/v7e-m+fp/hard\libgcc.a(_arm_truncdfsf2.o)
                0x08000c18                __truncdfsf2
                0x08000c18                __aeabi_d2f
 .text          0x08000cb8       0x30 C:/ST/STM32CubeIDE_1.15.0/STM32CubeIDE/plugins/com.st.stm32cube.ide.mcu.externaltools.gnu-tools-for-stm32.12.3.rel1.win32_1.0.200.202406191623/tools/bin/../lib/gcc/arm-none-eabi/12.3.1/thumb/v7e-m+fp/hard\libgcc.a(_aeabi_uldivmod.o)
                0x08000cb8                __aeabi_uldivmod
 .text          0x08000ce8      0x2bc C:/ST/STM32CubeIDE_1.15.0/STM32CubeIDE/plugins/com.st.stm32cube.ide.mcu.externaltools.gnu-tools-for-stm32.12.3.rel1.win32_1.0.200.202406191623/tools/bin/../lib/gcc/arm-none-eabi/12.3.1/thumb/v7e-m+fp/hard\libgcc.a(_udivmoddi4.o)
                0x08000ce8                __udivmoddi4
 .text          0x08000fa4        0x4 C:/ST/STM32CubeIDE_1.15.0/STM32CubeIDE/plugins/com.st.stm32cube.ide.mcu.externaltools.gnu-tools-for-stm32.12.3.rel1.win32_1.0.200.202406191623/tools/bin/../lib/gcc/arm-none-eabi/12.3.1/thumb/v7e-m+fp/hard\libgcc.a(_dvmd_tls.o)
                0x08000fa4                __aeabi_idiv0
                0x08000fa4                __aeabi_ldiv0
 *(.text*)
 .text.compensate_temperature
                0x08000fa8       0x88 ./Core/Src/bmp3.o
 .text.compensate_pressure
                0x08001030      0x1c0 ./Core/Src/bmp3.o
 .text.null_ptr_check
                0x080011f0       0x20 ./Core/Src/bmp3.o
 .text.validate_osr_and_odr_settings
                0x08001210       0x94 ./Core/Src/bmp3.o
 .text.bmp3_get_regs
                0x080012a4       0x82 ./Core/Src/bmp3.o
                0x080012a4                bmp3_get_regs
 .text.bmp3_set_regs
                0x08001326       0x9a ./Core/Src/bmp3.o
                0x08001326                bmp3_set_regs
 .text.write_power_mode.isra.0
                0x080013c0       0x42 ./Core/Src/bmp3.o
 *fill*         0x08001402        0x2 
 .text.bmp3_set_sensor_settings
                0x08001404      0x240 ./Core/Src/bmp3.o
                0x08001404                bmp3_set_sensor_settings
 .text.bmp3_soft_reset
                0x08001644       0x6e ./Core/Src/bmp3.o
                0x08001644                bmp3_soft_reset
 *fill*         0x080016b2        0x2 
 .text.bmp3_init
                0x080016b4      0x200 ./Core/Src/bmp3.o
                0x080016b4                bmp3_init
 .text.bmp3_get_op_mode
                0x080018b4       0x22 ./Core/Src/bmp3.o
                0x080018b4                bmp3_get_op_mode
 .text.bmp3_set_op_mode
                0x080018d6       0xf0 ./Core/Src/bmp3.o
                0x080018d6                bmp3_set_op_mode
 .text.bmp3_get_sensor_data
                0x080019c6       0xcc ./Core/Src/bmp3.o
                0x080019c6                bmp3_get_sensor_data
 *fill*         0x08001a92        0x2 
 .text.buzzerInit
                0x08001a94       0x1c ./Core/Src/buzzer.o
                0x08001a94                buzzerInit
 .text.beepBuzzer
                0x08001ab0      0x1dc ./Core/Src/buzzer.o
                0x08001ab0                beepBuzzer
 .text.BINARYSEARCH_real_T
                0x08001c8c       0x72 ./Core/Src/codegen_model.o
                0x08001c8c                BINARYSEARCH_real_T
 .text.LookUp_real_T_real_T
                0x08001cfe       0xa4 ./Core/Src/codegen_model.o
                0x08001cfe                LookUp_real_T_real_T
 .text.look1_binlxpw
                0x08001da2      0x120 ./Core/Src/codegen_model.o
                0x08001da2                look1_binlxpw
 *fill*         0x08001ec2        0x6 
 .text.codegen_model_step
                0x08001ec8      0x5c0 ./Core/Src/codegen_model.o
                0x08001ec8                codegen_model_step
 .text.codegen_model_initialize
                0x08002488      0x124 ./Core/Src/codegen_model.o
                0x08002488                codegen_model_initialize
 .text.trigger_event
                0x080025ac       0x44 ./Core/Src/flight_control.o
                0x080025ac                trigger_event
 .text.change_state_to
                0x080025f0       0x34 ./Core/Src/flight_control.o
                0x080025f0                change_state_to
 .text.check_Ready_phase
                0x08002624       0x64 ./Core/Src/flight_control.o
                0x08002624                check_Ready_phase
 .text.check_Burning_phase
                0x08002688       0x50 ./Core/Src/flight_control.o
                0x08002688                check_Burning_phase
 .text.check_AbcsDeployed_phase
                0x080026d8       0x58 ./Core/Src/flight_control.o
                0x080026d8                check_AbcsDeployed_phase
 .text.check_Drogue_phase
                0x08002730       0x38 ./Core/Src/flight_control.o
                0x08002730                check_Drogue_phase
 .text.check_Main_phase
                0x08002768       0x36 ./Core/Src/flight_control.o
                0x08002768                check_Main_phase
 .text.check_flight_phase
                0x0800279e       0xe2 ./Core/Src/flight_control.o
                0x0800279e                check_flight_phase
 .text.lsm6dso32_read_reg
                0x08002880        0xe ./Core/Src/lsm6dso32_reg.o
                0x08002880                lsm6dso32_read_reg
 .text.lsm6dso32_write_reg
                0x0800288e        0xe ./Core/Src/lsm6dso32_reg.o
                0x0800288e                lsm6dso32_write_reg
 .text.lsm6dso32_from_fs16_to_mg
                0x0800289c       0x18 ./Core/Src/lsm6dso32_reg.o
                0x0800289c                lsm6dso32_from_fs16_to_mg
 .text.lsm6dso32_from_fs2000_to_mdps
                0x080028b4       0x18 ./Core/Src/lsm6dso32_reg.o
                0x080028b4                lsm6dso32_from_fs2000_to_mdps
 .text.lsm6dso32_from_lsb_to_celsius
                0x080028cc       0x1c ./Core/Src/lsm6dso32_reg.o
                0x080028cc                lsm6dso32_from_lsb_to_celsius
 .text.lsm6dso32_xl_full_scale_set
                0x080028e8       0x2e ./Core/Src/lsm6dso32_reg.o
                0x080028e8                lsm6dso32_xl_full_scale_set
 .text.lsm6dso32_xl_data_rate_set
                0x08002916       0xc0 ./Core/Src/lsm6dso32_reg.o
                0x08002916                lsm6dso32_xl_data_rate_set
 .text.lsm6dso32_gy_full_scale_set
                0x080029d6       0x2e ./Core/Src/lsm6dso32_reg.o
                0x080029d6                lsm6dso32_gy_full_scale_set
 .text.lsm6dso32_gy_data_rate_set
                0x08002a04       0x80 ./Core/Src/lsm6dso32_reg.o
                0x08002a04                lsm6dso32_gy_data_rate_set
 .text.lsm6dso32_block_data_update_set
                0x08002a84       0x2e ./Core/Src/lsm6dso32_reg.o
                0x08002a84                lsm6dso32_block_data_update_set
 .text.lsm6dso32_xl_offset_weight_set
                0x08002ab2       0x2e ./Core/Src/lsm6dso32_reg.o
                0x08002ab2                lsm6dso32_xl_offset_weight_set
 .text.lsm6dso32_status_reg_get
                0x08002ae0        0xe ./Core/Src/lsm6dso32_reg.o
                0x08002ae0                lsm6dso32_status_reg_get
 .text.lsm6dso32_xl_usr_offset_x_set
                0x08002aee        0xe ./Core/Src/lsm6dso32_reg.o
                0x08002aee                lsm6dso32_xl_usr_offset_x_set
 .text.lsm6dso32_xl_usr_offset_y_set
                0x08002afc        0xe ./Core/Src/lsm6dso32_reg.o
                0x08002afc                lsm6dso32_xl_usr_offset_y_set
 .text.lsm6dso32_xl_usr_offset_z_set
                0x08002b0a        0xe ./Core/Src/lsm6dso32_reg.o
                0x08002b0a                lsm6dso32_xl_usr_offset_z_set
 .text.lsm6dso32_xl_usr_offset_set
                0x08002b18       0x2e ./Core/Src/lsm6dso32_reg.o
                0x08002b18                lsm6dso32_xl_usr_offset_set
 .text.lsm6dso32_temperature_raw_get
                0x08002b46       0x20 ./Core/Src/lsm6dso32_reg.o
                0x08002b46                lsm6dso32_temperature_raw_get
 .text.lsm6dso32_angular_rate_raw_get
                0x08002b66       0x3c ./Core/Src/lsm6dso32_reg.o
                0x08002b66                lsm6dso32_angular_rate_raw_get
 .text.lsm6dso32_acceleration_raw_get
                0x08002ba2       0x3c ./Core/Src/lsm6dso32_reg.o
                0x08002ba2                lsm6dso32_acceleration_raw_get
 .text.lsm6dso32_device_id_get
                0x08002bde        0xe ./Core/Src/lsm6dso32_reg.o
                0x08002bde                lsm6dso32_device_id_get
 .text.lsm6dso32_reset_set
                0x08002bec       0x2e ./Core/Src/lsm6dso32_reg.o
                0x08002bec                lsm6dso32_reset_set
 .text.lsm6dso32_reset_get
                0x08002c1a       0x1c ./Core/Src/lsm6dso32_reg.o
                0x08002c1a                lsm6dso32_reset_get
 .text.lsm6dso32_i3c_disable_set
                0x08002c36       0x58 ./Core/Src/lsm6dso32_reg.o
                0x08002c36                lsm6dso32_i3c_disable_set
 .text.Startup  0x08002c8e        0xe ./Core/Src/main.o
                0x08002c8e                Startup
 .text.SystemHealthCheck
                0x08002c9c       0x22 ./Core/Src/main.o
                0x08002c9c                SystemHealthCheck
 *fill*         0x08002cbe        0x2 
 .text.FlashWrite
                0x08002cc0       0xb4 ./Core/Src/main.o
                0x08002cc0                FlashWrite
 .text.FlightFSM
                0x08002d74       0xb4 ./Core/Src/main.o
                0x08002d74                FlightFSM
 .text.ModelStepCheck
                0x08002e28       0x88 ./Core/Src/main.o
                0x08002e28                ModelStepCheck
 .text.get_flag_air
                0x08002eb0        0x8 ./Core/Src/main.o
                0x08002eb0                get_flag_air
 .text.readAltitude
                0x08002eb8       0x54 ./Core/Src/main.o
                0x08002eb8                readAltitude
 .text.SensorsRead
                0x08002f0c      0x294 ./Core/Src/main.o
                0x08002f0c                SensorsRead
 .text.SystemClock_Config
                0x080031a0       0xa0 ./Core/Src/main.o
                0x080031a0                SystemClock_Config
 .text.startup.main
                0x08003240      0x524 ./Core/Src/main.o
                0x08003240                main
 .text.HAL_TIM_PeriodElapsedCallback
                0x08003764       0x14 ./Core/Src/main.o
                0x08003764                HAL_TIM_PeriodElapsedCallback
 .text.Error_Handler
                0x08003778        0x4 ./Core/Src/main.o
                0x08003778                Error_Handler
 *fill*         0x0800377c        0x4 
 .text.rtGetInf
                0x08003780       0x10 ./Core/Src/rtGetInf.o
                0x08003780                rtGetInf
 .text.rtGetInfF
                0x08003790        0xc ./Core/Src/rtGetInf.o
                0x08003790                rtGetInfF
 *fill*         0x0800379c        0x4 
 .text.rtGetMinusInf
                0x080037a0       0x10 ./Core/Src/rtGetInf.o
                0x080037a0                rtGetMinusInf
 .text.rtGetMinusInfF
                0x080037b0        0xc ./Core/Src/rtGetInf.o
                0x080037b0                rtGetMinusInfF
 *fill*         0x080037bc        0x4 
 .text.rtGetNaN
                0x080037c0       0x10 ./Core/Src/rtGetNaN.o
                0x080037c0                rtGetNaN
 .text.rtGetNaNF
                0x080037d0        0xc ./Core/Src/rtGetNaN.o
                0x080037d0                rtGetNaNF
 .text.rt_DestroyLogVar
                0x080037dc       0x6c ./Core/Src/rt_logging.o
 .text.rt_DestroyStructLogVar
                0x08003848       0x74 ./Core/Src/rt_logging.o
 .text.rt_GetDblValueFromOverSizedData
                0x080038bc      0x102 ./Core/Src/rt_logging.o
 *fill*         0x080039be        0x2 
 .text.rt_ReallocLogVar.constprop.0
                0x080039c0      0x240 ./Core/Src/rt_logging.o
 .text.rt_LoadModifiedLogVarName.isra.0
                0x08003c00       0x70 ./Core/Src/rt_logging.o
 .text.rt_GetMxIdFromDTypeId
                0x08003c70       0x16 ./Core/Src/rt_logging.o
                0x08003c70                rt_GetMxIdFromDTypeId
 *fill*         0x08003c86        0x2 
 .text.rt_UpdateLogVarWithDiscontiguousData
                0x08003c88      0x18c ./Core/Src/rt_logging.o
                0x08003c88                rt_UpdateLogVarWithDiscontiguousData
 *fill*         0x08003e14        0x4 
 .text.rt_CreateLogVarWithConvert
                0x08003e18      0x634 ./Core/Src/rt_logging.o
                0x08003e18                rt_CreateLogVarWithConvert
 .text.local_CreateStructLogVar
                0x0800444c      0x9e8 ./Core/Src/rt_logging.o
 .text.rt_StartDataLoggingWithStartTime
                0x08004e34      0x500 ./Core/Src/rt_logging.o
                0x08004e34                rt_StartDataLoggingWithStartTime
 *fill*         0x08005334        0x4 
 .text.rt_UpdateLogVar
                0x08005338      0x7d4 ./Core/Src/rt_logging.o
                0x08005338                rt_UpdateLogVar
 .text.rt_getTempMemory
                0x08005b0c       0x28 ./Core/Src/rt_logging.o
                0x08005b0c                rt_getTempMemory
 .text.rt_preProcessAndLogDataWithIndex
                0x08005b34       0x50 ./Core/Src/rt_logging.o
                0x08005b34                rt_preProcessAndLogDataWithIndex
 .text.rt_UpdateTXXFYLogVars
                0x08005b84      0x20a ./Core/Src/rt_logging.o
                0x08005b84                rt_UpdateTXXFYLogVars
 .text.rt_UpdateTXYLogVars
                0x08005d8e        0x6 ./Core/Src/rt_logging.o
                0x08005d8e                rt_UpdateTXYLogVars
 .text.rt_InitInfAndNaN
                0x08005d94       0x58 ./Core/Src/rt_nonfinite.o
                0x08005d94                rt_InitInfAndNaN
 .text.servo_init
                0x08005dec      0x104 ./Core/Src/servo.o
                0x08005dec                servo_init
 .text.servo_moveto_deg
                0x08005ef0       0x3c ./Core/Src/servo.o
                0x08005ef0                servo_moveto_deg
 .text.servo_rawmove
                0x08005f2c       0x12 ./Core/Src/servo.o
                0x08005f2c                servo_rawmove
 *fill*         0x08005f3e        0x2 
 .text.HAL_MspInit
                0x08005f40       0x40 ./Core/Src/stm32f4xx_hal_msp.o
                0x08005f40                HAL_MspInit
 .text.HAL_ADC_MspInit
                0x08005f80       0x64 ./Core/Src/stm32f4xx_hal_msp.o
                0x08005f80                HAL_ADC_MspInit
 .text.HAL_SPI_MspInit
                0x08005fe4      0x114 ./Core/Src/stm32f4xx_hal_msp.o
                0x08005fe4                HAL_SPI_MspInit
 .text.HAL_TIM_Base_MspInit
                0x080060f8       0x30 ./Core/Src/stm32f4xx_hal_msp.o
                0x080060f8                HAL_TIM_Base_MspInit
 .text.HAL_TIM_PWM_MspInit
                0x08006128       0x30 ./Core/Src/stm32f4xx_hal_msp.o
                0x08006128                HAL_TIM_PWM_MspInit
 .text.HAL_TIM_MspPostInit
                0x08006158       0x7c ./Core/Src/stm32f4xx_hal_msp.o
                0x08006158                HAL_TIM_MspPostInit
 .text.HAL_UART_MspInit
                0x080061d4       0x70 ./Core/Src/stm32f4xx_hal_msp.o
                0x080061d4                HAL_UART_MspInit
 .text.HAL_InitTick
                0x08006244       0x90 ./Core/Src/stm32f4xx_hal_timebase_tim.o
                0x08006244                HAL_InitTick
 .text.NMI_Handler
                0x080062d4        0x2 ./Core/Src/stm32f4xx_it.o
                0x080062d4                NMI_Handler
 .text.HardFault_Handler
                0x080062d6        0x2 ./Core/Src/stm32f4xx_it.o
                0x080062d6                HardFault_Handler
 .text.MemManage_Handler
                0x080062d8        0x2 ./Core/Src/stm32f4xx_it.o
                0x080062d8                MemManage_Handler
 .text.BusFault_Handler
                0x080062da        0x2 ./Core/Src/stm32f4xx_it.o
                0x080062da                BusFault_Handler
 .text.UsageFault_Handler
                0x080062dc        0x2 ./Core/Src/stm32f4xx_it.o
                0x080062dc                UsageFault_Handler
 .text.DebugMon_Handler
                0x080062de        0x2 ./Core/Src/stm32f4xx_it.o
                0x080062de                DebugMon_Handler
 .text.TIM1_UP_TIM10_IRQHandler
                0x080062e0        0xc ./Core/Src/stm32f4xx_it.o
                0x080062e0                TIM1_UP_TIM10_IRQHandler
 .text.OTG_FS_IRQHandler
                0x080062ec        0xc ./Core/Src/stm32f4xx_it.o
                0x080062ec                OTG_FS_IRQHandler
 .text._exit    0x080062f8        0xc ./Core/Src/syscalls.o
                0x080062f8                _exit
 .text._read    0x08006304       0x1c ./Core/Src/syscalls.o
                0x08006304                _read
 .text._write   0x08006320       0x1c ./Core/Src/syscalls.o
                0x08006320                _write
 .text._close   0x0800633c        0x6 ./Core/Src/syscalls.o
                0x0800633c                _close
 .text._fstat   0x08006342        0xa ./Core/Src/syscalls.o
                0x08006342                _fstat
 .text._isatty  0x0800634c        0x4 ./Core/Src/syscalls.o
                0x0800634c                _isatty
 .text._lseek   0x08006350        0x4 ./Core/Src/syscalls.o
                0x08006350                _lseek
 .text._sbrk    0x08006354       0x40 ./Core/Src/sysmem.o
                0x08006354                _sbrk
 .text.SystemInit
                0x08006394       0x14 ./Core/Src/system_stm32f4xx.o
                0x08006394                SystemInit
 .text.bmp390_delay_us
                0x080063a8        0x2 ./Core/Src/utilities.o
 *fill*         0x080063aa        0x2 
 .text.imu1_write
                0x080063ac       0x54 ./Core/Src/utilities.o
                0x080063ac                imu1_write
 .text.bmp390_1_write
                0x08006400       0x54 ./Core/Src/utilities.o
                0x08006400                bmp390_1_write
 .text.imu2_write
                0x08006454       0x54 ./Core/Src/utilities.o
                0x08006454                imu2_write
 .text.bmp390_2_write
                0x080064a8       0x54 ./Core/Src/utilities.o
                0x080064a8                bmp390_2_write
 .text.imu1_read
                0x080064fc       0x58 ./Core/Src/utilities.o
                0x080064fc                imu1_read
 .text.bmp390_1_read
                0x08006554       0x54 ./Core/Src/utilities.o
                0x08006554                bmp390_1_read
 .text.imu2_read
                0x080065a8       0x58 ./Core/Src/utilities.o
                0x080065a8                imu2_read
 .text.bmp390_2_read
                0x08006600       0x54 ./Core/Src/utilities.o
                0x08006600                bmp390_2_read
 .text.init_imu1
                0x08006654       0xc0 ./Core/Src/utilities.o
                0x08006654                init_imu1
 .text.init_bmp390_1
                0x08006714       0x9c ./Core/Src/utilities.o
                0x08006714                init_bmp390_1
 .text.init_imu2
                0x080067b0       0xc0 ./Core/Src/utilities.o
                0x080067b0                init_imu2
 .text.init_bmp390_2
                0x08006870       0x9c ./Core/Src/utilities.o
                0x08006870                init_bmp390_2
 .text.calibrateIMU
                0x0800690c      0x21c ./Core/Src/utilities.o
                0x0800690c                calibrateIMU
 .text.Flash_Select
                0x08006b28       0x10 ./Core/Src/z_flash_W25QXXX.o
                0x08006b28                Flash_Select
 .text.Flash_UnSelect
                0x08006b38       0x10 ./Core/Src/z_flash_W25QXXX.o
                0x08006b38                Flash_UnSelect
 .text.Flash_Receive
                0x08006b48       0x14 ./Core/Src/z_flash_W25QXXX.o
                0x08006b48                Flash_Receive
 .text.Flash_Polling_Transmit
                0x08006b5c       0x14 ./Core/Src/z_flash_W25QXXX.o
                0x08006b5c                Flash_Polling_Transmit
 .text.Flash_WaitForWritingComplete
                0x08006b70       0x2e ./Core/Src/z_flash_W25QXXX.o
                0x08006b70                Flash_WaitForWritingComplete
 .text.Flash_WaitForWEL
                0x08006b9e       0x2e ./Core/Src/z_flash_W25QXXX.o
                0x08006b9e                Flash_WaitForWEL
 .text.Flash_SimpleWriteAPage
                0x08006bcc       0x36 ./Core/Src/z_flash_W25QXXX.o
                0x08006bcc                Flash_SimpleWriteAPage
 .text.Flash_Write_float
                0x08006c02       0x8e ./Core/Src/z_flash_W25QXXX.o
                0x08006c02                Flash_Write_float
 .text.Flash_ChipErase
                0x08006c90       0x38 ./Core/Src/z_flash_W25QXXX.o
                0x08006c90                Flash_ChipErase
 .text.Flash_ReadJedecID
                0x08006cc8       0x3a ./Core/Src/z_flash_W25QXXX.o
                0x08006cc8                Flash_ReadJedecID
 .text.Flash_ReadSFDP
                0x08006d02       0x2c ./Core/Src/z_flash_W25QXXX.o
                0x08006d02                Flash_ReadSFDP
 .text.Flash_TestAvailability
                0x08006d2e       0x46 ./Core/Src/z_flash_W25QXXX.o
                0x08006d2e                Flash_TestAvailability
 .text.Flash_Reset
                0x08006d74       0x3e ./Core/Src/z_flash_W25QXXX.o
                0x08006d74                Flash_Reset
 .text.Flash_Init
                0x08006db2       0x24 ./Core/Src/z_flash_W25QXXX.o
                0x08006db2                Flash_Init
 *fill*         0x08006dd6        0x2 
 .text.Reset_Handler
                0x08006dd8       0x50 ./Core/Startup/startup_stm32f411retx.o
                0x08006dd8                Reset_Handler
 .text.Default_Handler
                0x08006e28        0x2 ./Core/Startup/startup_stm32f411retx.o
                0x08006e28                RTC_Alarm_IRQHandler
                0x08006e28                EXTI2_IRQHandler
                0x08006e28                SPI4_IRQHandler
                0x08006e28                TIM1_CC_IRQHandler
                0x08006e28                DMA2_Stream5_IRQHandler
                0x08006e28                DMA1_Stream5_IRQHandler
                0x08006e28                PVD_IRQHandler
                0x08006e28                SDIO_IRQHandler
                0x08006e28                TAMP_STAMP_IRQHandler
                0x08006e28                EXTI3_IRQHandler
                0x08006e28                I2C3_ER_IRQHandler
                0x08006e28                EXTI0_IRQHandler
                0x08006e28                I2C2_EV_IRQHandler
                0x08006e28                DMA1_Stream2_IRQHandler
                0x08006e28                FPU_IRQHandler
                0x08006e28                DMA2_Stream2_IRQHandler
                0x08006e28                SPI1_IRQHandler
                0x08006e28                TIM1_BRK_TIM9_IRQHandler
                0x08006e28                DMA2_Stream3_IRQHandler
                0x08006e28                USART6_IRQHandler
                0x08006e28                DMA2_Stream0_IRQHandler
                0x08006e28                TIM4_IRQHandler
                0x08006e28                I2C1_EV_IRQHandler
                0x08006e28                DMA1_Stream6_IRQHandler
                0x08006e28                DMA1_Stream1_IRQHandler
                0x08006e28                TIM3_IRQHandler
                0x08006e28                RCC_IRQHandler
                0x08006e28                Default_Handler
                0x08006e28                EXTI15_10_IRQHandler
                0x08006e28                ADC_IRQHandler
                0x08006e28                DMA1_Stream7_IRQHandler
                0x08006e28                SPI5_IRQHandler
                0x08006e28                TIM5_IRQHandler
                0x08006e28                DMA2_Stream7_IRQHandler
                0x08006e28                I2C3_EV_IRQHandler
                0x08006e28                EXTI9_5_IRQHandler
                0x08006e28                RTC_WKUP_IRQHandler
                0x08006e28                SPI2_IRQHandler
                0x08006e28                DMA1_Stream0_IRQHandler
                0x08006e28                EXTI4_IRQHandler
                0x08006e28                WWDG_IRQHandler
                0x08006e28                TIM2_IRQHandler
                0x08006e28                OTG_FS_WKUP_IRQHandler
                0x08006e28                TIM1_TRG_COM_TIM11_IRQHandler
                0x08006e28                EXTI1_IRQHandler
                0x08006e28                USART2_IRQHandler
                0x08006e28                I2C2_ER_IRQHandler
                0x08006e28                DMA2_Stream1_IRQHandler
                0x08006e28                FLASH_IRQHandler
                0x08006e28                DMA2_Stream4_IRQHandler
                0x08006e28                USART1_IRQHandler
                0x08006e28                SPI3_IRQHandler
                0x08006e28                DMA1_Stream4_IRQHandler
                0x08006e28                I2C1_ER_IRQHandler
                0x08006e28                DMA2_Stream6_IRQHandler
                0x08006e28                DMA1_Stream3_IRQHandler
 *fill*         0x08006e2a        0x2 
 .text.HAL_Init
                0x08006e2c       0x34 ./Drivers/STM32F4xx_HAL_Driver/Src/stm32f4xx_hal.o
                0x08006e2c                HAL_Init
 .text.HAL_IncTick
                0x08006e60       0x18 ./Drivers/STM32F4xx_HAL_Driver/Src/stm32f4xx_hal.o
                0x08006e60                HAL_IncTick
 .text.HAL_GetTick
                0x08006e78        0xc ./Drivers/STM32F4xx_HAL_Driver/Src/stm32f4xx_hal.o
                0x08006e78                HAL_GetTick
 .text.HAL_Delay
                0x08006e84       0x28 ./Drivers/STM32F4xx_HAL_Driver/Src/stm32f4xx_hal.o
                0x08006e84                HAL_Delay
 .text.HAL_ADC_Init
                0x08006eac      0x14c ./Drivers/STM32F4xx_HAL_Driver/Src/stm32f4xx_hal_adc.o
                0x08006eac                HAL_ADC_Init
 .text.HAL_ADC_ConfigChannel
                0x08006ff8      0x138 ./Drivers/STM32F4xx_HAL_Driver/Src/stm32f4xx_hal_adc.o
                0x08006ff8                HAL_ADC_ConfigChannel
 .text.HAL_NVIC_SetPriorityGrouping
                0x08007130       0x24 ./Drivers/STM32F4xx_HAL_Driver/Src/stm32f4xx_hal_cortex.o
                0x08007130                HAL_NVIC_SetPriorityGrouping
 .text.HAL_NVIC_SetPriority
                0x08007154       0x64 ./Drivers/STM32F4xx_HAL_Driver/Src/stm32f4xx_hal_cortex.o
                0x08007154                HAL_NVIC_SetPriority
 .text.HAL_NVIC_EnableIRQ
                0x080071b8       0x1c ./Drivers/STM32F4xx_HAL_Driver/Src/stm32f4xx_hal_cortex.o
                0x080071b8                HAL_NVIC_EnableIRQ
 .text.HAL_GPIO_Init
                0x080071d4      0x18c ./Drivers/STM32F4xx_HAL_Driver/Src/stm32f4xx_hal_gpio.o
                0x080071d4                HAL_GPIO_Init
 .text.HAL_GPIO_WritePin
                0x08007360        0xa ./Drivers/STM32F4xx_HAL_Driver/Src/stm32f4xx_hal_gpio.o
                0x08007360                HAL_GPIO_WritePin
 .text.HAL_PCD_Init
                0x0800736a       0xde ./Drivers/STM32F4xx_HAL_Driver/Src/stm32f4xx_hal_pcd.o
                0x0800736a                HAL_PCD_Init
 .text.HAL_PCD_Start
                0x08007448       0x3e ./Drivers/STM32F4xx_HAL_Driver/Src/stm32f4xx_hal_pcd.o
                0x08007448                HAL_PCD_Start
 .text.HAL_PCD_SetAddress
                0x08007486       0x26 ./Drivers/STM32F4xx_HAL_Driver/Src/stm32f4xx_hal_pcd.o
                0x08007486                HAL_PCD_SetAddress
 .text.HAL_PCD_EP_Open
                0x080074ac       0x72 ./Drivers/STM32F4xx_HAL_Driver/Src/stm32f4xx_hal_pcd.o
                0x080074ac                HAL_PCD_EP_Open
 .text.HAL_PCD_EP_Close
                0x0800751e       0x5c ./Drivers/STM32F4xx_HAL_Driver/Src/stm32f4xx_hal_pcd.o
                0x0800751e                HAL_PCD_EP_Close
 .text.HAL_PCD_EP_Receive
                0x0800757a       0x3c ./Drivers/STM32F4xx_HAL_Driver/Src/stm32f4xx_hal_pcd.o
                0x0800757a                HAL_PCD_EP_Receive
 .text.HAL_PCD_EP_GetRxCount
                0x080075b6       0x10 ./Drivers/STM32F4xx_HAL_Driver/Src/stm32f4xx_hal_pcd.o
                0x080075b6                HAL_PCD_EP_GetRxCount
 .text.HAL_PCD_EP_Transmit
                0x080075c6       0x36 ./Drivers/STM32F4xx_HAL_Driver/Src/stm32f4xx_hal_pcd.o
                0x080075c6                HAL_PCD_EP_Transmit
 .text.HAL_PCD_EP_SetStall
                0x080075fc       0x6e ./Drivers/STM32F4xx_HAL_Driver/Src/stm32f4xx_hal_pcd.o
                0x080075fc                HAL_PCD_EP_SetStall
 .text.HAL_PCD_EP_ClrStall
                0x0800766a       0x6a ./Drivers/STM32F4xx_HAL_Driver/Src/stm32f4xx_hal_pcd.o
                0x0800766a                HAL_PCD_EP_ClrStall
 .text.HAL_PCD_EP_Abort
                0x080076d4       0x20 ./Drivers/STM32F4xx_HAL_Driver/Src/stm32f4xx_hal_pcd.o
                0x080076d4                HAL_PCD_EP_Abort
 .text.HAL_PCD_IRQHandler
                0x080076f4      0x694 ./Drivers/STM32F4xx_HAL_Driver/Src/stm32f4xx_hal_pcd.o
                0x080076f4                HAL_PCD_IRQHandler
 .text.HAL_PCD_EP_Flush
                0x08007d88       0x32 ./Drivers/STM32F4xx_HAL_Driver/Src/stm32f4xx_hal_pcd.o
                0x08007d88                HAL_PCD_EP_Flush
 .text.HAL_PCDEx_SetTxFiFo
                0x08007dba       0x3e ./Drivers/STM32F4xx_HAL_Driver/Src/stm32f4xx_hal_pcd_ex.o
                0x08007dba                HAL_PCDEx_SetTxFiFo
 .text.HAL_PCDEx_SetRxFiFo
                0x08007df8        0x8 ./Drivers/STM32F4xx_HAL_Driver/Src/stm32f4xx_hal_pcd_ex.o
                0x08007df8                HAL_PCDEx_SetRxFiFo
 .text.HAL_PCDEx_LPM_Callback
                0x08007e00        0x2 ./Drivers/STM32F4xx_HAL_Driver/Src/stm32f4xx_hal_pcd_ex.o
                0x08007e00                HAL_PCDEx_LPM_Callback
 *fill*         0x08007e02        0x2 
 .text.HAL_RCC_OscConfig
                0x08007e04      0x35c ./Drivers/STM32F4xx_HAL_Driver/Src/stm32f4xx_hal_rcc.o
                0x08007e04                HAL_RCC_OscConfig
 .text.HAL_RCC_GetSysClockFreq
                0x08008160       0x4c ./Drivers/STM32F4xx_HAL_Driver/Src/stm32f4xx_hal_rcc.o
                0x08008160                HAL_RCC_GetSysClockFreq
 .text.HAL_RCC_ClockConfig
                0x080081ac      0x134 ./Drivers/STM32F4xx_HAL_Driver/Src/stm32f4xx_hal_rcc.o
                0x080081ac                HAL_RCC_ClockConfig
 .text.HAL_RCC_GetHCLKFreq
                0x080082e0        0xc ./Drivers/STM32F4xx_HAL_Driver/Src/stm32f4xx_hal_rcc.o
                0x080082e0                HAL_RCC_GetHCLKFreq
 .text.HAL_RCC_GetPCLK1Freq
                0x080082ec       0x20 ./Drivers/STM32F4xx_HAL_Driver/Src/stm32f4xx_hal_rcc.o
                0x080082ec                HAL_RCC_GetPCLK1Freq
 .text.HAL_RCC_GetPCLK2Freq
                0x0800830c       0x20 ./Drivers/STM32F4xx_HAL_Driver/Src/stm32f4xx_hal_rcc.o
                0x0800830c                HAL_RCC_GetPCLK2Freq
 .text.HAL_RCC_GetClockConfig
                0x0800832c       0x3c ./Drivers/STM32F4xx_HAL_Driver/Src/stm32f4xx_hal_rcc.o
                0x0800832c                HAL_RCC_GetClockConfig
 .text.SPI_WaitFlagStateUntilTimeout
                0x08008368       0xb8 ./Drivers/STM32F4xx_HAL_Driver/Src/stm32f4xx_hal_spi.o
 .text.SPI_EndRxTxTransaction
                0x08008420       0x78 ./Drivers/STM32F4xx_HAL_Driver/Src/stm32f4xx_hal_spi.o
 .text.SPI_EndRxTransaction
                0x08008498       0x5c ./Drivers/STM32F4xx_HAL_Driver/Src/stm32f4xx_hal_spi.o
 .text.HAL_SPI_Init
                0x080084f4       0xb8 ./Drivers/STM32F4xx_HAL_Driver/Src/stm32f4xx_hal_spi.o
                0x080084f4                HAL_SPI_Init
 .text.HAL_SPI_Transmit
                0x080085ac      0x160 ./Drivers/STM32F4xx_HAL_Driver/Src/stm32f4xx_hal_spi.o
                0x080085ac                HAL_SPI_Transmit
 .text.HAL_SPI_TransmitReceive
                0x0800870c      0x1f8 ./Drivers/STM32F4xx_HAL_Driver/Src/stm32f4xx_hal_spi.o
                0x0800870c                HAL_SPI_TransmitReceive
 .text.HAL_SPI_Receive
                0x08008904      0x148 ./Drivers/STM32F4xx_HAL_Driver/Src/stm32f4xx_hal_spi.o
                0x08008904                HAL_SPI_Receive
 .text.TIM_OC1_SetConfig
                0x08008a4c       0x50 ./Drivers/STM32F4xx_HAL_Driver/Src/stm32f4xx_hal_tim.o
 .text.TIM_OC3_SetConfig
                0x08008a9c       0x54 ./Drivers/STM32F4xx_HAL_Driver/Src/stm32f4xx_hal_tim.o
 .text.TIM_OC4_SetConfig
                0x08008af0       0x44 ./Drivers/STM32F4xx_HAL_Driver/Src/stm32f4xx_hal_tim.o
 .text.HAL_TIM_Base_Start_IT
                0x08008b34       0x64 ./Drivers/STM32F4xx_HAL_Driver/Src/stm32f4xx_hal_tim.o
                0x08008b34                HAL_TIM_Base_Start_IT
 .text.HAL_TIM_OC_DelayElapsedCallback
                0x08008b98        0x2 ./Drivers/STM32F4xx_HAL_Driver/Src/stm32f4xx_hal_tim.o
                0x08008b98                HAL_TIM_OC_DelayElapsedCallback
 .text.HAL_TIM_IC_CaptureCallback
                0x08008b9a        0x2 ./Drivers/STM32F4xx_HAL_Driver/Src/stm32f4xx_hal_tim.o
                0x08008b9a                HAL_TIM_IC_CaptureCallback
 .text.HAL_TIM_PWM_PulseFinishedCallback
                0x08008b9c        0x2 ./Drivers/STM32F4xx_HAL_Driver/Src/stm32f4xx_hal_tim.o
                0x08008b9c                HAL_TIM_PWM_PulseFinishedCallback
 .text.HAL_TIM_TriggerCallback
                0x08008b9e        0x2 ./Drivers/STM32F4xx_HAL_Driver/Src/stm32f4xx_hal_tim.o
                0x08008b9e                HAL_TIM_TriggerCallback
 .text.HAL_TIM_IRQHandler
                0x08008ba0      0x128 ./Drivers/STM32F4xx_HAL_Driver/Src/stm32f4xx_hal_tim.o
                0x08008ba0                HAL_TIM_IRQHandler
 .text.TIM_Base_SetConfig
                0x08008cc8       0xa8 ./Drivers/STM32F4xx_HAL_Driver/Src/stm32f4xx_hal_tim.o
                0x08008cc8                TIM_Base_SetConfig
 .text.HAL_TIM_Base_Init
                0x08008d70       0x58 ./Drivers/STM32F4xx_HAL_Driver/Src/stm32f4xx_hal_tim.o
                0x08008d70                HAL_TIM_Base_Init
 .text.HAL_TIM_PWM_Init
                0x08008dc8       0x58 ./Drivers/STM32F4xx_HAL_Driver/Src/stm32f4xx_hal_tim.o
                0x08008dc8                HAL_TIM_PWM_Init
 .text.TIM_OC2_SetConfig
                0x08008e20       0x58 ./Drivers/STM32F4xx_HAL_Driver/Src/stm32f4xx_hal_tim.o
                0x08008e20                TIM_OC2_SetConfig
 .text.HAL_TIM_PWM_ConfigChannel
                0x08008e78       0xb0 ./Drivers/STM32F4xx_HAL_Driver/Src/stm32f4xx_hal_tim.o
                0x08008e78                HAL_TIM_PWM_ConfigChannel
 .text.TIM_ETR_SetConfig
                0x08008f28       0x14 ./Drivers/STM32F4xx_HAL_Driver/Src/stm32f4xx_hal_tim.o
                0x08008f28                TIM_ETR_SetConfig
 .text.HAL_TIM_ConfigClockSource
                0x08008f3c      0x132 ./Drivers/STM32F4xx_HAL_Driver/Src/stm32f4xx_hal_tim.o
                0x08008f3c                HAL_TIM_ConfigClockSource
 .text.TIM_CCxChannelCmd
                0x0800906e       0x1c ./Drivers/STM32F4xx_HAL_Driver/Src/stm32f4xx_hal_tim.o
                0x0800906e                TIM_CCxChannelCmd
 *fill*         0x0800908a        0x2 
 .text.HAL_TIM_OC_Start
                0x0800908c       0xac ./Drivers/STM32F4xx_HAL_Driver/Src/stm32f4xx_hal_tim.o
                0x0800908c                HAL_TIM_OC_Start
 .text.HAL_TIM_PWM_Start
                0x08009138        0x4 ./Drivers/STM32F4xx_HAL_Driver/Src/stm32f4xx_hal_tim.o
                0x08009138                HAL_TIM_PWM_Start
 .text.HAL_TIM_OC_Stop
                0x0800913c       0x74 ./Drivers/STM32F4xx_HAL_Driver/Src/stm32f4xx_hal_tim.o
                0x0800913c                HAL_TIM_OC_Stop
 .text.HAL_TIM_PWM_Stop
                0x080091b0        0x4 ./Drivers/STM32F4xx_HAL_Driver/Src/stm32f4xx_hal_tim.o
                0x080091b0                HAL_TIM_PWM_Stop
 .text.HAL_TIMEx_MasterConfigSynchronization
                0x080091b4       0x6c ./Drivers/STM32F4xx_HAL_Driver/Src/stm32f4xx_hal_tim_ex.o
                0x080091b4                HAL_TIMEx_MasterConfigSynchronization
 .text.HAL_TIMEx_CommutCallback
                0x08009220        0x2 ./Drivers/STM32F4xx_HAL_Driver/Src/stm32f4xx_hal_tim_ex.o
                0x08009220                HAL_TIMEx_CommutCallback
 .text.HAL_TIMEx_BreakCallback
                0x08009222        0x2 ./Drivers/STM32F4xx_HAL_Driver/Src/stm32f4xx_hal_tim_ex.o
                0x08009222                HAL_TIMEx_BreakCallback
 .text.UART_SetConfig
                0x08009224       0xbc ./Drivers/STM32F4xx_HAL_Driver/Src/stm32f4xx_hal_uart.o
 .text.HAL_UART_Init
                0x080092e0       0x5e ./Drivers/STM32F4xx_HAL_Driver/Src/stm32f4xx_hal_uart.o
                0x080092e0                HAL_UART_Init
 .text.USB_CoreReset
                0x0800933e       0x46 ./Drivers/STM32F4xx_HAL_Driver/Src/stm32f4xx_ll_usb.o
 .text.USB_CoreInit
                0x08009384       0x88 ./Drivers/STM32F4xx_HAL_Driver/Src/stm32f4xx_ll_usb.o
                0x08009384                USB_CoreInit
 .text.USB_SetTurnaroundTime
                0x0800940c       0xe0 ./Drivers/STM32F4xx_HAL_Driver/Src/stm32f4xx_ll_usb.o
                0x0800940c                USB_SetTurnaroundTime
 .text.USB_EnableGlobalInt
                0x080094ec        0xc ./Drivers/STM32F4xx_HAL_Driver/Src/stm32f4xx_ll_usb.o
                0x080094ec                USB_EnableGlobalInt
 .text.USB_DisableGlobalInt
                0x080094f8        0xc ./Drivers/STM32F4xx_HAL_Driver/Src/stm32f4xx_ll_usb.o
                0x080094f8                USB_DisableGlobalInt
 .text.USB_SetCurrentMode
                0x08009504       0x60 ./Drivers/STM32F4xx_HAL_Driver/Src/stm32f4xx_ll_usb.o
                0x08009504                USB_SetCurrentMode
 .text.USB_FlushTxFifo
                0x08009564       0x46 ./Drivers/STM32F4xx_HAL_Driver/Src/stm32f4xx_ll_usb.o
                0x08009564                USB_FlushTxFifo
 .text.USB_FlushRxFifo
                0x080095aa       0x42 ./Drivers/STM32F4xx_HAL_Driver/Src/stm32f4xx_ll_usb.o
                0x080095aa                USB_FlushRxFifo
 .text.USB_SetDevSpeed
                0x080095ec        0xe ./Drivers/STM32F4xx_HAL_Driver/Src/stm32f4xx_ll_usb.o
                0x080095ec                USB_SetDevSpeed
 *fill*         0x080095fa        0x2 
 .text.USB_DevInit
                0x080095fc      0x174 ./Drivers/STM32F4xx_HAL_Driver/Src/stm32f4xx_ll_usb.o
                0x080095fc                USB_DevInit
 .text.USB_GetDevSpeed
                0x08009770       0x16 ./Drivers/STM32F4xx_HAL_Driver/Src/stm32f4xx_ll_usb.o
                0x08009770                USB_GetDevSpeed
 .text.USB_ActivateEndpoint
                0x08009786       0x7e ./Drivers/STM32F4xx_HAL_Driver/Src/stm32f4xx_ll_usb.o
                0x08009786                USB_ActivateEndpoint
 .text.USB_DeactivateEndpoint
                0x08009804       0xac ./Drivers/STM32F4xx_HAL_Driver/Src/stm32f4xx_ll_usb.o
                0x08009804                USB_DeactivateEndpoint
 .text.USB_EPStopXfer
                0x080098b0       0x84 ./Drivers/STM32F4xx_HAL_Driver/Src/stm32f4xx_ll_usb.o
                0x080098b0                USB_EPStopXfer
 .text.USB_WritePacket
                0x08009934       0x26 ./Drivers/STM32F4xx_HAL_Driver/Src/stm32f4xx_ll_usb.o
                0x08009934                USB_WritePacket
 *fill*         0x0800995a        0x2 
 .text.USB_EPStartXfer
                0x0800995c      0x204 ./Drivers/STM32F4xx_HAL_Driver/Src/stm32f4xx_ll_usb.o
                0x0800995c                USB_EPStartXfer
 .text.USB_ReadPacket
                0x08009b60       0x40 ./Drivers/STM32F4xx_HAL_Driver/Src/stm32f4xx_ll_usb.o
                0x08009b60                USB_ReadPacket
 .text.USB_EPSetStall
                0x08009ba0       0x56 ./Drivers/STM32F4xx_HAL_Driver/Src/stm32f4xx_ll_usb.o
                0x08009ba0                USB_EPSetStall
 .text.USB_EPClearStall
                0x08009bf6       0x52 ./Drivers/STM32F4xx_HAL_Driver/Src/stm32f4xx_ll_usb.o
                0x08009bf6                USB_EPClearStall
 .text.USB_SetDevAddress
                0x08009c48       0x20 ./Drivers/STM32F4xx_HAL_Driver/Src/stm32f4xx_ll_usb.o
                0x08009c48                USB_SetDevAddress
 .text.USB_DevConnect
                0x08009c68       0x1c ./Drivers/STM32F4xx_HAL_Driver/Src/stm32f4xx_ll_usb.o
                0x08009c68                USB_DevConnect
 .text.USB_DevDisconnect
                0x08009c84       0x1c ./Drivers/STM32F4xx_HAL_Driver/Src/stm32f4xx_ll_usb.o
                0x08009c84                USB_DevDisconnect
 .text.USB_ReadInterrupts
                0x08009ca0        0x8 ./Drivers/STM32F4xx_HAL_Driver/Src/stm32f4xx_ll_usb.o
                0x08009ca0                USB_ReadInterrupts
 .text.USB_ReadDevAllOutEpInterrupt
                0x08009ca8       0x10 ./Drivers/STM32F4xx_HAL_Driver/Src/stm32f4xx_ll_usb.o
                0x08009ca8                USB_ReadDevAllOutEpInterrupt
 .text.USB_ReadDevAllInEpInterrupt
                0x08009cb8       0x10 ./Drivers/STM32F4xx_HAL_Driver/Src/stm32f4xx_ll_usb.o
                0x08009cb8                USB_ReadDevAllInEpInterrupt
 .text.USB_ReadDevOutEPInterrupt
                0x08009cc8       0x12 ./Drivers/STM32F4xx_HAL_Driver/Src/stm32f4xx_ll_usb.o
                0x08009cc8                USB_ReadDevOutEPInterrupt
 .text.USB_ReadDevInEPInterrupt
                0x08009cda       0x22 ./Drivers/STM32F4xx_HAL_Driver/Src/stm32f4xx_ll_usb.o
                0x08009cda                USB_ReadDevInEPInterrupt
 .text.USB_GetMode
                0x08009cfc        0x8 ./Drivers/STM32F4xx_HAL_Driver/Src/stm32f4xx_ll_usb.o
                0x08009cfc                USB_GetMode
 .text.USB_ActivateSetup
                0x08009d04       0x20 ./Drivers/STM32F4xx_HAL_Driver/Src/stm32f4xx_ll_usb.o
                0x08009d04                USB_ActivateSetup
 .text.USB_EP0_OutStart
                0x08009d24       0x4c ./Drivers/STM32F4xx_HAL_Driver/Src/stm32f4xx_ll_usb.o
                0x08009d24                USB_EP0_OutStart
 .text.USBD_MSC_GetDeviceQualifierDescriptor
                0x08009d70        0xc ./Middlewares/ST/STM32_USB_Device_Library/Class/MSC/Src/usbd_msc.o
                0x08009d70                USBD_MSC_GetDeviceQualifierDescriptor
 .text.USBD_MSC_Init
                0x08009d7c       0x94 ./Middlewares/ST/STM32_USB_Device_Library/Class/MSC/Src/usbd_msc.o
                0x08009d7c                USBD_MSC_Init
 .text.USBD_MSC_Setup
                0x08009e10      0x104 ./Middlewares/ST/STM32_USB_Device_Library/Class/MSC/Src/usbd_msc.o
                0x08009e10                USBD_MSC_Setup
 .text.USBD_MSC_DataIn
                0x08009f14        0xa ./Middlewares/ST/STM32_USB_Device_Library/Class/MSC/Src/usbd_msc.o
                0x08009f14                USBD_MSC_DataIn
 .text.USBD_MSC_DataOut
                0x08009f1e        0xa ./Middlewares/ST/STM32_USB_Device_Library/Class/MSC/Src/usbd_msc.o
                0x08009f1e                USBD_MSC_DataOut
 .text.USBD_MSC_GetHSCfgDesc
                0x08009f28       0x38 ./Middlewares/ST/STM32_USB_Device_Library/Class/MSC/Src/usbd_msc.o
                0x08009f28                USBD_MSC_GetHSCfgDesc
 .text.USBD_MSC_GetFSCfgDesc
                0x08009f60       0x38 ./Middlewares/ST/STM32_USB_Device_Library/Class/MSC/Src/usbd_msc.o
                0x08009f60                USBD_MSC_GetFSCfgDesc
 .text.USBD_MSC_GetOtherSpeedCfgDesc
                0x08009f98        0x4 ./Middlewares/ST/STM32_USB_Device_Library/Class/MSC/Src/usbd_msc.o
                0x08009f98                USBD_MSC_GetOtherSpeedCfgDesc
 .text.USBD_MSC_DeInit
                0x08009f9c       0x70 ./Middlewares/ST/STM32_USB_Device_Library/Class/MSC/Src/usbd_msc.o
                0x08009f9c                USBD_MSC_DeInit
 .text.USBD_MSC_RegisterStorage
                0x0800a00c       0x16 ./Middlewares/ST/STM32_USB_Device_Library/Class/MSC/Src/usbd_msc.o
                0x0800a00c                USBD_MSC_RegisterStorage
 *fill*         0x0800a022        0x2 
 .text.MSC_BOT_Abort
                0x0800a024       0x58 ./Middlewares/ST/STM32_USB_Device_Library/Class/MSC/Src/usbd_msc_bot.o
 .text.MSC_BOT_Init
                0x0800a07c       0x58 ./Middlewares/ST/STM32_USB_Device_Library/Class/MSC/Src/usbd_msc_bot.o
                0x0800a07c                MSC_BOT_Init
 .text.MSC_BOT_Reset
                0x0800a0d4       0x44 ./Middlewares/ST/STM32_USB_Device_Library/Class/MSC/Src/usbd_msc_bot.o
                0x0800a0d4                MSC_BOT_Reset
 .text.MSC_BOT_DeInit
                0x0800a118       0x12 ./Middlewares/ST/STM32_USB_Device_Library/Class/MSC/Src/usbd_msc_bot.o
                0x0800a118                MSC_BOT_DeInit
 *fill*         0x0800a12a        0x2 
 .text.MSC_BOT_SendCSW
                0x0800a12c       0x50 ./Middlewares/ST/STM32_USB_Device_Library/Class/MSC/Src/usbd_msc_bot.o
                0x0800a12c                MSC_BOT_SendCSW
 .text.MSC_BOT_DataIn
                0x0800a17c       0x3e ./Middlewares/ST/STM32_USB_Device_Library/Class/MSC/Src/usbd_msc_bot.o
                0x0800a17c                MSC_BOT_DataIn
 *fill*         0x0800a1ba        0x2 
 .text.MSC_BOT_DataOut
                0x0800a1bc       0xf4 ./Middlewares/ST/STM32_USB_Device_Library/Class/MSC/Src/usbd_msc_bot.o
                0x0800a1bc                MSC_BOT_DataOut
 .text.MSC_BOT_CplClrFeature
                0x0800a2b0       0x48 ./Middlewares/ST/STM32_USB_Device_Library/Class/MSC/Src/usbd_msc_bot.o
                0x0800a2b0                MSC_BOT_CplClrFeature
 .text.SCSI_SenseCode.constprop.0
                0x0800a2f8       0x38 ./Middlewares/ST/STM32_USB_Device_Library/Class/MSC/Src/usbd_msc_scsi.o
 .text.SCSI_ProcessWrite
                0x0800a330       0xac ./Middlewares/ST/STM32_USB_Device_Library/Class/MSC/Src/usbd_msc_scsi.o
 .text.SCSI_ProcessRead
                0x0800a3dc       0xa0 ./Middlewares/ST/STM32_USB_Device_Library/Class/MSC/Src/usbd_msc_scsi.o
 .text.SCSI_UpdateBotData.isra.0
                0x0800a47c       0x16 ./Middlewares/ST/STM32_USB_Device_Library/Class/MSC/Src/usbd_msc_scsi.o
 .text.SCSI_CheckAddressRange.isra.0
                0x0800a492       0x2a ./Middlewares/ST/STM32_USB_Device_Library/Class/MSC/Src/usbd_msc_scsi.o
 .text.SCSI_ProcessCmd
                0x0800a4bc      0x4e8 ./Middlewares/ST/STM32_USB_Device_Library/Class/MSC/Src/usbd_msc_scsi.o
                0x0800a4bc                SCSI_ProcessCmd
 .text.SCSI_SenseCode
                0x0800a9a4       0x38 ./Middlewares/ST/STM32_USB_Device_Library/Class/MSC/Src/usbd_msc_scsi.o
                0x0800a9a4                SCSI_SenseCode
 .text.USBD_Init
                0x0800a9dc       0x26 ./Middlewares/ST/STM32_USB_Device_Library/Core/Src/usbd_core.o
                0x0800a9dc                USBD_Init
 .text.USBD_RegisterClass
                0x0800aa02       0x32 ./Middlewares/ST/STM32_USB_Device_Library/Core/Src/usbd_core.o
                0x0800aa02                USBD_RegisterClass
 .text.USBD_Start
                0x0800aa34        0x4 ./Middlewares/ST/STM32_USB_Device_Library/Core/Src/usbd_core.o
                0x0800aa34                USBD_Start
 .text.USBD_SetClassConfig
                0x0800aa38        0xe ./Middlewares/ST/STM32_USB_Device_Library/Core/Src/usbd_core.o
                0x0800aa38                USBD_SetClassConfig
 .text.USBD_ClrClassConfig
                0x0800aa46       0x12 ./Middlewares/ST/STM32_USB_Device_Library/Core/Src/usbd_core.o
                0x0800aa46                USBD_ClrClassConfig
 .text.USBD_LL_SetupStage
                0x0800aa58       0x60 ./Middlewares/ST/STM32_USB_Device_Library/Core/Src/usbd_core.o
                0x0800aa58                USBD_LL_SetupStage
 .text.USBD_LL_DataOutStage
                0x0800aab8       0x6a ./Middlewares/ST/STM32_USB_Device_Library/Core/Src/usbd_core.o
                0x0800aab8                USBD_LL_DataOutStage
 .text.USBD_LL_DataInStage
                0x0800ab22       0xa6 ./Middlewares/ST/STM32_USB_Device_Library/Core/Src/usbd_core.o
                0x0800ab22                USBD_LL_DataInStage
 .text.USBD_LL_Reset
                0x0800abc8       0x5e ./Middlewares/ST/STM32_USB_Device_Library/Core/Src/usbd_core.o
                0x0800abc8                USBD_LL_Reset
 .text.USBD_LL_SetSpeed
                0x0800ac26        0x6 ./Middlewares/ST/STM32_USB_Device_Library/Core/Src/usbd_core.o
                0x0800ac26                USBD_LL_SetSpeed
 .text.USBD_LL_Suspend
                0x0800ac2c       0x1c ./Middlewares/ST/STM32_USB_Device_Library/Core/Src/usbd_core.o
                0x0800ac2c                USBD_LL_Suspend
 .text.USBD_LL_Resume
                0x0800ac48       0x16 ./Middlewares/ST/STM32_USB_Device_Library/Core/Src/usbd_core.o
                0x0800ac48                USBD_LL_Resume
 .text.USBD_LL_SOF
                0x0800ac5e       0x1a ./Middlewares/ST/STM32_USB_Device_Library/Core/Src/usbd_core.o
                0x0800ac5e                USBD_LL_SOF
 .text.USBD_LL_IsoINIncomplete
                0x0800ac78       0x26 ./Middlewares/ST/STM32_USB_Device_Library/Core/Src/usbd_core.o
                0x0800ac78                USBD_LL_IsoINIncomplete
 .text.USBD_LL_IsoOUTIncomplete
                0x0800ac9e       0x26 ./Middlewares/ST/STM32_USB_Device_Library/Core/Src/usbd_core.o
                0x0800ac9e                USBD_LL_IsoOUTIncomplete
 .text.USBD_LL_DevConnected
                0x0800acc4        0x4 ./Middlewares/ST/STM32_USB_Device_Library/Core/Src/usbd_core.o
                0x0800acc4                USBD_LL_DevConnected
 .text.USBD_LL_DevDisconnected
                0x0800acc8       0x20 ./Middlewares/ST/STM32_USB_Device_Library/Core/Src/usbd_core.o
                0x0800acc8                USBD_LL_DevDisconnected
 .text.USBD_CoreFindIF
                0x0800ace8        0x4 ./Middlewares/ST/STM32_USB_Device_Library/Core/Src/usbd_core.o
                0x0800ace8                USBD_CoreFindIF
 .text.USBD_CoreFindEP
                0x0800acec        0x4 ./Middlewares/ST/STM32_USB_Device_Library/Core/Src/usbd_core.o
                0x0800acec                USBD_CoreFindEP
 .text.USBD_GetEpDesc
                0x0800acf0       0x24 ./Middlewares/ST/STM32_USB_Device_Library/Core/Src/usbd_core.o
                0x0800acf0                USBD_GetEpDesc
 .text.USBD_CtlError.constprop.0
                0x0800ad14       0x16 ./Middlewares/ST/STM32_USB_Device_Library/Core/Src/usbd_ctlreq.o
 *fill*         0x0800ad2a        0x2 
 .text.USBD_StdDevReq
                0x0800ad2c      0x28c ./Middlewares/ST/STM32_USB_Device_Library/Core/Src/usbd_ctlreq.o
                0x0800ad2c                USBD_StdDevReq
 .text.USBD_StdItfReq
                0x0800afb8       0x5a ./Middlewares/ST/STM32_USB_Device_Library/Core/Src/usbd_ctlreq.o
                0x0800afb8                USBD_StdItfReq
 .text.USBD_StdEPReq
                0x0800b012      0x13a ./Middlewares/ST/STM32_USB_Device_Library/Core/Src/usbd_ctlreq.o
                0x0800b012                USBD_StdEPReq
 .text.USBD_ParseSetupRequest
                0x0800b14c       0x16 ./Middlewares/ST/STM32_USB_Device_Library/Core/Src/usbd_ctlreq.o
                0x0800b14c                USBD_ParseSetupRequest
 .text.USBD_CtlError
                0x0800b162       0x16 ./Middlewares/ST/STM32_USB_Device_Library/Core/Src/usbd_ctlreq.o
                0x0800b162                USBD_CtlError
 .text.USBD_GetString
                0x0800b178       0x38 ./Middlewares/ST/STM32_USB_Device_Library/Core/Src/usbd_ctlreq.o
                0x0800b178                USBD_GetString
 .text.USBD_CtlSendData
                0x0800b1b0       0x1a ./Middlewares/ST/STM32_USB_Device_Library/Core/Src/usbd_ioreq.o
                0x0800b1b0                USBD_CtlSendData
 .text.USBD_CtlContinueSendData
                0x0800b1ca       0x10 ./Middlewares/ST/STM32_USB_Device_Library/Core/Src/usbd_ioreq.o
                0x0800b1ca                USBD_CtlContinueSendData
 .text.USBD_CtlContinueRx
                0x0800b1da       0x10 ./Middlewares/ST/STM32_USB_Device_Library/Core/Src/usbd_ioreq.o
                0x0800b1da                USBD_CtlContinueRx
 .text.USBD_CtlSendStatus
                0x0800b1ea       0x16 ./Middlewares/ST/STM32_USB_Device_Library/Core/Src/usbd_ioreq.o
                0x0800b1ea                USBD_CtlSendStatus
 .text.USBD_CtlReceiveStatus
                0x0800b200       0x16 ./Middlewares/ST/STM32_USB_Device_Library/Core/Src/usbd_ioreq.o
                0x0800b200                USBD_CtlReceiveStatus
 .text.SysTick_Handler
                0x0800b216       0x1a ./Middlewares/Third_Party/FreeRTOS/Source/CMSIS_RTOS_V2/cmsis_os2.o
                0x0800b216                SysTick_Handler
 .text.osKernelInitialize
                0x0800b230       0x24 ./Middlewares/Third_Party/FreeRTOS/Source/CMSIS_RTOS_V2/cmsis_os2.o
                0x0800b230                osKernelInitialize
 .text.osKernelStart
                0x0800b254       0x34 ./Middlewares/Third_Party/FreeRTOS/Source/CMSIS_RTOS_V2/cmsis_os2.o
                0x0800b254                osKernelStart
 .text.osKernelGetTickCount
                0x0800b288        0xe ./Middlewares/Third_Party/FreeRTOS/Source/CMSIS_RTOS_V2/cmsis_os2.o
                0x0800b288                osKernelGetTickCount
 .text.osThreadNew
                0x0800b296       0x8e ./Middlewares/Third_Party/FreeRTOS/Source/CMSIS_RTOS_V2/cmsis_os2.o
                0x0800b296                osThreadNew
 .text.osDelay  0x0800b324       0x18 ./Middlewares/Third_Party/FreeRTOS/Source/CMSIS_RTOS_V2/cmsis_os2.o
                0x0800b324                osDelay
 .text.osDelayUntil
                0x0800b33c       0x2e ./Middlewares/Third_Party/FreeRTOS/Source/CMSIS_RTOS_V2/cmsis_os2.o
                0x0800b33c                osDelayUntil
 .text.osEventFlagsSet
                0x0800b36a       0x52 ./Middlewares/Third_Party/FreeRTOS/Source/CMSIS_RTOS_V2/cmsis_os2.o
                0x0800b36a                osEventFlagsSet
 .text.osEventFlagsClear
                0x0800b3bc       0x3c ./Middlewares/Third_Party/FreeRTOS/Source/CMSIS_RTOS_V2/cmsis_os2.o
                0x0800b3bc                osEventFlagsClear
 .text.osMessageQueuePut
                0x0800b3f8       0x62 ./Middlewares/Third_Party/FreeRTOS/Source/CMSIS_RTOS_V2/cmsis_os2.o
                0x0800b3f8                osMessageQueuePut
 *fill*         0x0800b45a        0x2 
 .text.vApplicationGetIdleTaskMemory
                0x0800b45c       0x18 ./Middlewares/Third_Party/FreeRTOS/Source/CMSIS_RTOS_V2/cmsis_os2.o
                0x0800b45c                vApplicationGetIdleTaskMemory
 .text.vApplicationGetTimerTaskMemory
                0x0800b474       0x18 ./Middlewares/Third_Party/FreeRTOS/Source/CMSIS_RTOS_V2/cmsis_os2.o
                0x0800b474                vApplicationGetTimerTaskMemory
 .text.xEventGroupClearBits
                0x0800b48c       0x46 ./Middlewares/Third_Party/FreeRTOS/Source/event_groups.o
                0x0800b48c                xEventGroupClearBits
 .text.vEventGroupClearBitsCallback
                0x0800b4d2        0x4 ./Middlewares/Third_Party/FreeRTOS/Source/event_groups.o
                0x0800b4d2                vEventGroupClearBitsCallback
 *fill*         0x0800b4d6        0x2 
 .text.xEventGroupClearBitsFromISR
                0x0800b4d8       0x10 ./Middlewares/Third_Party/FreeRTOS/Source/event_groups.o
                0x0800b4d8                xEventGroupClearBitsFromISR
 .text.xEventGroupGetBitsFromISR
                0x0800b4e8       0x1c ./Middlewares/Third_Party/FreeRTOS/Source/event_groups.o
                0x0800b4e8                xEventGroupGetBitsFromISR
 .text.xEventGroupSetBits
                0x0800b504       0x88 ./Middlewares/Third_Party/FreeRTOS/Source/event_groups.o
                0x0800b504                xEventGroupSetBits
 .text.vEventGroupSetBitsCallback
                0x0800b58c        0x4 ./Middlewares/Third_Party/FreeRTOS/Source/event_groups.o
                0x0800b58c                vEventGroupSetBitsCallback
 .text.xEventGroupSetBitsFromISR
                0x0800b590       0x10 ./Middlewares/Third_Party/FreeRTOS/Source/event_groups.o
                0x0800b590                xEventGroupSetBitsFromISR
 .text.vListInitialise
                0x0800b5a0       0x16 ./Middlewares/Third_Party/FreeRTOS/Source/list.o
                0x0800b5a0                vListInitialise
 .text.vListInitialiseItem
                0x0800b5b6        0x6 ./Middlewares/Third_Party/FreeRTOS/Source/list.o
                0x0800b5b6                vListInitialiseItem
 .text.vListInsertEnd
                0x0800b5bc       0x16 ./Middlewares/Third_Party/FreeRTOS/Source/list.o
                0x0800b5bc                vListInsertEnd
 .text.vListInsert
                0x0800b5d2       0x2e ./Middlewares/Third_Party/FreeRTOS/Source/list.o
                0x0800b5d2                vListInsert
 .text.uxListRemove
                0x0800b600       0x20 ./Middlewares/Third_Party/FreeRTOS/Source/list.o
                0x0800b600                uxListRemove
 .text.prvIsQueueEmpty
                0x0800b620       0x16 ./Middlewares/Third_Party/FreeRTOS/Source/queue.o
 .text.prvCopyDataToQueue
                0x0800b636       0x66 ./Middlewares/Third_Party/FreeRTOS/Source/queue.o
 .text.prvCopyDataFromQueue
                0x0800b69c       0x2c ./Middlewares/Third_Party/FreeRTOS/Source/queue.o
 .text.prvUnlockQueue
                0x0800b6c8       0x70 ./Middlewares/Third_Party/FreeRTOS/Source/queue.o
 .text.xQueueGenericReset
                0x0800b738       0x7e ./Middlewares/Third_Party/FreeRTOS/Source/queue.o
                0x0800b738                xQueueGenericReset
 .text.xQueueGenericCreateStatic
                0x0800b7b6       0x9c ./Middlewares/Third_Party/FreeRTOS/Source/queue.o
                0x0800b7b6                xQueueGenericCreateStatic
 .text.xQueueGenericSend
                0x0800b852      0x164 ./Middlewares/Third_Party/FreeRTOS/Source/queue.o
                0x0800b852                xQueueGenericSend
 .text.xQueueGenericSendFromISR
                0x0800b9b6       0xba ./Middlewares/Third_Party/FreeRTOS/Source/queue.o
                0x0800b9b6                xQueueGenericSendFromISR
 .text.xQueueReceive
                0x0800ba70      0x13c ./Middlewares/Third_Party/FreeRTOS/Source/queue.o
                0x0800ba70                xQueueReceive
 .text.vQueueAddToRegistry
                0x0800bbac       0x24 ./Middlewares/Third_Party/FreeRTOS/Source/queue.o
                0x0800bbac                vQueueAddToRegistry
 .text.vQueueWaitForMessageRestricted
                0x0800bbd0       0x46 ./Middlewares/Third_Party/FreeRTOS/Source/queue.o
                0x0800bbd0                vQueueWaitForMessageRestricted
 *fill*         0x0800bc16        0x2 
 .text.prvAddNewTaskToReadyList
                0x0800bc18      0x100 ./Middlewares/Third_Party/FreeRTOS/Source/tasks.o
 .text.prvAddCurrentTaskToDelayedList
                0x0800bd18       0x70 ./Middlewares/Third_Party/FreeRTOS/Source/tasks.o
 .text.prvResetNextTaskUnblockTime
                0x0800bd88       0x24 ./Middlewares/Third_Party/FreeRTOS/Source/tasks.o
 .text.prvDeleteTCB
                0x0800bdac       0x3c ./Middlewares/Third_Party/FreeRTOS/Source/tasks.o
 .text.prvIdleTask
                0x0800bde8       0x60 ./Middlewares/Third_Party/FreeRTOS/Source/tasks.o
 .text.prvInitialiseNewTask.constprop.0
                0x0800be48       0xb8 ./Middlewares/Third_Party/FreeRTOS/Source/tasks.o
 .text.xTaskCreateStatic
                0x0800bf00       0x70 ./Middlewares/Third_Party/FreeRTOS/Source/tasks.o
                0x0800bf00                xTaskCreateStatic
 .text.xTaskCreate
                0x0800bf70       0x5c ./Middlewares/Third_Party/FreeRTOS/Source/tasks.o
                0x0800bf70                xTaskCreate
 .text.vTaskDelete
                0x0800bfcc       0xb0 ./Middlewares/Third_Party/FreeRTOS/Source/tasks.o
                0x0800bfcc                vTaskDelete
 .text.vTaskStartScheduler
                0x0800c07c       0xa0 ./Middlewares/Third_Party/FreeRTOS/Source/tasks.o
                0x0800c07c                vTaskStartScheduler
 .text.vTaskSuspendAll
                0x0800c11c       0x10 ./Middlewares/Third_Party/FreeRTOS/Source/tasks.o
                0x0800c11c                vTaskSuspendAll
 .text.xTaskGetTickCount
                0x0800c12c        0xc ./Middlewares/Third_Party/FreeRTOS/Source/tasks.o
                0x0800c12c                xTaskGetTickCount
 .text.xTaskGetTickCountFromISR
                0x0800c138       0x10 ./Middlewares/Third_Party/FreeRTOS/Source/tasks.o
                0x0800c138                xTaskGetTickCountFromISR
 .text.xTaskIncrementTick
                0x0800c148      0x12c ./Middlewares/Third_Party/FreeRTOS/Source/tasks.o
                0x0800c148                xTaskIncrementTick
 .text.xTaskResumeAll
                0x0800c274       0xe8 ./Middlewares/Third_Party/FreeRTOS/Source/tasks.o
                0x0800c274                xTaskResumeAll
 .text.vTaskDelayUntil
                0x0800c35c       0x94 ./Middlewares/Third_Party/FreeRTOS/Source/tasks.o
                0x0800c35c                vTaskDelayUntil
 .text.vTaskDelay
                0x0800c3f0       0x48 ./Middlewares/Third_Party/FreeRTOS/Source/tasks.o
                0x0800c3f0                vTaskDelay
 .text.vTaskSwitchContext
                0x0800c438       0x80 ./Middlewares/Third_Party/FreeRTOS/Source/tasks.o
                0x0800c438                vTaskSwitchContext
 .text.vTaskPlaceOnEventList
                0x0800c4b8       0x34 ./Middlewares/Third_Party/FreeRTOS/Source/tasks.o
                0x0800c4b8                vTaskPlaceOnEventList
 .text.vTaskPlaceOnEventListRestricted
                0x0800c4ec       0x3c ./Middlewares/Third_Party/FreeRTOS/Source/tasks.o
                0x0800c4ec                vTaskPlaceOnEventListRestricted
 .text.xTaskRemoveFromEventList
                0x0800c528       0x80 ./Middlewares/Third_Party/FreeRTOS/Source/tasks.o
                0x0800c528                xTaskRemoveFromEventList
 .text.vTaskRemoveFromUnorderedEventList
                0x0800c5a8       0x84 ./Middlewares/Third_Party/FreeRTOS/Source/tasks.o
                0x0800c5a8                vTaskRemoveFromUnorderedEventList
 .text.vTaskInternalSetTimeOutState
                0x0800c62c       0x18 ./Middlewares/Third_Party/FreeRTOS/Source/tasks.o
                0x0800c62c                vTaskInternalSetTimeOutState
 .text.xTaskCheckForTimeOut
                0x0800c644       0x78 ./Middlewares/Third_Party/FreeRTOS/Source/tasks.o
                0x0800c644                xTaskCheckForTimeOut
 .text.vTaskMissedYield
                0x0800c6bc        0xc ./Middlewares/Third_Party/FreeRTOS/Source/tasks.o
                0x0800c6bc                vTaskMissedYield
 .text.uxTaskGetStackHighWaterMark
                0x0800c6c8       0x20 ./Middlewares/Third_Party/FreeRTOS/Source/tasks.o
                0x0800c6c8                uxTaskGetStackHighWaterMark
 .text.xTaskGetSchedulerState
                0x0800c6e8       0x20 ./Middlewares/Third_Party/FreeRTOS/Source/tasks.o
                0x0800c6e8                xTaskGetSchedulerState
 .text.xTaskPriorityDisinherit
                0x0800c708       0x84 ./Middlewares/Third_Party/FreeRTOS/Source/tasks.o
                0x0800c708                xTaskPriorityDisinherit
 .text.prvInsertTimerInActiveList
                0x0800c78c       0x3c ./Middlewares/Third_Party/FreeRTOS/Source/timers.o
 .text.prvCheckForValidListAndQueue
                0x0800c7c8       0x68 ./Middlewares/Third_Party/FreeRTOS/Source/timers.o
 .text.xTimerCreateTimerTask
                0x0800c830       0x64 ./Middlewares/Third_Party/FreeRTOS/Source/timers.o
                0x0800c830                xTimerCreateTimerTask
 .text.xTimerGenericCommand
                0x0800c894       0x58 ./Middlewares/Third_Party/FreeRTOS/Source/timers.o
                0x0800c894                xTimerGenericCommand
 .text.prvSampleTimeNow
                0x0800c8ec       0xa4 ./Middlewares/Third_Party/FreeRTOS/Source/timers.o
 .text.prvTimerTask
                0x0800c990      0x1cc ./Middlewares/Third_Party/FreeRTOS/Source/timers.o
 .text.xTimerPendFunctionCallFromISR
                0x0800cb5c       0x28 ./Middlewares/Third_Party/FreeRTOS/Source/timers.o
                0x0800cb5c                xTimerPendFunctionCallFromISR
 .text.prvPortStartFirstTask
                0x0800cb84       0x28 ./Middlewares/Third_Party/FreeRTOS/Source/portable/GCC/ARM_CM4F/port.o
 .text.vPortEnableVFP
                0x0800cbac       0x14 ./Middlewares/Third_Party/FreeRTOS/Source/portable/GCC/ARM_CM4F/port.o
 .text.prvTaskExitError
                0x0800cbc0       0x40 ./Middlewares/Third_Party/FreeRTOS/Source/portable/GCC/ARM_CM4F/port.o
 .text.pxPortInitialiseStack
                0x0800cc00       0x2c ./Middlewares/Third_Party/FreeRTOS/Source/portable/GCC/ARM_CM4F/port.o
                0x0800cc00                pxPortInitialiseStack
 *fill*         0x0800cc2c        0x4 
 .text.SVC_Handler
                0x0800cc30       0x24 ./Middlewares/Third_Party/FreeRTOS/Source/portable/GCC/ARM_CM4F/port.o
                0x0800cc30                SVC_Handler
 .text.vPortEnterCritical
                0x0800cc54       0x40 ./Middlewares/Third_Party/FreeRTOS/Source/portable/GCC/ARM_CM4F/port.o
                0x0800cc54                vPortEnterCritical
 .text.vPortExitCritical
                0x0800cc94       0x28 ./Middlewares/Third_Party/FreeRTOS/Source/portable/GCC/ARM_CM4F/port.o
                0x0800cc94                vPortExitCritical
 *fill*         0x0800ccbc        0x4 
 .text.PendSV_Handler
                0x0800ccc0       0x64 ./Middlewares/Third_Party/FreeRTOS/Source/portable/GCC/ARM_CM4F/port.o
                0x0800ccc0                PendSV_Handler
 .text.xPortSysTickHandler
                0x0800cd24       0x2c ./Middlewares/Third_Party/FreeRTOS/Source/portable/GCC/ARM_CM4F/port.o
                0x0800cd24                xPortSysTickHandler
 .text.vPortSetupTimerInterrupt
                0x0800cd50       0x24 ./Middlewares/Third_Party/FreeRTOS/Source/portable/GCC/ARM_CM4F/port.o
                0x0800cd50                vPortSetupTimerInterrupt
 .text.xPortStartScheduler
                0x0800cd74      0x104 ./Middlewares/Third_Party/FreeRTOS/Source/portable/GCC/ARM_CM4F/port.o
                0x0800cd74                xPortStartScheduler
 .text.vPortValidateInterruptPriority
                0x0800ce78       0x5c ./Middlewares/Third_Party/FreeRTOS/Source/portable/GCC/ARM_CM4F/port.o
                0x0800ce78                vPortValidateInterruptPriority
 .text.prvInsertBlockIntoFreeList
                0x0800ced4       0x4c ./Middlewares/Third_Party/FreeRTOS/Source/portable/MemMang/heap_4.o
 .text.pvPortMalloc
                0x0800cf20      0x130 ./Middlewares/Third_Party/FreeRTOS/Source/portable/MemMang/heap_4.o
                0x0800cf20                pvPortMalloc
 .text.vPortFree
                0x0800d050       0x7c ./Middlewares/Third_Party/FreeRTOS/Source/portable/MemMang/heap_4.o
                0x0800d050                vPortFree
 .text.MX_USB_DEVICE_Init
                0x0800d0cc       0x50 ./USB_DEVICE/App/usb_device.o
                0x0800d0cc                MX_USB_DEVICE_Init
 .text.USBD_FS_DeviceDescriptor
                0x0800d11c        0xc ./USB_DEVICE/App/usbd_desc.o
                0x0800d11c                USBD_FS_DeviceDescriptor
 .text.USBD_FS_LangIDStrDescriptor
                0x0800d128        0xc ./USB_DEVICE/App/usbd_desc.o
                0x0800d128                USBD_FS_LangIDStrDescriptor
 .text.IntToUnicode
                0x0800d134       0x2a ./USB_DEVICE/App/usbd_desc.o
 *fill*         0x0800d15e        0x2 
 .text.USBD_FS_SerialStrDescriptor
                0x0800d160       0x3c ./USB_DEVICE/App/usbd_desc.o
                0x0800d160                USBD_FS_SerialStrDescriptor
 .text.USBD_FS_ManufacturerStrDescriptor
                0x0800d19c       0x1c ./USB_DEVICE/App/usbd_desc.o
                0x0800d19c                USBD_FS_ManufacturerStrDescriptor
 .text.USBD_FS_ProductStrDescriptor
                0x0800d1b8       0x1c ./USB_DEVICE/App/usbd_desc.o
                0x0800d1b8                USBD_FS_ProductStrDescriptor
 .text.USBD_FS_ConfigStrDescriptor
                0x0800d1d4       0x1c ./USB_DEVICE/App/usbd_desc.o
                0x0800d1d4                USBD_FS_ConfigStrDescriptor
 .text.USBD_FS_InterfaceStrDescriptor
                0x0800d1f0       0x1c ./USB_DEVICE/App/usbd_desc.o
                0x0800d1f0                USBD_FS_InterfaceStrDescriptor
 .text.STORAGE_Init_FS
                0x0800d20c        0x4 ./USB_DEVICE/App/usbd_storage_if.o
 .text.STORAGE_GetCapacity_FS
                0x0800d210       0x10 ./USB_DEVICE/App/usbd_storage_if.o
 .text.STORAGE_Read_FS
                0x0800d220        0x4 ./USB_DEVICE/App/usbd_storage_if.o
 .text.STORAGE_GetMaxLun_FS
                0x0800d224        0x4 ./USB_DEVICE/App/usbd_storage_if.o
 .text.STORAGE_Write_FS
                0x0800d228        0x4 ./USB_DEVICE/App/usbd_storage_if.o
 .text.STORAGE_IsReady_FS
                0x0800d22c        0x4 ./USB_DEVICE/App/usbd_storage_if.o
 .text.STORAGE_IsWriteProtected_FS
                0x0800d230        0x4 ./USB_DEVICE/App/usbd_storage_if.o
 .text.HAL_PCD_MspInit
                0x0800d234       0x84 ./USB_DEVICE/Target/usbd_conf.o
                0x0800d234                HAL_PCD_MspInit
 .text.HAL_PCD_SetupStageCallback
                0x0800d2b8        0xc ./USB_DEVICE/Target/usbd_conf.o
                0x0800d2b8                HAL_PCD_SetupStageCallback
 .text.HAL_PCD_DataOutStageCallback
                0x0800d2c4       0x12 ./USB_DEVICE/Target/usbd_conf.o
                0x0800d2c4                HAL_PCD_DataOutStageCallback
 .text.HAL_PCD_DataInStageCallback
                0x0800d2d6       0x10 ./USB_DEVICE/Target/usbd_conf.o
                0x0800d2d6                HAL_PCD_DataInStageCallback
 .text.HAL_PCD_SOFCallback
                0x0800d2e6        0x8 ./USB_DEVICE/Target/usbd_conf.o
                0x0800d2e6                HAL_PCD_SOFCallback
 .text.HAL_PCD_ResetCallback
                0x0800d2ee       0x24 ./USB_DEVICE/Target/usbd_conf.o
                0x0800d2ee                HAL_PCD_ResetCallback
 *fill*         0x0800d312        0x2 
 .text.HAL_PCD_SuspendCallback
                0x0800d314       0x30 ./USB_DEVICE/Target/usbd_conf.o
                0x0800d314                HAL_PCD_SuspendCallback
 .text.HAL_PCD_ResumeCallback
                0x0800d344        0x8 ./USB_DEVICE/Target/usbd_conf.o
                0x0800d344                HAL_PCD_ResumeCallback
 .text.HAL_PCD_ISOOUTIncompleteCallback
                0x0800d34c        0x8 ./USB_DEVICE/Target/usbd_conf.o
                0x0800d34c                HAL_PCD_ISOOUTIncompleteCallback
 .text.HAL_PCD_ISOINIncompleteCallback
                0x0800d354        0x8 ./USB_DEVICE/Target/usbd_conf.o
                0x0800d354                HAL_PCD_ISOINIncompleteCallback
 .text.HAL_PCD_ConnectCallback
                0x0800d35c        0x8 ./USB_DEVICE/Target/usbd_conf.o
                0x0800d35c                HAL_PCD_ConnectCallback
 .text.HAL_PCD_DisconnectCallback
                0x0800d364        0x8 ./USB_DEVICE/Target/usbd_conf.o
                0x0800d364                HAL_PCD_DisconnectCallback
 .text.USBD_LL_Init
                0x0800d36c       0x5c ./USB_DEVICE/Target/usbd_conf.o
                0x0800d36c                USBD_LL_Init
 .text.USBD_LL_IsStallEP
                0x0800d3c8       0x24 ./USB_DEVICE/Target/usbd_conf.o
                0x0800d3c8                USBD_LL_IsStallEP
 .text.USBD_LL_GetRxDataSize
                0x0800d3ec        0x8 ./USB_DEVICE/Target/usbd_conf.o
                0x0800d3ec                USBD_LL_GetRxDataSize
 .text.USBD_static_malloc
                0x0800d3f4        0x8 ./USB_DEVICE/Target/usbd_conf.o
                0x0800d3f4                USBD_static_malloc
 .text.USBD_static_free
                0x0800d3fc        0x2 ./USB_DEVICE/Target/usbd_conf.o
                0x0800d3fc                USBD_static_free
 .text.USBD_Get_USB_Status
                0x0800d3fe        0xc ./USB_DEVICE/Target/usbd_conf.o
                0x0800d3fe                USBD_Get_USB_Status
 .text.USBD_LL_Start
                0x0800d40a       0x12 ./USB_DEVICE/Target/usbd_conf.o
                0x0800d40a                USBD_LL_Start
 .text.USBD_LL_OpenEP
                0x0800d41c       0x18 ./USB_DEVICE/Target/usbd_conf.o
                0x0800d41c                USBD_LL_OpenEP
 .text.USBD_LL_CloseEP
                0x0800d434       0x12 ./USB_DEVICE/Target/usbd_conf.o
                0x0800d434                USBD_LL_CloseEP
 .text.USBD_LL_FlushEP
                0x0800d446       0x12 ./USB_DEVICE/Target/usbd_conf.o
                0x0800d446                USBD_LL_FlushEP
 .text.USBD_LL_StallEP
                0x0800d458       0x12 ./USB_DEVICE/Target/usbd_conf.o
                0x0800d458                USBD_LL_StallEP
 .text.USBD_LL_ClearStallEP
                0x0800d46a       0x12 ./USB_DEVICE/Target/usbd_conf.o
                0x0800d46a                USBD_LL_ClearStallEP
 .text.USBD_LL_SetUSBAddress
                0x0800d47c       0x12 ./USB_DEVICE/Target/usbd_conf.o
                0x0800d47c                USBD_LL_SetUSBAddress
 .text.USBD_LL_Transmit
                0x0800d48e       0x12 ./USB_DEVICE/Target/usbd_conf.o
                0x0800d48e                USBD_LL_Transmit
 .text.USBD_LL_PrepareReceive
                0x0800d4a0       0x12 ./USB_DEVICE/Target/usbd_conf.o
                0x0800d4a0                USBD_LL_PrepareReceive
 *fill*         0x0800d4b2        0x2 
 .text.calloc   0x0800d4b4       0x10 C:/ST/STM32CubeIDE_1.15.0/STM32CubeIDE/plugins/com.st.stm32cube.ide.mcu.externaltools.gnu-tools-for-stm32.12.3.rel1.win32_1.0.200.202406191623/tools/bin/../lib/gcc/arm-none-eabi/12.3.1/../../../../arm-none-eabi/lib/thumb/v7e-m+fp/hard\libc_nano.a(libc_a-calloc.o)
                0x0800d4b4                calloc
 .text._calloc_r
                0x0800d4c4       0x28 C:/ST/STM32CubeIDE_1.15.0/STM32CubeIDE/plugins/com.st.stm32cube.ide.mcu.externaltools.gnu-tools-for-stm32.12.3.rel1.win32_1.0.200.202406191623/tools/bin/../lib/gcc/arm-none-eabi/12.3.1/../../../../arm-none-eabi/lib/thumb/v7e-m+fp/hard\libc_nano.a(libc_a-callocr.o)
                0x0800d4c4                _calloc_r
 .text.exit     0x0800d4ec       0x24 C:/ST/STM32CubeIDE_1.15.0/STM32CubeIDE/plugins/com.st.stm32cube.ide.mcu.externaltools.gnu-tools-for-stm32.12.3.rel1.win32_1.0.200.202406191623/tools/bin/../lib/gcc/arm-none-eabi/12.3.1/../../../../arm-none-eabi/lib/thumb/v7e-m+fp/hard\libc_nano.a(libc_a-exit.o)
                0x0800d4ec                exit
 .text.malloc   0x0800d510       0x10 C:/ST/STM32CubeIDE_1.15.0/STM32CubeIDE/plugins/com.st.stm32cube.ide.mcu.externaltools.gnu-tools-for-stm32.12.3.rel1.win32_1.0.200.202406191623/tools/bin/../lib/gcc/arm-none-eabi/12.3.1/../../../../arm-none-eabi/lib/thumb/v7e-m+fp/hard\libc_nano.a(libc_a-malloc.o)
                0x0800d510                malloc
 .text.free     0x0800d520       0x10 C:/ST/STM32CubeIDE_1.15.0/STM32CubeIDE/plugins/com.st.stm32cube.ide.mcu.externaltools.gnu-tools-for-stm32.12.3.rel1.win32_1.0.200.202406191623/tools/bin/../lib/gcc/arm-none-eabi/12.3.1/../../../../arm-none-eabi/lib/thumb/v7e-m+fp/hard\libc_nano.a(libc_a-malloc.o)
                0x0800d520                free
 .text.sbrk_aligned
                0x0800d530       0x44 C:/ST/STM32CubeIDE_1.15.0/STM32CubeIDE/plugins/com.st.stm32cube.ide.mcu.externaltools.gnu-tools-for-stm32.12.3.rel1.win32_1.0.200.202406191623/tools/bin/../lib/gcc/arm-none-eabi/12.3.1/../../../../arm-none-eabi/lib/thumb/v7e-m+fp/hard\libc_nano.a(libc_a-mallocr.o)
 .text._malloc_r
                0x0800d574      0x100 C:/ST/STM32CubeIDE_1.15.0/STM32CubeIDE/plugins/com.st.stm32cube.ide.mcu.externaltools.gnu-tools-for-stm32.12.3.rel1.win32_1.0.200.202406191623/tools/bin/../lib/gcc/arm-none-eabi/12.3.1/../../../../arm-none-eabi/lib/thumb/v7e-m+fp/hard\libc_nano.a(libc_a-mallocr.o)
                0x0800d574                _malloc_r
 .text.__malloc_lock
                0x0800d674        0xc C:/ST/STM32CubeIDE_1.15.0/STM32CubeIDE/plugins/com.st.stm32cube.ide.mcu.externaltools.gnu-tools-for-stm32.12.3.rel1.win32_1.0.200.202406191623/tools/bin/../lib/gcc/arm-none-eabi/12.3.1/../../../../arm-none-eabi/lib/thumb/v7e-m+fp/hard\libc_nano.a(libc_a-mlock.o)
                0x0800d674                __malloc_lock
 .text.__malloc_unlock
                0x0800d680        0xc C:/ST/STM32CubeIDE_1.15.0/STM32CubeIDE/plugins/com.st.stm32cube.ide.mcu.externaltools.gnu-tools-for-stm32.12.3.rel1.win32_1.0.200.202406191623/tools/bin/../lib/gcc/arm-none-eabi/12.3.1/../../../../arm-none-eabi/lib/thumb/v7e-m+fp/hard\libc_nano.a(libc_a-mlock.o)
                0x0800d680                __malloc_unlock
 .text.realloc  0x0800d68c       0x10 C:/ST/STM32CubeIDE_1.15.0/STM32CubeIDE/plugins/com.st.stm32cube.ide.mcu.externaltools.gnu-tools-for-stm32.12.3.rel1.win32_1.0.200.202406191623/tools/bin/../lib/gcc/arm-none-eabi/12.3.1/../../../../arm-none-eabi/lib/thumb/v7e-m+fp/hard\libc_nano.a(libc_a-realloc.o)
                0x0800d68c                realloc
 .text._realloc_r
                0x0800d69c       0x5c C:/ST/STM32CubeIDE_1.15.0/STM32CubeIDE/plugins/com.st.stm32cube.ide.mcu.externaltools.gnu-tools-for-stm32.12.3.rel1.win32_1.0.200.202406191623/tools/bin/../lib/gcc/arm-none-eabi/12.3.1/../../../../arm-none-eabi/lib/thumb/v7e-m+fp/hard\libc_nano.a(libc_a-reallocr.o)
                0x0800d69c                _realloc_r
 .text.__sflush_r
                0x0800d6f8      0x108 C:/ST/STM32CubeIDE_1.15.0/STM32CubeIDE/plugins/com.st.stm32cube.ide.mcu.externaltools.gnu-tools-for-stm32.12.3.rel1.win32_1.0.200.202406191623/tools/bin/../lib/gcc/arm-none-eabi/12.3.1/../../../../arm-none-eabi/lib/thumb/v7e-m+fp/hard\libc_nano.a(libc_a-fflush.o)
                0x0800d6f8                __sflush_r
 .text._fflush_r
                0x0800d800       0x50 C:/ST/STM32CubeIDE_1.15.0/STM32CubeIDE/plugins/com.st.stm32cube.ide.mcu.externaltools.gnu-tools-for-stm32.12.3.rel1.win32_1.0.200.202406191623/tools/bin/../lib/gcc/arm-none-eabi/12.3.1/../../../../arm-none-eabi/lib/thumb/v7e-m+fp/hard\libc_nano.a(libc_a-fflush.o)
                0x0800d800                _fflush_r
 .text.std      0x0800d850       0x6c C:/ST/STM32CubeIDE_1.15.0/STM32CubeIDE/plugins/com.st.stm32cube.ide.mcu.externaltools.gnu-tools-for-stm32.12.3.rel1.win32_1.0.200.202406191623/tools/bin/../lib/gcc/arm-none-eabi/12.3.1/../../../../arm-none-eabi/lib/thumb/v7e-m+fp/hard\libc_nano.a(libc_a-findfp.o)
 .text.stdio_exit_handler
                0x0800d8bc       0x18 C:/ST/STM32CubeIDE_1.15.0/STM32CubeIDE/plugins/com.st.stm32cube.ide.mcu.externaltools.gnu-tools-for-stm32.12.3.rel1.win32_1.0.200.202406191623/tools/bin/../lib/gcc/arm-none-eabi/12.3.1/../../../../arm-none-eabi/lib/thumb/v7e-m+fp/hard\libc_nano.a(libc_a-findfp.o)
 .text.cleanup_stdio
                0x0800d8d4       0x40 C:/ST/STM32CubeIDE_1.15.0/STM32CubeIDE/plugins/com.st.stm32cube.ide.mcu.externaltools.gnu-tools-for-stm32.12.3.rel1.win32_1.0.200.202406191623/tools/bin/../lib/gcc/arm-none-eabi/12.3.1/../../../../arm-none-eabi/lib/thumb/v7e-m+fp/hard\libc_nano.a(libc_a-findfp.o)
 .text.global_stdio_init.part.0
                0x0800d914       0x3c C:/ST/STM32CubeIDE_1.15.0/STM32CubeIDE/plugins/com.st.stm32cube.ide.mcu.externaltools.gnu-tools-for-stm32.12.3.rel1.win32_1.0.200.202406191623/tools/bin/../lib/gcc/arm-none-eabi/12.3.1/../../../../arm-none-eabi/lib/thumb/v7e-m+fp/hard\libc_nano.a(libc_a-findfp.o)
 .text.__sfp_lock_acquire
                0x0800d950        0xc C:/ST/STM32CubeIDE_1.15.0/STM32CubeIDE/plugins/com.st.stm32cube.ide.mcu.externaltools.gnu-tools-for-stm32.12.3.rel1.win32_1.0.200.202406191623/tools/bin/../lib/gcc/arm-none-eabi/12.3.1/../../../../arm-none-eabi/lib/thumb/v7e-m+fp/hard\libc_nano.a(libc_a-findfp.o)
                0x0800d950                __sfp_lock_acquire
 .text.__sfp_lock_release
                0x0800d95c        0xc C:/ST/STM32CubeIDE_1.15.0/STM32CubeIDE/plugins/com.st.stm32cube.ide.mcu.externaltools.gnu-tools-for-stm32.12.3.rel1.win32_1.0.200.202406191623/tools/bin/../lib/gcc/arm-none-eabi/12.3.1/../../../../arm-none-eabi/lib/thumb/v7e-m+fp/hard\libc_nano.a(libc_a-findfp.o)