Archive member included to satisfy reference by file (symbol)

C:/ST/STM32CubeIDE_1.15.0/STM32CubeIDE/plugins/com.st.stm32cube.ide.mcu.externaltools.gnu-tools-for-stm32.12.3.rel1.win32_1.0.200.202406191623/tools/bin/../lib/gcc/arm-none-eabi/12.3.1/../../../../arm-none-eabi/lib/thumb/v7e-m+fp/hard\libc_nano.a(libc_a-exit.o)
                              C:/ST/STM32CubeIDE_1.15.0/STM32CubeIDE/plugins/com.st.stm32cube.ide.mcu.externaltools.gnu-tools-for-stm32.12.3.rel1.win32_1.0.200.202406191623/tools/bin/../lib/gcc/arm-none-eabi/12.3.1/../../../../arm-none-eabi/lib/thumb/v7e-m+fp/hard/crt0.o (exit)
C:/ST/STM32CubeIDE_1.15.0/STM32CubeIDE/plugins/com.st.stm32cube.ide.mcu.externaltools.gnu-tools-for-stm32.12.3.rel1.win32_1.0.200.202406191623/tools/bin/../lib/gcc/arm-none-eabi/12.3.1/../../../../arm-none-eabi/lib/thumb/v7e-m+fp/hard\libc_nano.a(libc_a-findfp.o)
                              ./Middlewares/Third_Party/FreeRTOS/Source/tasks.o (__sf)
C:/ST/STM32CubeIDE_1.15.0/STM32CubeIDE/plugins/com.st.stm32cube.ide.mcu.externaltools.gnu-tools-for-stm32.12.3.rel1.win32_1.0.200.202406191623/tools/bin/../lib/gcc/arm-none-eabi/12.3.1/../../../../arm-none-eabi/lib/thumb/v7e-m+fp/hard\libc_nano.a(libc_a-fwalk.o)
                              C:/ST/STM32CubeIDE_1.15.0/STM32CubeIDE/plugins/com.st.stm32cube.ide.mcu.externaltools.gnu-tools-for-stm32.12.3.rel1.win32_1.0.200.202406191623/tools/bin/../lib/gcc/arm-none-eabi/12.3.1/../../../../arm-none-eabi/lib/thumb/v7e-m+fp/hard\libc_nano.a(libc_a-findfp.o) (_fwalk_sglue)
C:/ST/STM32CubeIDE_1.15.0/STM32CubeIDE/plugins/com.st.stm32cube.ide.mcu.externaltools.gnu-tools-for-stm32.12.3.rel1.win32_1.0.200.202406191623/tools/bin/../lib/gcc/arm-none-eabi/12.3.1/../../../../arm-none-eabi/lib/thumb/v7e-m+fp/hard\libc_nano.a(libc_a-printf.o)
                              ./Core/Src/main.o (printf)
C:/ST/STM32CubeIDE_1.15.0/STM32CubeIDE/plugins/com.st.stm32cube.ide.mcu.externaltools.gnu-tools-for-stm32.12.3.rel1.win32_1.0.200.202406191623/tools/bin/../lib/gcc/arm-none-eabi/12.3.1/../../../../arm-none-eabi/lib/thumb/v7e-m+fp/hard\libc_nano.a(libc_a-stdio.o)
                              C:/ST/STM32CubeIDE_1.15.0/STM32CubeIDE/plugins/com.st.stm32cube.ide.mcu.externaltools.gnu-tools-for-stm32.12.3.rel1.win32_1.0.200.202406191623/tools/bin/../lib/gcc/arm-none-eabi/12.3.1/../../../../arm-none-eabi/lib/thumb/v7e-m+fp/hard\libc_nano.a(libc_a-findfp.o) (__sread)
C:/ST/STM32CubeIDE_1.15.0/STM32CubeIDE/plugins/com.st.stm32cube.ide.mcu.externaltools.gnu-tools-for-stm32.12.3.rel1.win32_1.0.200.202406191623/tools/bin/../lib/gcc/arm-none-eabi/12.3.1/../../../../arm-none-eabi/lib/thumb/v7e-m+fp/hard\libc_nano.a(libc_a-memset.o)
                              C:/ST/STM32CubeIDE_1.15.0/STM32CubeIDE/plugins/com.st.stm32cube.ide.mcu.externaltools.gnu-tools-for-stm32.12.3.rel1.win32_1.0.200.202406191623/tools/bin/../lib/gcc/arm-none-eabi/12.3.1/../../../../arm-none-eabi/lib/thumb/v7e-m+fp/hard/crt0.o (memset)
C:/ST/STM32CubeIDE_1.15.0/STM32CubeIDE/plugins/com.st.stm32cube.ide.mcu.externaltools.gnu-tools-for-stm32.12.3.rel1.win32_1.0.200.202406191623/tools/bin/../lib/gcc/arm-none-eabi/12.3.1/../../../../arm-none-eabi/lib/thumb/v7e-m+fp/hard\libc_nano.a(libc_a-closer.o)
                              C:/ST/STM32CubeIDE_1.15.0/STM32CubeIDE/plugins/com.st.stm32cube.ide.mcu.externaltools.gnu-tools-for-stm32.12.3.rel1.win32_1.0.200.202406191623/tools/bin/../lib/gcc/arm-none-eabi/12.3.1/../../../../arm-none-eabi/lib/thumb/v7e-m+fp/hard\libc_nano.a(libc_a-stdio.o) (_close_r)
C:/ST/STM32CubeIDE_1.15.0/STM32CubeIDE/plugins/com.st.stm32cube.ide.mcu.externaltools.gnu-tools-for-stm32.12.3.rel1.win32_1.0.200.202406191623/tools/bin/../lib/gcc/arm-none-eabi/12.3.1/../../../../arm-none-eabi/lib/thumb/v7e-m+fp/hard\libc_nano.a(libc_a-reent.o)
                              ./Middlewares/Third_Party/FreeRTOS/Source/tasks.o (_reclaim_reent)
C:/ST/STM32CubeIDE_1.15.0/STM32CubeIDE/plugins/com.st.stm32cube.ide.mcu.externaltools.gnu-tools-for-stm32.12.3.rel1.win32_1.0.200.202406191623/tools/bin/../lib/gcc/arm-none-eabi/12.3.1/../../../../arm-none-eabi/lib/thumb/v7e-m+fp/hard\libc_nano.a(libc_a-impure.o)
                              ./Middlewares/Third_Party/FreeRTOS/Source/tasks.o (_impure_ptr)
C:/ST/STM32CubeIDE_1.15.0/STM32CubeIDE/plugins/com.st.stm32cube.ide.mcu.externaltools.gnu-tools-for-stm32.12.3.rel1.win32_1.0.200.202406191623/tools/bin/../lib/gcc/arm-none-eabi/12.3.1/../../../../arm-none-eabi/lib/thumb/v7e-m+fp/hard\libc_nano.a(libc_a-lseekr.o)
                              C:/ST/STM32CubeIDE_1.15.0/STM32CubeIDE/plugins/com.st.stm32cube.ide.mcu.externaltools.gnu-tools-for-stm32.12.3.rel1.win32_1.0.200.202406191623/tools/bin/../lib/gcc/arm-none-eabi/12.3.1/../../../../arm-none-eabi/lib/thumb/v7e-m+fp/hard\libc_nano.a(libc_a-stdio.o) (_lseek_r)
[...]
Memory Configuration

Name             Origin             Length             Attributes
RAM              0x20000000         0x00020000         xrw
FLASH            0x08000000         0x00080000         xr
*default*        0x00000000         0xffffffff

Linker script and memory map

LOAD C:/ST/STM32CubeIDE_1.15.0/STM32CubeIDE/plugins/com.st.stm32cube.ide.mcu.externaltools.gnu-tools-for-stm32.12.3.rel1.win32_1.0.200.202406191623/tools/bin/../lib/gcc/arm-none-eabi/12.3.1/thumb/v7e-m+fp/hard/crti.o
LOAD C:/ST/STM32CubeIDE_1.15.0/STM32CubeIDE/plugins/com.st.stm32cube.ide.mcu.externaltools.gnu-tools-for-stm32.12.3.rel1.win32_1.0.200.202406191623/tools/bin/../lib/gcc/arm-none-eabi/12.3.1/thumb/v7e-m+fp/hard/crtbegin.o
LOAD C:/ST/STM32CubeIDE_1.15.0/STM32CubeIDE/plugins/com.st.stm32cube.ide.mcu.externaltools.gnu-tools-for-stm32.12.3.rel1.win32_1.0.200.202406191623/tools/bin/../lib/gcc/arm-none-eabi/12.3.1/../../../../arm-none-eabi/lib/thumb/v7e-m+fp/hard/crt0.o
LOAD ./Core/Src/W25Q128.o
LOAD ./Core/Src/bmp3.o
LOAD ./Core/Src/buzzer.o
LOAD ./Core/Src/codegen_model.o
LOAD ./Core/Src/codegen_model_data.o
LOAD ./Core/Src/e220.o
LOAD ./Core/Src/flight_control.o
LOAD ./Core/Src/freertos.o
LOAD ./Core/Src/lsm6dso32_reg.o
LOAD ./Core/Src/main.o
LOAD ./Core/Src/pitot_sensor.o
LOAD ./Core/Src/servo.o
LOAD ./Core/Src/stm32f4xx_hal_msp.o
LOAD ./Core/Src/stm32f4xx_hal_timebase_tim.o
LOAD ./Core/Src/stm32f4xx_it.o
LOAD ./Core/Src/syscalls.o
LOAD ./Core/Src/sysmem.o
LOAD ./Core/Src/system_stm32f4xx.o
LOAD ./Core/Src/test.o
LOAD ./Core/Src/utilities.o
LOAD ./Core/Src/z_flash_W25QXXX.o
LOAD ./Core/Startup/startup_stm32f411retx.o
LOAD ./Core/sensors_drivers/bmp390/bmp390_test/bmp3.o
LOAD ./Core/sensors_drivers/bmp390/bmp390_test/usr_bmp390_task.o
LOAD ./Core/sensors_drivers/bmp390/bmp390_test/usr_common_porting.o
LOAD ./Core/sensors_drivers/bmp390/custom_bmp390/bmp390.o
LOAD ./Drivers/STM32F4xx_HAL_Driver/Src/stm32f4xx_hal.o
LOAD ./Drivers/STM32F4xx_HAL_Driver/Src/stm32f4xx_hal_adc.o
LOAD ./Drivers/STM32F4xx_HAL_Driver/Src/stm32f4xx_hal_adc_ex.o
LOAD ./Drivers/STM32F4xx_HAL_Driver/Src/stm32f4xx_hal_cortex.o
LOAD ./Drivers/STM32F4xx_HAL_Driver/Src/stm32f4xx_hal_dma.o
LOAD ./Drivers/STM32F4xx_HAL_Driver/Src/stm32f4xx_hal_dma_ex.o
LOAD ./Drivers/STM32F4xx_HAL_Driver/Src/stm32f4xx_hal_exti.o
LOAD ./Drivers/STM32F4xx_HAL_Driver/Src/stm32f4xx_hal_flash.o
LOAD ./Drivers/STM32F4xx_HAL_Driver/Src/stm32f4xx_hal_flash_ex.o
LOAD ./Drivers/STM32F4xx_HAL_Driver/Src/stm32f4xx_hal_flash_ramfunc.o
LOAD ./Drivers/STM32F4xx_HAL_Driver/Src/stm32f4xx_hal_gpio.o
LOAD ./Drivers/STM32F4xx_HAL_Driver/Src/stm32f4xx_hal_pcd.o
LOAD ./Drivers/STM32F4xx_HAL_Driver/Src/stm32f4xx_hal_pcd_ex.o
LOAD ./Drivers/STM32F4xx_HAL_Driver/Src/stm32f4xx_hal_pwr.o
LOAD ./Drivers/STM32F4xx_HAL_Driver/Src/stm32f4xx_hal_pwr_ex.o
LOAD ./Drivers/STM32F4xx_HAL_Driver/Src/stm32f4xx_hal_rcc.o
LOAD ./Drivers/STM32F4xx_HAL_Driver/Src/stm32f4xx_hal_rcc_ex.o
LOAD ./Drivers/STM32F4xx_HAL_Driver/Src/stm32f4xx_hal_spi.o
LOAD ./Drivers/STM32F4xx_HAL_Driver/Src/stm32f4xx_hal_tim.o
LOAD ./Drivers/STM32F4xx_HAL_Driver/Src/stm32f4xx_hal_tim_ex.o
LOAD ./Drivers/STM32F4xx_HAL_Driver/Src/stm32f4xx_hal_uart.o
LOAD ./Drivers/STM32F4xx_HAL_Driver/Src/stm32f4xx_ll_adc.o
LOAD ./Drivers/STM32F4xx_HAL_Driver/Src/stm32f4xx_ll_usb.o
LOAD ./Middlewares/ST/STM32_USB_Device_Library/Class/MSC/Src/usbd_msc.o
LOAD ./Middlewares/ST/STM32_USB_Device_Library/Class/MSC/Src/usbd_msc_bot.o
LOAD ./Middlewares/ST/STM32_USB_Device_Library/Class/MSC/Src/usbd_msc_data.o
LOAD ./Middlewares/ST/STM32_USB_Device_Library/Class/MSC/Src/usbd_msc_scsi.o
LOAD ./Middlewares/ST/STM32_USB_Device_Library/Core/Src/usbd_core.o
LOAD ./Middlewares/ST/STM32_USB_Device_Library/Core/Src/usbd_ctlreq.o
LOAD ./Middlewares/ST/STM32_USB_Device_Library/Core/Src/usbd_ioreq.o
LOAD ./Middlewares/Third_Party/FreeRTOS/Source/CMSIS_RTOS_V2/cmsis_os2.o
LOAD ./Middlewares/Third_Party/FreeRTOS/Source/croutine.o
LOAD ./Middlewares/Third_Party/FreeRTOS/Source/event_groups.o
LOAD ./Middlewares/Third_Party/FreeRTOS/Source/list.o
LOAD ./Middlewares/Third_Party/FreeRTOS/Source/queue.o
LOAD ./Middlewares/Third_Party/FreeRTOS/Source/stream_buffer.o
LOAD ./Middlewares/Third_Party/FreeRTOS/Source/tasks.o
LOAD ./Middlewares/Third_Party/FreeRTOS/Source/timers.o
LOAD ./Middlewares/Third_Party/FreeRTOS/Source/portable/GCC/ARM_CM4F/port.o
LOAD ./Middlewares/Third_Party/FreeRTOS/Source/portable/MemMang/heap_4.o
LOAD ./USB_DEVICE/App/usb_device.o
LOAD ./USB_DEVICE/App/usbd_desc.o
LOAD ./USB_DEVICE/App/usbd_storage_if.o
LOAD ./USB_DEVICE/Target/usbd_conf.o
START GROUP
LOAD C:/ST/STM32CubeIDE_1.15.0/STM32CubeIDE/plugins/com.st.stm32cube.ide.mcu.externaltools.gnu-tools-for-stm32.12.3.rel1.win32_1.0.200.202406191623/tools/bin/../lib/gcc/arm-none-eabi/12.3.1/../../../../arm-none-eabi/lib/thumb/v7e-m+fp/hard\libc_nano.a
LOAD C:/ST/STM32CubeIDE_1.15.0/STM32CubeIDE/plugins/com.st.stm32cube.ide.mcu.externaltools.gnu-tools-for-stm32.12.3.rel1.win32_1.0.200.202406191623/tools/bin/../lib/gcc/arm-none-eabi/12.3.1/../../../../arm-none-eabi/lib/thumb/v7e-m+fp/hard\libm.a
END GROUP
START GROUP
LOAD C:/ST/STM32CubeIDE_1.15.0/STM32CubeIDE/plugins/com.st.stm32cube.ide.mcu.externaltools.gnu-tools-for-stm32.12.3.rel1.win32_1.0.200.202406191623/tools/bin/../lib/gcc/arm-none-eabi/12.3.1/thumb/v7e-m+fp/hard\libgcc.a
LOAD C:/ST/STM32CubeIDE_1.15.0/STM32CubeIDE/plugins/com.st.stm32cube.ide.mcu.externaltools.gnu-tools-for-stm32.12.3.rel1.win32_1.0.200.202406191623/tools/bin/../lib/gcc/arm-none-eabi/12.3.1/../../../../arm-none-eabi/lib/thumb/v7e-m+fp/hard\libc_nano.a
END GROUP
START GROUP
LOAD C:/ST/STM32CubeIDE_1.15.0/STM32CubeIDE/plugins/com.st.stm32cube.ide.mcu.externaltools.gnu-tools-for-stm32.12.3.rel1.win32_1.0.200.202406191623/tools/bin/../lib/gcc/arm-none-eabi/12.3.1/thumb/v7e-m+fp/hard\libgcc.a
LOAD C:/ST/STM32CubeIDE_1.15.0/STM32CubeIDE/plugins/com.st.stm32cube.ide.mcu.externaltools.gnu-tools-for-stm32.12.3.rel1.win32_1.0.200.202406191623/tools/bin/../lib/gcc/arm-none-eabi/12.3.1/../../../../arm-none-eabi/lib/thumb/v7e-m+fp/hard\libc_nano.a
LOAD C:/ST/STM32CubeIDE_1.15.0/STM32CubeIDE/plugins/com.st.stm32cube.ide.mcu.externaltools.gnu-tools-for-stm32.12.3.rel1.win32_1.0.200.202406191623/tools/bin/../lib/gcc/arm-none-eabi/12.3.1/../../../../arm-none-eabi/lib/thumb/v7e-m+fp/hard\libnosys.a
END GROUP
START GROUP
LOAD C:/ST/STM32CubeIDE_1.15.0/STM32CubeIDE/plugins/com.st.stm32cube.ide.mcu.externaltools.gnu-tools-for-stm32.12.3.rel1.win32_1.0.200.202406191623/tools/bin/../lib/gcc/arm-none-eabi/12.3.1/thumb/v7e-m+fp/hard\libgcc.a
LOAD C:/ST/STM32CubeIDE_1.15.0/STM32CubeIDE/plugins/com.st.stm32cube.ide.mcu.externaltools.gnu-tools-for-stm32.12.3.rel1.win32_1.0.200.202406191623/tools/bin/../lib/gcc/arm-none-eabi/12.3.1/../../../../arm-none-eabi/lib/thumb/v7e-m+fp/hard\libc_nano.a
LOAD C:/ST/STM32CubeIDE_1.15.0/STM32CubeIDE/plugins/com.st.stm32cube.ide.mcu.externaltools.gnu-tools-for-stm32.12.3.rel1.win32_1.0.200.202406191623/tools/bin/../lib/gcc/arm-none-eabi/12.3.1/../../../../arm-none-eabi/lib/thumb/v7e-m+fp/hard\libnosys.a
END GROUP
LOAD C:/ST/STM32CubeIDE_1.15.0/STM32CubeIDE/plugins/com.st.stm32cube.ide.mcu.externaltools.gnu-tools-for-stm32.12.3.rel1.win32_1.0.200.202406191623/tools/bin/../lib/gcc/arm-none-eabi/12.3.1/thumb/v7e-m+fp/hard/crtend.o
LOAD C:/ST/STM32CubeIDE_1.15.0/STM32CubeIDE/plugins/com.st.stm32cube.ide.mcu.externaltools.gnu-tools-for-stm32.12.3.rel1.win32_1.0.200.202406191623/tools/bin/../lib/gcc/arm-none-eabi/12.3.1/thumb/v7e-m+fp/hard/crtn.o
                0x20020000                        _estack = (ORIGIN (RAM) + LENGTH (RAM))
                0x00000200                        _Min_Heap_Size = 0x200
                0x00000400                        _Min_Stack_Size = 0x400

.isr_vector     0x08000000      0x198
                0x08000000                        . = ALIGN (0x4)
 *(.isr_vector)
 .isr_vector    0x08000000      0x198 ./Core/Startup/startup_stm32f411retx.o
                0x08000000                g_pfnVectors
                0x08000198                        . = ALIGN (0x4)

.text           0x080001a0     0xcae8
                0x080001a0                        . = ALIGN (0x4)
 *(.text)
 .text          0x080001a0       0x40 C:/ST/STM32CubeIDE_1.15.0/STM32CubeIDE/plugins/com.st.stm32cube.ide.mcu.externaltools.gnu-tools-for-stm32.12.3.rel1.win32_1.0.200.202406191623/tools/bin/../lib/gcc/arm-none-eabi/12.3.1/thumb/v7e-m+fp/hard/crtbegin.o
 .text          0x080001e0       0x10 C:/ST/STM32CubeIDE_1.15.0/STM32CubeIDE/plugins/com.st.stm32cube.ide.mcu.externaltools.gnu-tools-for-stm32.12.3.rel1.win32_1.0.200.202406191623/tools/bin/../lib/gcc/arm-none-eabi/12.3.1/../../../../arm-none-eabi/lib/thumb/v7e-m+fp/hard\libc_nano.a(libc_a-strlen.o)
                0x080001e0                strlen
 .text          0x080001f0       0xa0 C:/ST/STM32CubeIDE_1.15.0/STM32CubeIDE/plugins/com.st.stm32cube.ide.mcu.externaltools.gnu-tools-for-stm32.12.3.rel1.win32_1.0.200.202406191623/tools/bin/../lib/gcc/arm-none-eabi/12.3.1/../../../../arm-none-eabi/lib/thumb/v7e-m+fp/hard\libc_nano.a(libc_a-memchr.o)
                0x080001f0                memchr
 .text          0x08000290      0x378 C:/ST/STM32CubeIDE_1.15.0/STM32CubeIDE/plugins/com.st.stm32cube.ide.mcu.externaltools.gnu-tools-for-stm32.12.3.rel1.win32_1.0.200.202406191623/tools/bin/../lib/gcc/arm-none-eabi/12.3.1/thumb/v7e-m+fp/hard\libgcc.a(_arm_addsubdf3.o)
                0x08000290                __aeabi_drsub
                0x08000298                __aeabi_dsub
                0x08000298                __subdf3
                0x0800029c                __aeabi_dadd
                0x0800029c                __adddf3
                0x08000514                __floatunsidf
                0x08000514                __aeabi_ui2d
                0x08000534                __floatsidf
                0x08000534                __aeabi_i2d
                0x08000558                __aeabi_f2d
                0x08000558                __extendsfdf2
                0x0800059c                __floatundidf
                0x0800059c                __aeabi_ul2d
                0x080005ac                __floatdidf
                0x080005ac                __aeabi_l2d
 .text          0x08000608      0x424 C:/ST/STM32CubeIDE_1.15.0/STM32CubeIDE/plugins/com.st.stm32cube.ide.mcu.externaltools.gnu-tools-for-stm32.12.3.rel1.win32_1.0.200.202406191623/tools/bin/../lib/gcc/arm-none-eabi/12.3.1/thumb/v7e-m+fp/hard\libgcc.a(_arm_muldivdf3.o)
                0x08000608                __aeabi_dmul
                0x08000608                __muldf3
                0x0800085c                __divdf3
                0x0800085c                __aeabi_ddiv
 .text          0x08000a2c      0x110 C:/ST/STM32CubeIDE_1.15.0/STM32CubeIDE/plugins/com.st.stm32cube.ide.mcu.externaltools.gnu-tools-for-stm32.12.3.rel1.win32_1.0.200.202406191623/tools/bin/../lib/gcc/arm-none-eabi/12.3.1/thumb/v7e-m+fp/hard\libgcc.a(_arm_cmpdf2.o)
                0x08000a2c                __gtdf2
                0x08000a2c                __gedf2
                0x08000a34                __ltdf2
                0x08000a34                __ledf2
                0x08000a3c                __nedf2
                0x08000a3c                __eqdf2
                0x08000a3c                __cmpdf2
                0x08000ab8                __aeabi_cdrcmple
                0x08000ac8                __aeabi_cdcmpeq
                0x08000ac8                __aeabi_cdcmple
                0x08000ad8                __aeabi_dcmpeq
                0x08000aec                __aeabi_dcmplt
                0x08000b00                __aeabi_dcmple
                0x08000b14                __aeabi_dcmpge
                0x08000b28                __aeabi_dcmpgt
 .text          0x08000b3c       0x2c C:/ST/STM32CubeIDE_1.15.0/STM32CubeIDE/plugins/com.st.stm32cube.ide.mcu.externaltools.gnu-tools-for-stm32.12.3.rel1.win32_1.0.200.202406191623/tools/bin/../lib/gcc/arm-none-eabi/12.3.1/thumb/v7e-m+fp/hard\libgcc.a(_arm_unorddf2.o)
                0x08000b3c                __unorddf2
                0x08000b3c                __aeabi_dcmpun
 .text          0x08000b68       0x40 C:/ST/STM32CubeIDE_1.15.0/STM32CubeIDE/plugins/com.st.stm32cube.ide.mcu.externaltools.gnu-tools-for-stm32.12.3.rel1.win32_1.0.200.202406191623/tools/bin/../lib/gcc/arm-none-eabi/12.3.1/thumb/v7e-m+fp/hard\libgcc.a(_arm_fixunsdfsi.o)
                0x08000b68                __aeabi_d2uiz
                0x08000b68                __fixunsdfsi
 .text          0x08000ba8       0xa0 C:/ST/STM32CubeIDE_1.15.0/STM32CubeIDE/plugins/com.st.stm32cube.ide.mcu.externaltools.gnu-tools-for-stm32.12.3.rel1.win32_1.0.200.202406191623/tools/bin/../lib/gcc/arm-none-eabi/12.3.1/thumb/v7e-m+fp/hard\libgcc.a(_arm_truncdfsf2.o)
                0x08000ba8                __truncdfsf2
                0x08000ba8                __aeabi_d2f
 .text          0x08000c48       0x30 C:/ST/STM32CubeIDE_1.15.0/STM32CubeIDE/plugins/com.st.stm32cube.ide.mcu.externaltools.gnu-tools-for-stm32.12.3.rel1.win32_1.0.200.202406191623/tools/bin/../lib/gcc/arm-none-eabi/12.3.1/thumb/v7e-m+fp/hard\libgcc.a(_aeabi_uldivmod.o)
                0x08000c48                __aeabi_uldivmod
 .text          0x08000c78      0x2bc C:/ST/STM32CubeIDE_1.15.0/STM32CubeIDE/plugins/com.st.stm32cube.ide.mcu.externaltools.gnu-tools-for-stm32.12.3.rel1.win32_1.0.200.202406191623/tools/bin/../lib/gcc/arm-none-eabi/12.3.1/thumb/v7e-m+fp/hard\libgcc.a(_udivmoddi4.o)
                0x08000c78                __udivmoddi4
 .text          0x08000f34        0x4 C:/ST/STM32CubeIDE_1.15.0/STM32CubeIDE/plugins/com.st.stm32cube.ide.mcu.externaltools.gnu-tools-for-stm32.12.3.rel1.win32_1.0.200.202406191623/tools/bin/../lib/gcc/arm-none-eabi/12.3.1/thumb/v7e-m+fp/hard\libgcc.a(_dvmd_tls.o)
                0x08000f34                __aeabi_idiv0
                0x08000f34                __aeabi_ldiv0
 *(.text*)
 .text.receive.isra.0
                0x08000f38       0x12 ./Core/Src/W25Q128.o
 .text.transmit.isra.0
                0x08000f4a       0x12 ./Core/Src/W25Q128.o
 .text.W25Q128_init
                0x08000f5c       0x18 ./Core/Src/W25Q128.o
                0x08000f5c                W25Q128_init
 .text.W25Q128_read_manufacturer_dev_id
                0x08000f74       0x58 ./Core/Src/W25Q128.o
                0x08000f74                W25Q128_read_manufacturer_dev_id
 .text.W25Q128_read_JEDEC_id
                0x08000fcc       0x78 ./Core/Src/W25Q128.o
                0x08000fcc                W25Q128_read_JEDEC_id
 .text.W25Q128_read_statusreg1
                0x08001044       0x46 ./Core/Src/W25Q128.o
                0x08001044                W25Q128_read_statusreg1
 .text.W25Q128_write_enable
                0x0800108a       0x34 ./Core/Src/W25Q128.o
                0x0800108a                W25Q128_write_enable
 .text.W25Q128_write_disable
                0x080010be       0x34 ./Core/Src/W25Q128.o
                0x080010be                W25Q128_write_disable
 .text.W25Q128_chip_erase
                0x080010f2       0x3a ./Core/Src/W25Q128.o
                0x080010f2                W25Q128_chip_erase
 .text.compensate_temperature
                0x0800112c       0x88 ./Core/Src/bmp3.o
 *fill*         0x080011b4        0x4 
 .text.compensate_pressure
                0x080011b8      0x1c0 ./Core/Src/bmp3.o
 .text.null_ptr_check
                0x08001378       0x20 ./Core/Src/bmp3.o
 .text.validate_osr_and_odr_settings
                0x08001398       0x94 ./Core/Src/bmp3.o
 .text.bmp3_get_regs
                0x0800142c       0x82 ./Core/Src/bmp3.o
                0x0800142c                bmp3_get_regs
 .text.bmp3_set_regs
                0x080014ae       0x9a ./Core/Src/bmp3.o
                0x080014ae                bmp3_set_regs
 .text.write_power_mode.isra.0
                0x08001548       0x42 ./Core/Src/bmp3.o
 *fill*         0x0800158a        0x2 
 .text.bmp3_set_sensor_settings
                0x0800158c      0x240 ./Core/Src/bmp3.o
                0x0800158c                bmp3_set_sensor_settings
 .text.bmp3_soft_reset
                0x080017cc       0x6e ./Core/Src/bmp3.o
                0x080017cc                bmp3_soft_reset
 *fill*         0x0800183a        0x2 
 .text.bmp3_init
                0x0800183c      0x200 ./Core/Src/bmp3.o
                0x0800183c                bmp3_init
 .text.bmp3_get_op_mode
                0x08001a3c       0x22 ./Core/Src/bmp3.o
                0x08001a3c                bmp3_get_op_mode
 .text.bmp3_set_op_mode
                0x08001a5e       0xf0 ./Core/Src/bmp3.o
                0x08001a5e                bmp3_set_op_mode
 .text.bmp3_get_sensor_data
                0x08001b4e       0xcc ./Core/Src/bmp3.o
                0x08001b4e                bmp3_get_sensor_data
 *fill*         0x08001c1a        0x2 
 .text.buzzerInit
                0x08001c1c       0x1c ./Core/Src/buzzer.o
                0x08001c1c                buzzerInit
 .text.look1_binlx.constprop.0
                0x08001c38      0x138 ./Core/Src/codegen_model.o
 .text.codegen_model_step
                0x08001d70      0x58c ./Core/Src/codegen_model.o
                0x08001d70                codegen_model_step
 *fill*         0x080022fc        0x4 
 .text.codegen_model_initialize
                0x08002300       0x68 ./Core/Src/codegen_model.o
                0x08002300                codegen_model_initialize
 .text.E220_enter_config_mode
                0x08002368       0x44 ./Core/Src/e220.o
                0x08002368                E220_enter_config_mode
 .text.E220_read_register
                0x080023ac       0x66 ./Core/Src/e220.o
                0x080023ac                E220_read_register
 .text.E220_enter_normal_mode
                0x08002412       0x28 ./Core/Src/e220.o
                0x08002412                E220_enter_normal_mode
 .text.E220_transmit_payload
                0x0800243a        0xe ./Core/Src/e220.o
                0x0800243a                E220_transmit_payload
 .text.trigger_event
                0x08002448       0x44 ./Core/Src/flight_control.o
                0x08002448                trigger_event
 .text.change_state_to
                0x0800248c       0x34 ./Core/Src/flight_control.o
                0x0800248c                change_state_to
 .text.check_Ready_phase
                0x080024c0       0x38 ./Core/Src/flight_control.o
                0x080024c0                check_Ready_phase
 .text.check_Burning_phase
                0x080024f8       0x48 ./Core/Src/flight_control.o
                0x080024f8                check_Burning_phase
 .text.check_Coasting_phase
                0x08002540       0x38 ./Core/Src/flight_control.o
                0x08002540                check_Coasting_phase
 .text.check_Drogue_phase
                0x08002578       0x38 ./Core/Src/flight_control.o
                0x08002578                check_Drogue_phase
 .text.check_Main_phase
                0x080025b0       0x38 ./Core/Src/flight_control.o
                0x080025b0                check_Main_phase
 .text.check_Touchdown_phase
                0x080025e8       0x38 ./Core/Src/flight_control.o
                0x080025e8                check_Touchdown_phase
 .text.check_flight_phase
                0x08002620      0x102 ./Core/Src/flight_control.o
                0x08002620                check_flight_phase
 .text.lsm6dso32_read_reg
                0x08002722        0xe ./Core/Src/lsm6dso32_reg.o
                0x08002722                lsm6dso32_read_reg
 .text.lsm6dso32_write_reg
                0x08002730        0xe ./Core/Src/lsm6dso32_reg.o
                0x08002730                lsm6dso32_write_reg
 *fill*         0x0800273e        0x2 
 .text.lsm6dso32_from_fs16_to_mg
                0x08002740       0x18 ./Core/Src/lsm6dso32_reg.o
                0x08002740                lsm6dso32_from_fs16_to_mg
 .text.lsm6dso32_from_fs2000_to_mdps
                0x08002758       0x18 ./Core/Src/lsm6dso32_reg.o
                0x08002758                lsm6dso32_from_fs2000_to_mdps
 .text.lsm6dso32_from_lsb_to_celsius
                0x08002770       0x1c ./Core/Src/lsm6dso32_reg.o
                0x08002770                lsm6dso32_from_lsb_to_celsius
 .text.lsm6dso32_xl_full_scale_set
                0x0800278c       0x2e ./Core/Src/lsm6dso32_reg.o
                0x0800278c                lsm6dso32_xl_full_scale_set
 .text.lsm6dso32_xl_data_rate_set
                0x080027ba       0xc0 ./Core/Src/lsm6dso32_reg.o
                0x080027ba                lsm6dso32_xl_data_rate_set
 .text.lsm6dso32_gy_full_scale_set
                0x0800287a       0x2e ./Core/Src/lsm6dso32_reg.o
                0x0800287a                lsm6dso32_gy_full_scale_set
 .text.lsm6dso32_gy_data_rate_set
                0x080028a8       0x80 ./Core/Src/lsm6dso32_reg.o
                0x080028a8                lsm6dso32_gy_data_rate_set
 .text.lsm6dso32_block_data_update_set
                0x08002928       0x2e ./Core/Src/lsm6dso32_reg.o
                0x08002928                lsm6dso32_block_data_update_set
 .text.lsm6dso32_xl_offset_weight_set
                0x08002956       0x2e ./Core/Src/lsm6dso32_reg.o
                0x08002956                lsm6dso32_xl_offset_weight_set
 .text.lsm6dso32_status_reg_get
                0x08002984        0xe ./Core/Src/lsm6dso32_reg.o
                0x08002984                lsm6dso32_status_reg_get
 .text.lsm6dso32_xl_usr_offset_x_set
                0x08002992        0xe ./Core/Src/lsm6dso32_reg.o
                0x08002992                lsm6dso32_xl_usr_offset_x_set
 .text.lsm6dso32_xl_usr_offset_y_set
                0x080029a0        0xe ./Core/Src/lsm6dso32_reg.o
                0x080029a0                lsm6dso32_xl_usr_offset_y_set
 .text.lsm6dso32_xl_usr_offset_z_set
                0x080029ae        0xe ./Core/Src/lsm6dso32_reg.o
                0x080029ae                lsm6dso32_xl_usr_offset_z_set
 .text.lsm6dso32_xl_usr_offset_set
                0x080029bc       0x2e ./Core/Src/lsm6dso32_reg.o
                0x080029bc                lsm6dso32_xl_usr_offset_set
 .text.lsm6dso32_temperature_raw_get
                0x080029ea       0x20 ./Core/Src/lsm6dso32_reg.o
                0x080029ea                lsm6dso32_temperature_raw_get
 .text.lsm6dso32_angular_rate_raw_get
                0x08002a0a       0x3c ./Core/Src/lsm6dso32_reg.o
                0x08002a0a                lsm6dso32_angular_rate_raw_get
 .text.lsm6dso32_acceleration_raw_get
                0x08002a46       0x3c ./Core/Src/lsm6dso32_reg.o
                0x08002a46                lsm6dso32_acceleration_raw_get
 .text.lsm6dso32_device_id_get
                0x08002a82        0xe ./Core/Src/lsm6dso32_reg.o
                0x08002a82                lsm6dso32_device_id_get
 .text.lsm6dso32_reset_set
                0x08002a90       0x2e ./Core/Src/lsm6dso32_reg.o
                0x08002a90                lsm6dso32_reset_set
 .text.lsm6dso32_reset_get
                0x08002abe       0x1c ./Core/Src/lsm6dso32_reg.o
                0x08002abe                lsm6dso32_reset_get
 .text.lsm6dso32_i3c_disable_set
                0x08002ada       0x58 ./Core/Src/lsm6dso32_reg.o
                0x08002ada                lsm6dso32_i3c_disable_set
 .text.Startup  0x08002b32        0xe ./Core/Src/main.o
                0x08002b32                Startup
 .text.SystemHealthCheck
                0x08002b40       0x1e ./Core/Src/main.o
                0x08002b40                SystemHealthCheck
 *fill*         0x08002b5e        0x2 
 .text.CommunicationBoard
                0x08002b60       0x7c ./Core/Src/main.o
                0x08002b60                CommunicationBoard
 .text.FlightFSM
                0x08002bdc       0xa8 ./Core/Src/main.o
                0x08002bdc                FlightFSM
 *fill*         0x08002c84        0x4 
 .text.readAltitude
                0x08002c88       0x54 ./Core/Src/main.o
                0x08002c88                readAltitude
 .text.Setnum_meas_stored_in_flash
                0x08002cdc       0x1c ./Core/Src/main.o
                0x08002cdc                Setnum_meas_stored_in_flash
 .text.Setnum_meas_stored_in_buffer
                0x08002cf8       0x34 ./Core/Src/main.o
                0x08002cf8                Setnum_meas_stored_in_buffer
 .text.FlashWrite
                0x08002d2c       0x9c ./Core/Src/main.o
                0x08002d2c                FlashWrite
 .text.Setnum_meas_stored_in_buffermod
                0x08002dc8       0x20 ./Core/Src/main.o
                0x08002dc8                Setnum_meas_stored_in_buffermod
 .text.SensorsRead
                0x08002de8      0x29c ./Core/Src/main.o
                0x08002de8                SensorsRead
 .text.SystemClock_Config
                0x08003084       0xa0 ./Core/Src/main.o
                0x08003084                SystemClock_Config
 *fill*         0x08003124        0x4 
 .text.startup.main
                0x08003128      0x60c ./Core/Src/main.o
                0x08003128                main
 .text.HAL_TIM_PeriodElapsedCallback
                0x08003734       0x14 ./Core/Src/main.o
                0x08003734                HAL_TIM_PeriodElapsedCallback
 .text.Error_Handler
                0x08003748        0x4 ./Core/Src/main.o
                0x08003748                Error_Handler
 .text.servo_init
                0x0800374c      0x104 ./Core/Src/servo.o
                0x0800374c                servo_init
 .text.servo_moveto_deg
                0x08003850       0x3c ./Core/Src/servo.o
                0x08003850                servo_moveto_deg
 .text.servo_rawmove
                0x0800388c       0x12 ./Core/Src/servo.o
                0x0800388c                servo_rawmove
 *fill*         0x0800389e        0x2 
 .text.HAL_MspInit
                0x080038a0       0x40 ./Core/Src/stm32f4xx_hal_msp.o
                0x080038a0                HAL_MspInit
 .text.HAL_ADC_MspInit
                0x080038e0       0x64 ./Core/Src/stm32f4xx_hal_msp.o
                0x080038e0                HAL_ADC_MspInit
 .text.HAL_SPI_MspInit
                0x08003944      0x114 ./Core/Src/stm32f4xx_hal_msp.o
                0x08003944                HAL_SPI_MspInit
 .text.HAL_TIM_Base_MspInit
                0x08003a58       0x30 ./Core/Src/stm32f4xx_hal_msp.o
                0x08003a58                HAL_TIM_Base_MspInit
 .text.HAL_TIM_PWM_MspInit
                0x08003a88       0x30 ./Core/Src/stm32f4xx_hal_msp.o
                0x08003a88                HAL_TIM_PWM_MspInit
 .text.HAL_TIM_MspPostInit
                0x08003ab8       0x7c ./Core/Src/stm32f4xx_hal_msp.o
                0x08003ab8                HAL_TIM_MspPostInit
 .text.HAL_UART_MspInit
                0x08003b34       0x70 ./Core/Src/stm32f4xx_hal_msp.o
                0x08003b34                HAL_UART_MspInit
 .text.HAL_InitTick
                0x08003ba4       0x90 ./Core/Src/stm32f4xx_hal_timebase_tim.o
                0x08003ba4                HAL_InitTick
 .text.NMI_Handler
                0x08003c34        0x2 ./Core/Src/stm32f4xx_it.o
                0x08003c34                NMI_Handler
 .text.HardFault_Handler
                0x08003c36        0x2 ./Core/Src/stm32f4xx_it.o
                0x08003c36                HardFault_Handler
 .text.MemManage_Handler
                0x08003c38        0x2 ./Core/Src/stm32f4xx_it.o
                0x08003c38                MemManage_Handler
 .text.BusFault_Handler
                0x08003c3a        0x2 ./Core/Src/stm32f4xx_it.o
                0x08003c3a                BusFault_Handler
 .text.UsageFault_Handler
                0x08003c3c        0x2 ./Core/Src/stm32f4xx_it.o
                0x08003c3c                UsageFault_Handler
 .text.DebugMon_Handler
                0x08003c3e        0x2 ./Core/Src/stm32f4xx_it.o
                0x08003c3e                DebugMon_Handler
 .text.TIM1_UP_TIM10_IRQHandler
                0x08003c40        0xc ./Core/Src/stm32f4xx_it.o
                0x08003c40                TIM1_UP_TIM10_IRQHandler
 .text.OTG_FS_IRQHandler
                0x08003c4c        0xc ./Core/Src/stm32f4xx_it.o
                0x08003c4c                OTG_FS_IRQHandler
 .text._read    0x08003c58       0x1c ./Core/Src/syscalls.o
                0x08003c58                _read
 .text._write   0x08003c74       0x1c ./Core/Src/syscalls.o
                0x08003c74                _write
 .text._close   0x08003c90        0x6 ./Core/Src/syscalls.o
                0x08003c90                _close
 .text._fstat   0x08003c96        0xa ./Core/Src/syscalls.o
                0x08003c96                _fstat
 .text._isatty  0x08003ca0        0x4 ./Core/Src/syscalls.o
                0x08003ca0                _isatty
 .text._lseek   0x08003ca4        0x4 ./Core/Src/syscalls.o
                0x08003ca4                _lseek
 .text._sbrk    0x08003ca8       0x40 ./Core/Src/sysmem.o
                0x08003ca8                _sbrk
 .text.SystemInit
                0x08003ce8       0x14 ./Core/Src/system_stm32f4xx.o
                0x08003ce8                SystemInit
 .text.bmp390_delay_us
                0x08003cfc        0x2 ./Core/Src/utilities.o
 *fill*         0x08003cfe        0x2 
 .text.imu1_write
                0x08003d00       0x54 ./Core/Src/utilities.o
                0x08003d00                imu1_write
 .text.bmp390_1_write
                0x08003d54       0x54 ./Core/Src/utilities.o
                0x08003d54                bmp390_1_write
 .text.imu2_write
                0x08003da8       0x54 ./Core/Src/utilities.o
                0x08003da8                imu2_write
 .text.bmp390_2_write
                0x08003dfc       0x54 ./Core/Src/utilities.o
                0x08003dfc                bmp390_2_write
 .text.imu1_read
                0x08003e50       0x58 ./Core/Src/utilities.o
                0x08003e50                imu1_read
 .text.bmp390_1_read
                0x08003ea8       0x54 ./Core/Src/utilities.o
                0x08003ea8                bmp390_1_read
 .text.imu2_read
                0x08003efc       0x58 ./Core/Src/utilities.o
                0x08003efc                imu2_read
 .text.bmp390_2_read
                0x08003f54       0x54 ./Core/Src/utilities.o
                0x08003f54                bmp390_2_read
 .text.init_imu1
                0x08003fa8       0xc0 ./Core/Src/utilities.o
                0x08003fa8                init_imu1
 .text.init_bmp390_1
                0x08004068       0x9c ./Core/Src/utilities.o
                0x08004068                init_bmp390_1
 .text.init_imu2
                0x08004104       0xc0 ./Core/Src/utilities.o
                0x08004104                init_imu2
 .text.init_bmp390_2
                0x080041c4       0x9c ./Core/Src/utilities.o
                0x080041c4                init_bmp390_2
 .text.init_flash
                0x08004260       0x68 ./Core/Src/utilities.o
                0x08004260                init_flash
 .text.calibrateIMU
                0x080042c8      0x21c ./Core/Src/utilities.o
                0x080042c8                calibrateIMU
 .text.Flash_Select
                0x080044e4       0x24 ./Core/Src/z_flash_W25QXXX.o
                0x080044e4                Flash_Select
 .text.Flash_UnSelect
                0x08004508       0x10 ./Core/Src/z_flash_W25QXXX.o
                0x08004508                Flash_UnSelect
 .text.Flash_Receive
                0x08004518       0x14 ./Core/Src/z_flash_W25QXXX.o
                0x08004518                Flash_Receive
 .text.Flash_Polling_Transmit
                0x0800452c       0x14 ./Core/Src/z_flash_W25QXXX.o
                0x0800452c                Flash_Polling_Transmit
 .text.Flash_Transmit_float
                0x08004540       0x34 ./Core/Src/z_flash_W25QXXX.o
                0x08004540                Flash_Transmit_float
 .text.Flash_WaitForWritingComplete
                0x08004574       0x2e ./Core/Src/z_flash_W25QXXX.o
                0x08004574                Flash_WaitForWritingComplete
 .text.Flash_SimpleWriteAPage_float
                0x080045a2       0x36 ./Core/Src/z_flash_W25QXXX.o
                0x080045a2                Flash_SimpleWriteAPage_float
 .text.Flash_Write_float
                0x080045d8       0x8a ./Core/Src/z_flash_W25QXXX.o
                0x080045d8                Flash_Write_float
 *fill*         0x08004662        0x2 
 .text.Reset_Handler
                0x08004664       0x50 ./Core/Startup/startup_stm32f411retx.o
                0x08004664                Reset_Handler
 .text.Default_Handler
                0x080046b4        0x2 ./Core/Startup/startup_stm32f411retx.o
                0x080046b4                RTC_Alarm_IRQHandler
                0x080046b4                EXTI2_IRQHandler
                0x080046b4                SPI4_IRQHandler
                0x080046b4                TIM1_CC_IRQHandler
                0x080046b4                DMA2_Stream5_IRQHandler
                0x080046b4                DMA1_Stream5_IRQHandler
                0x080046b4                PVD_IRQHandler
                0x080046b4                SDIO_IRQHandler
                0x080046b4                TAMP_STAMP_IRQHandler
                0x080046b4                EXTI3_IRQHandler
                0x080046b4                I2C3_ER_IRQHandler
                0x080046b4                EXTI0_IRQHandler
                0x080046b4                I2C2_EV_IRQHandler
                0x080046b4                DMA1_Stream2_IRQHandler
                0x080046b4                FPU_IRQHandler
                0x080046b4                DMA2_Stream2_IRQHandler
                0x080046b4                SPI1_IRQHandler
                0x080046b4                TIM1_BRK_TIM9_IRQHandler
                0x080046b4                DMA2_Stream3_IRQHandler
                0x080046b4                USART6_IRQHandler
                0x080046b4                DMA2_Stream0_IRQHandler
                0x080046b4                TIM4_IRQHandler
                0x080046b4                I2C1_EV_IRQHandler
                0x080046b4                DMA1_Stream6_IRQHandler
                0x080046b4                DMA1_Stream1_IRQHandler
                0x080046b4                TIM3_IRQHandler
                0x080046b4                RCC_IRQHandler
                0x080046b4                Default_Handler
                0x080046b4                EXTI15_10_IRQHandler
                0x080046b4                ADC_IRQHandler
                0x080046b4                DMA1_Stream7_IRQHandler
                0x080046b4                SPI5_IRQHandler
                0x080046b4                TIM5_IRQHandler
                0x080046b4                DMA2_Stream7_IRQHandler
                0x080046b4                I2C3_EV_IRQHandler
                0x080046b4                EXTI9_5_IRQHandler
                0x080046b4                RTC_WKUP_IRQHandler
                0x080046b4                SPI2_IRQHandler
                0x080046b4                DMA1_Stream0_IRQHandler
                0x080046b4                EXTI4_IRQHandler
                0x080046b4                WWDG_IRQHandler
                0x080046b4                TIM2_IRQHandler
                0x080046b4                OTG_FS_WKUP_IRQHandler
                0x080046b4                TIM1_TRG_COM_TIM11_IRQHandler
                0x080046b4                EXTI1_IRQHandler
                0x080046b4                USART2_IRQHandler
                0x080046b4                I2C2_ER_IRQHandler
                0x080046b4                DMA2_Stream1_IRQHandler
                0x080046b4                FLASH_IRQHandler
                0x080046b4                DMA2_Stream4_IRQHandler
                0x080046b4                USART1_IRQHandler
                0x080046b4                SPI3_IRQHandler
                0x080046b4                DMA1_Stream4_IRQHandler
                0x080046b4                I2C1_ER_IRQHandler
                0x080046b4                DMA2_Stream6_IRQHandler
                0x080046b4                DMA1_Stream3_IRQHandler
 *fill*         0x080046b6        0x2 
 .text.HAL_Init
                0x080046b8       0x34 ./Drivers/STM32F4xx_HAL_Driver/Src/stm32f4xx_hal.o
                0x080046b8                HAL_Init
 .text.HAL_IncTick
                0x080046ec       0x18 ./Drivers/STM32F4xx_HAL_Driver/Src/stm32f4xx_hal.o
                0x080046ec                HAL_IncTick
 .text.HAL_GetTick
                0x08004704        0xc ./Drivers/STM32F4xx_HAL_Driver/Src/stm32f4xx_hal.o
                0x08004704                HAL_GetTick
 .text.HAL_Delay
                0x08004710       0x28 ./Drivers/STM32F4xx_HAL_Driver/Src/stm32f4xx_hal.o
                0x08004710                HAL_Delay
 .text.HAL_ADC_Init
                0x08004738      0x14c ./Drivers/STM32F4xx_HAL_Driver/Src/stm32f4xx_hal_adc.o
                0x08004738                HAL_ADC_Init
 .text.HAL_ADC_ConfigChannel
                0x08004884      0x138 ./Drivers/STM32F4xx_HAL_Driver/Src/stm32f4xx_hal_adc.o
                0x08004884                HAL_ADC_ConfigChannel
 .text.HAL_NVIC_SetPriorityGrouping
                0x080049bc       0x24 ./Drivers/STM32F4xx_HAL_Driver/Src/stm32f4xx_hal_cortex.o
                0x080049bc                HAL_NVIC_SetPriorityGrouping
 .text.HAL_NVIC_SetPriority
                0x080049e0       0x64 ./Drivers/STM32F4xx_HAL_Driver/Src/stm32f4xx_hal_cortex.o
                0x080049e0                HAL_NVIC_SetPriority
 .text.HAL_NVIC_EnableIRQ
                0x08004a44       0x1c ./Drivers/STM32F4xx_HAL_Driver/Src/stm32f4xx_hal_cortex.o
                0x08004a44                HAL_NVIC_EnableIRQ
 .text.HAL_GPIO_Init
                0x08004a60      0x18c ./Drivers/STM32F4xx_HAL_Driver/Src/stm32f4xx_hal_gpio.o
                0x08004a60                HAL_GPIO_Init
 .text.HAL_GPIO_ReadPin
                0x08004bec        0xc ./Drivers/STM32F4xx_HAL_Driver/Src/stm32f4xx_hal_gpio.o
                0x08004bec                HAL_GPIO_ReadPin
 .text.HAL_GPIO_WritePin
                0x08004bf8        0xa ./Drivers/STM32F4xx_HAL_Driver/Src/stm32f4xx_hal_gpio.o
                0x08004bf8                HAL_GPIO_WritePin
 .text.HAL_PCD_Init
                0x08004c02       0xde ./Drivers/STM32F4xx_HAL_Driver/Src/stm32f4xx_hal_pcd.o
                0x08004c02                HAL_PCD_Init
 .text.HAL_PCD_Start
                0x08004ce0       0x3e ./Drivers/STM32F4xx_HAL_Driver/Src/stm32f4xx_hal_pcd.o
                0x08004ce0                HAL_PCD_Start
 .text.HAL_PCD_SetAddress
                0x08004d1e       0x26 ./Drivers/STM32F4xx_HAL_Driver/Src/stm32f4xx_hal_pcd.o
                0x08004d1e                HAL_PCD_SetAddress
 .text.HAL_PCD_EP_Open
                0x08004d44       0x72 ./Drivers/STM32F4xx_HAL_Driver/Src/stm32f4xx_hal_pcd.o
                0x08004d44                HAL_PCD_EP_Open
 .text.HAL_PCD_EP_Close
                0x08004db6       0x5c ./Drivers/STM32F4xx_HAL_Driver/Src/stm32f4xx_hal_pcd.o
                0x08004db6                HAL_PCD_EP_Close
 .text.HAL_PCD_EP_Receive
                0x08004e12       0x3c ./Drivers/STM32F4xx_HAL_Driver/Src/stm32f4xx_hal_pcd.o
                0x08004e12                HAL_PCD_EP_Receive
 .text.HAL_PCD_EP_GetRxCount
                0x08004e4e       0x10 ./Drivers/STM32F4xx_HAL_Driver/Src/stm32f4xx_hal_pcd.o
                0x08004e4e                HAL_PCD_EP_GetRxCount
 .text.HAL_PCD_EP_Transmit
                0x08004e5e       0x36 ./Drivers/STM32F4xx_HAL_Driver/Src/stm32f4xx_hal_pcd.o
                0x08004e5e                HAL_PCD_EP_Transmit
 .text.HAL_PCD_EP_SetStall
                0x08004e94       0x6e ./Drivers/STM32F4xx_HAL_Driver/Src/stm32f4xx_hal_pcd.o
                0x08004e94                HAL_PCD_EP_SetStall
 .text.HAL_PCD_EP_ClrStall
                0x08004f02       0x6a ./Drivers/STM32F4xx_HAL_Driver/Src/stm32f4xx_hal_pcd.o
                0x08004f02                HAL_PCD_EP_ClrStall
 .text.HAL_PCD_EP_Abort
                0x08004f6c       0x20 ./Drivers/STM32F4xx_HAL_Driver/Src/stm32f4xx_hal_pcd.o
                0x08004f6c                HAL_PCD_EP_Abort
 .text.HAL_PCD_IRQHandler
                0x08004f8c      0x694 ./Drivers/STM32F4xx_HAL_Driver/Src/stm32f4xx_hal_pcd.o
                0x08004f8c                HAL_PCD_IRQHandler
 .text.HAL_PCD_EP_Flush
                0x08005620       0x32 ./Drivers/STM32F4xx_HAL_Driver/Src/stm32f4xx_hal_pcd.o
                0x08005620                HAL_PCD_EP_Flush
 .text.HAL_PCDEx_SetTxFiFo
                0x08005652       0x3e ./Drivers/STM32F4xx_HAL_Driver/Src/stm32f4xx_hal_pcd_ex.o
                0x08005652                HAL_PCDEx_SetTxFiFo
 .text.HAL_PCDEx_SetRxFiFo
                0x08005690        0x8 ./Drivers/STM32F4xx_HAL_Driver/Src/stm32f4xx_hal_pcd_ex.o
                0x08005690                HAL_PCDEx_SetRxFiFo
 .text.HAL_PCDEx_LPM_Callback
                0x08005698        0x2 ./Drivers/STM32F4xx_HAL_Driver/Src/stm32f4xx_hal_pcd_ex.o
                0x08005698                HAL_PCDEx_LPM_Callback
 *fill*         0x0800569a        0x2 
 .text.HAL_RCC_OscConfig
                0x0800569c      0x35c ./Drivers/STM32F4xx_HAL_Driver/Src/stm32f4xx_hal_rcc.o
                0x0800569c                HAL_RCC_OscConfig
 .text.HAL_RCC_GetSysClockFreq
                0x080059f8       0x4c ./Drivers/STM32F4xx_HAL_Driver/Src/stm32f4xx_hal_rcc.o
                0x080059f8                HAL_RCC_GetSysClockFreq
 .text.HAL_RCC_ClockConfig
                0x08005a44      0x134 ./Drivers/STM32F4xx_HAL_Driver/Src/stm32f4xx_hal_rcc.o
                0x08005a44                HAL_RCC_ClockConfig
 .text.HAL_RCC_GetHCLKFreq
                0x08005b78        0xc ./Drivers/STM32F4xx_HAL_Driver/Src/stm32f4xx_hal_rcc.o
                0x08005b78                HAL_RCC_GetHCLKFreq
 .text.HAL_RCC_GetPCLK1Freq
                0x08005b84       0x20 ./Drivers/STM32F4xx_HAL_Driver/Src/stm32f4xx_hal_rcc.o
                0x08005b84                HAL_RCC_GetPCLK1Freq
 .text.HAL_RCC_GetPCLK2Freq
                0x08005ba4       0x20 ./Drivers/STM32F4xx_HAL_Driver/Src/stm32f4xx_hal_rcc.o
                0x08005ba4                HAL_RCC_GetPCLK2Freq
 .text.HAL_RCC_GetClockConfig
                0x08005bc4       0x3c ./Drivers/STM32F4xx_HAL_Driver/Src/stm32f4xx_hal_rcc.o
                0x08005bc4                HAL_RCC_GetClockConfig
 .text.SPI_WaitFlagStateUntilTimeout
                0x08005c00       0xb8 ./Drivers/STM32F4xx_HAL_Driver/Src/stm32f4xx_hal_spi.o
 .text.SPI_EndRxTxTransaction
                0x08005cb8       0x78 ./Drivers/STM32F4xx_HAL_Driver/Src/stm32f4xx_hal_spi.o
 .text.SPI_EndRxTransaction
                0x08005d30       0x5c ./Drivers/STM32F4xx_HAL_Driver/Src/stm32f4xx_hal_spi.o
 .text.HAL_SPI_Init
                0x08005d8c       0xb8 ./Drivers/STM32F4xx_HAL_Driver/Src/stm32f4xx_hal_spi.o
                0x08005d8c                HAL_SPI_Init
 .text.HAL_SPI_Transmit
                0x08005e44      0x160 ./Drivers/STM32F4xx_HAL_Driver/Src/stm32f4xx_hal_spi.o
                0x08005e44                HAL_SPI_Transmit
 .text.HAL_SPI_TransmitReceive
                0x08005fa4      0x1f8 ./Drivers/STM32F4xx_HAL_Driver/Src/stm32f4xx_hal_spi.o
                0x08005fa4                HAL_SPI_TransmitReceive
 .text.HAL_SPI_Receive
                0x0800619c      0x148 ./Drivers/STM32F4xx_HAL_Driver/Src/stm32f4xx_hal_spi.o
                0x0800619c                HAL_SPI_Receive
 .text.TIM_OC1_SetConfig
                0x080062e4       0x50 ./Drivers/STM32F4xx_HAL_Driver/Src/stm32f4xx_hal_tim.o
 .text.TIM_OC3_SetConfig
                0x08006334       0x54 ./Drivers/STM32F4xx_HAL_Driver/Src/stm32f4xx_hal_tim.o
 .text.TIM_OC4_SetConfig
                0x08006388       0x44 ./Drivers/STM32F4xx_HAL_Driver/Src/stm32f4xx_hal_tim.o
 .text.HAL_TIM_Base_Start_IT
                0x080063cc       0x64 ./Drivers/STM32F4xx_HAL_Driver/Src/stm32f4xx_hal_tim.o
                0x080063cc                HAL_TIM_Base_Start_IT
 .text.HAL_TIM_OC_DelayElapsedCallback
                0x08006430        0x2 ./Drivers/STM32F4xx_HAL_Driver/Src/stm32f4xx_hal_tim.o
                0x08006430                HAL_TIM_OC_DelayElapsedCallback
 .text.HAL_TIM_IC_CaptureCallback
                0x08006432        0x2 ./Drivers/STM32F4xx_HAL_Driver/Src/stm32f4xx_hal_tim.o
                0x08006432                HAL_TIM_IC_CaptureCallback
 .text.HAL_TIM_PWM_PulseFinishedCallback
                0x08006434        0x2 ./Drivers/STM32F4xx_HAL_Driver/Src/stm32f4xx_hal_tim.o
                0x08006434                HAL_TIM_PWM_PulseFinishedCallback
 .text.HAL_TIM_TriggerCallback
                0x08006436        0x2 ./Drivers/STM32F4xx_HAL_Driver/Src/stm32f4xx_hal_tim.o
                0x08006436                HAL_TIM_TriggerCallback
 .text.HAL_TIM_IRQHandler
                0x08006438      0x128 ./Drivers/STM32F4xx_HAL_Driver/Src/stm32f4xx_hal_tim.o
                0x08006438                HAL_TIM_IRQHandler
 .text.TIM_Base_SetConfig
                0x08006560       0xa8 ./Drivers/STM32F4xx_HAL_Driver/Src/stm32f4xx_hal_tim.o
                0x08006560                TIM_Base_SetConfig
 .text.HAL_TIM_Base_Init
                0x08006608       0x58 ./Drivers/STM32F4xx_HAL_Driver/Src/stm32f4xx_hal_tim.o
                0x08006608                HAL_TIM_Base_Init
 .text.HAL_TIM_PWM_Init
                0x08006660       0x58 ./Drivers/STM32F4xx_HAL_Driver/Src/stm32f4xx_hal_tim.o
                0x08006660                HAL_TIM_PWM_Init
 .text.TIM_OC2_SetConfig
                0x080066b8       0x58 ./Drivers/STM32F4xx_HAL_Driver/Src/stm32f4xx_hal_tim.o
                0x080066b8                TIM_OC2_SetConfig
 .text.HAL_TIM_PWM_ConfigChannel
                0x08006710       0xb0 ./Drivers/STM32F4xx_HAL_Driver/Src/stm32f4xx_hal_tim.o
                0x08006710                HAL_TIM_PWM_ConfigChannel
 .text.TIM_ETR_SetConfig
                0x080067c0       0x14 ./Drivers/STM32F4xx_HAL_Driver/Src/stm32f4xx_hal_tim.o
                0x080067c0                TIM_ETR_SetConfig
 .text.HAL_TIM_ConfigClockSource
                0x080067d4      0x132 ./Drivers/STM32F4xx_HAL_Driver/Src/stm32f4xx_hal_tim.o
                0x080067d4                HAL_TIM_ConfigClockSource
 .text.TIM_CCxChannelCmd
                0x08006906       0x1c ./Drivers/STM32F4xx_HAL_Driver/Src/stm32f4xx_hal_tim.o
                0x08006906                TIM_CCxChannelCmd
 *fill*         0x08006922        0x2 
 .text.HAL_TIM_OC_Start
                0x08006924       0xac ./Drivers/STM32F4xx_HAL_Driver/Src/stm32f4xx_hal_tim.o
                0x08006924                HAL_TIM_OC_Start
 .text.HAL_TIM_PWM_Start
                0x080069d0        0x4 ./Drivers/STM32F4xx_HAL_Driver/Src/stm32f4xx_hal_tim.o
                0x080069d0                HAL_TIM_PWM_Start
 .text.HAL_TIMEx_MasterConfigSynchronization
                0x080069d4       0x6c ./Drivers/STM32F4xx_HAL_Driver/Src/stm32f4xx_hal_tim_ex.o
                0x080069d4                HAL_TIMEx_MasterConfigSynchronization
 .text.HAL_TIMEx_CommutCallback
                0x08006a40        0x2 ./Drivers/STM32F4xx_HAL_Driver/Src/stm32f4xx_hal_tim_ex.o
                0x08006a40                HAL_TIMEx_CommutCallback
 .text.HAL_TIMEx_BreakCallback
                0x08006a42        0x2 ./Drivers/STM32F4xx_HAL_Driver/Src/stm32f4xx_hal_tim_ex.o
                0x08006a42                HAL_TIMEx_BreakCallback
 .text.UART_EndRxTransfer
                0x08006a44       0x5c ./Drivers/STM32F4xx_HAL_Driver/Src/stm32f4xx_hal_uart.o
 .text.UART_SetConfig
                0x08006aa0       0xbc ./Drivers/STM32F4xx_HAL_Driver/Src/stm32f4xx_hal_uart.o
 .text.UART_WaitOnFlagUntilTimeout.constprop.0
                0x08006b5c       0x64 ./Drivers/STM32F4xx_HAL_Driver/Src/stm32f4xx_hal_uart.o
 .text.HAL_UART_Init
                0x08006bc0       0x5e ./Drivers/STM32F4xx_HAL_Driver/Src/stm32f4xx_hal_uart.o
                0x08006bc0                HAL_UART_Init
 .text.HAL_UART_Transmit
                0x08006c1e       0x9c ./Drivers/STM32F4xx_HAL_Driver/Src/stm32f4xx_hal_uart.o
                0x08006c1e                HAL_UART_Transmit
 .text.HAL_UART_Receive
                0x08006cba       0xae ./Drivers/STM32F4xx_HAL_Driver/Src/stm32f4xx_hal_uart.o
                0x08006cba                HAL_UART_Receive
 .text.USB_CoreReset
                0x08006d68       0x46 ./Drivers/STM32F4xx_HAL_Driver/Src/stm32f4xx_ll_usb.o
 .text.USB_CoreInit
                0x08006dae       0x88 ./Drivers/STM32F4xx_HAL_Driver/Src/stm32f4xx_ll_usb.o
                0x08006dae                USB_CoreInit
 *fill*         0x08006e36        0x2 
 .text.USB_SetTurnaroundTime
                0x08006e38       0xe0 ./Drivers/STM32F4xx_HAL_Driver/Src/stm32f4xx_ll_usb.o
                0x08006e38                USB_SetTurnaroundTime
 .text.USB_EnableGlobalInt
                0x08006f18        0xc ./Drivers/STM32F4xx_HAL_Driver/Src/stm32f4xx_ll_usb.o
                0x08006f18                USB_EnableGlobalInt
 .text.USB_DisableGlobalInt
                0x08006f24        0xc ./Drivers/STM32F4xx_HAL_Driver/Src/stm32f4xx_ll_usb.o
                0x08006f24                USB_DisableGlobalInt
 .text.USB_SetCurrentMode
                0x08006f30       0x60 ./Drivers/STM32F4xx_HAL_Driver/Src/stm32f4xx_ll_usb.o
                0x08006f30                USB_SetCurrentMode
 .text.USB_FlushTxFifo
                0x08006f90       0x46 ./Drivers/STM32F4xx_HAL_Driver/Src/stm32f4xx_ll_usb.o
                0x08006f90                USB_FlushTxFifo
 .text.USB_FlushRxFifo
                0x08006fd6       0x42 ./Drivers/STM32F4xx_HAL_Driver/Src/stm32f4xx_ll_usb.o
                0x08006fd6                USB_FlushRxFifo
 .text.USB_SetDevSpeed
                0x08007018        0xe ./Drivers/STM32F4xx_HAL_Driver/Src/stm32f4xx_ll_usb.o
                0x08007018                USB_SetDevSpeed
 *fill*         0x08007026        0x2 
 .text.USB_DevInit
                0x08007028      0x174 ./Drivers/STM32F4xx_HAL_Driver/Src/stm32f4xx_ll_usb.o
                0x08007028                USB_DevInit
 .text.USB_GetDevSpeed
                0x0800719c       0x16 ./Drivers/STM32F4xx_HAL_Driver/Src/stm32f4xx_ll_usb.o
                0x0800719c                USB_GetDevSpeed
 .text.USB_ActivateEndpoint
                0x080071b2       0x7e ./Drivers/STM32F4xx_HAL_Driver/Src/stm32f4xx_ll_usb.o
                0x080071b2                USB_ActivateEndpoint
 .text.USB_DeactivateEndpoint
                0x08007230       0xac ./Drivers/STM32F4xx_HAL_Driver/Src/stm32f4xx_ll_usb.o
                0x08007230                USB_DeactivateEndpoint
 .text.USB_EPStopXfer
                0x080072dc       0x84 ./Drivers/STM32F4xx_HAL_Driver/Src/stm32f4xx_ll_usb.o
                0x080072dc                USB_EPStopXfer
 .text.USB_WritePacket
                0x08007360       0x26 ./Drivers/STM32F4xx_HAL_Driver/Src/stm32f4xx_ll_usb.o
                0x08007360                USB_WritePacket
 *fill*         0x08007386        0x2 
 .text.USB_EPStartXfer
                0x08007388      0x204 ./Drivers/STM32F4xx_HAL_Driver/Src/stm32f4xx_ll_usb.o
                0x08007388                USB_EPStartXfer
 .text.USB_ReadPacket
                0x0800758c       0x40 ./Drivers/STM32F4xx_HAL_Driver/Src/stm32f4xx_ll_usb.o
                0x0800758c                USB_ReadPacket
 .text.USB_EPSetStall
                0x080075cc       0x56 ./Drivers/STM32F4xx_HAL_Driver/Src/stm32f4xx_ll_usb.o
                0x080075cc                USB_EPSetStall
 .text.USB_EPClearStall
                0x08007622       0x52 ./Drivers/STM32F4xx_HAL_Driver/Src/stm32f4xx_ll_usb.o
                0x08007622                USB_EPClearStall
 .text.USB_SetDevAddress
                0x08007674       0x20 ./Drivers/STM32F4xx_HAL_Driver/Src/stm32f4xx_ll_usb.o
                0x08007674                USB_SetDevAddress
 .text.USB_DevConnect
                0x08007694       0x1c ./Drivers/STM32F4xx_HAL_Driver/Src/stm32f4xx_ll_usb.o
                0x08007694                USB_DevConnect
 .text.USB_DevDisconnect
                0x080076b0       0x1c ./Drivers/STM32F4xx_HAL_Driver/Src/stm32f4xx_ll_usb.o
                0x080076b0                USB_DevDisconnect
 .text.USB_ReadInterrupts
                0x080076cc        0x8 ./Drivers/STM32F4xx_HAL_Driver/Src/stm32f4xx_ll_usb.o
                0x080076cc                USB_ReadInterrupts
 .text.USB_ReadDevAllOutEpInterrupt
                0x080076d4       0x10 ./Drivers/STM32F4xx_HAL_Driver/Src/stm32f4xx_ll_usb.o
                0x080076d4                USB_ReadDevAllOutEpInterrupt
 .text.USB_ReadDevAllInEpInterrupt
                0x080076e4       0x10 ./Drivers/STM32F4xx_HAL_Driver/Src/stm32f4xx_ll_usb.o
                0x080076e4                USB_ReadDevAllInEpInterrupt
 .text.USB_ReadDevOutEPInterrupt
                0x080076f4       0x12 ./Drivers/STM32F4xx_HAL_Driver/Src/stm32f4xx_ll_usb.o
                0x080076f4                USB_ReadDevOutEPInterrupt
 .text.USB_ReadDevInEPInterrupt
                0x08007706       0x22 ./Drivers/STM32F4xx_HAL_Driver/Src/stm32f4xx_ll_usb.o
                0x08007706                USB_ReadDevInEPInterrupt
 .text.USB_GetMode
                0x08007728        0x8 ./Drivers/STM32F4xx_HAL_Driver/Src/stm32f4xx_ll_usb.o
                0x08007728                USB_GetMode
 .text.USB_ActivateSetup
                0x08007730       0x20 ./Drivers/STM32F4xx_HAL_Driver/Src/stm32f4xx_ll_usb.o
                0x08007730                USB_ActivateSetup
 .text.USB_EP0_OutStart
                0x08007750       0x4c ./Drivers/STM32F4xx_HAL_Driver/Src/stm32f4xx_ll_usb.o
                0x08007750                USB_EP0_OutStart
 .text.USBD_MSC_GetDeviceQualifierDescriptor
                0x0800779c        0xc ./Middlewares/ST/STM32_USB_Device_Library/Class/MSC/Src/usbd_msc.o
                0x0800779c                USBD_MSC_GetDeviceQualifierDescriptor
 .text.USBD_MSC_Init
                0x080077a8       0x94 ./Middlewares/ST/STM32_USB_Device_Library/Class/MSC/Src/usbd_msc.o
                0x080077a8                USBD_MSC_Init
 .text.USBD_MSC_Setup
                0x0800783c      0x104 ./Middlewares/ST/STM32_USB_Device_Library/Class/MSC/Src/usbd_msc.o
                0x0800783c                USBD_MSC_Setup
 .text.USBD_MSC_DataIn
                0x08007940        0xa ./Middlewares/ST/STM32_USB_Device_Library/Class/MSC/Src/usbd_msc.o
                0x08007940                USBD_MSC_DataIn
 .text.USBD_MSC_DataOut
                0x0800794a        0xa ./Middlewares/ST/STM32_USB_Device_Library/Class/MSC/Src/usbd_msc.o
                0x0800794a                USBD_MSC_DataOut
 .text.USBD_MSC_GetHSCfgDesc
                0x08007954       0x38 ./Middlewares/ST/STM32_USB_Device_Library/Class/MSC/Src/usbd_msc.o
                0x08007954                USBD_MSC_GetHSCfgDesc
 .text.USBD_MSC_GetFSCfgDesc
                0x0800798c       0x38 ./Middlewares/ST/STM32_USB_Device_Library/Class/MSC/Src/usbd_msc.o
                0x0800798c                USBD_MSC_GetFSCfgDesc
 .text.USBD_MSC_GetOtherSpeedCfgDesc
                0x080079c4        0x4 ./Middlewares/ST/STM32_USB_Device_Library/Class/MSC/Src/usbd_msc.o
                0x080079c4                USBD_MSC_GetOtherSpeedCfgDesc
 .text.USBD_MSC_DeInit
                0x080079c8       0x70 ./Middlewares/ST/STM32_USB_Device_Library/Class/MSC/Src/usbd_msc.o
                0x080079c8                USBD_MSC_DeInit
 .text.USBD_MSC_RegisterStorage
                0x08007a38       0x16 ./Middlewares/ST/STM32_USB_Device_Library/Class/MSC/Src/usbd_msc.o
                0x08007a38                USBD_MSC_RegisterStorage
 *fill*         0x08007a4e        0x2 
 .text.MSC_BOT_Abort
                0x08007a50       0x58 ./Middlewares/ST/STM32_USB_Device_Library/Class/MSC/Src/usbd_msc_bot.o
 .text.MSC_BOT_Init
                0x08007aa8       0x58 ./Middlewares/ST/STM32_USB_Device_Library/Class/MSC/Src/usbd_msc_bot.o
                0x08007aa8                MSC_BOT_Init
 .text.MSC_BOT_Reset
                0x08007b00       0x44 ./Middlewares/ST/STM32_USB_Device_Library/Class/MSC/Src/usbd_msc_bot.o
                0x08007b00                MSC_BOT_Reset
 .text.MSC_BOT_DeInit
                0x08007b44       0x12 ./Middlewares/ST/STM32_USB_Device_Library/Class/MSC/Src/usbd_msc_bot.o
                0x08007b44                MSC_BOT_DeInit
 *fill*         0x08007b56        0x2 
 .text.MSC_BOT_SendCSW
                0x08007b58       0x50 ./Middlewares/ST/STM32_USB_Device_Library/Class/MSC/Src/usbd_msc_bot.o
                0x08007b58                MSC_BOT_SendCSW
 .text.MSC_BOT_DataIn
                0x08007ba8       0x3e ./Middlewares/ST/STM32_USB_Device_Library/Class/MSC/Src/usbd_msc_bot.o
                0x08007ba8                MSC_BOT_DataIn
 *fill*         0x08007be6        0x2 
 .text.MSC_BOT_DataOut
                0x08007be8       0xf4 ./Middlewares/ST/STM32_USB_Device_Library/Class/MSC/Src/usbd_msc_bot.o
                0x08007be8                MSC_BOT_DataOut
 .text.MSC_BOT_CplClrFeature
                0x08007cdc       0x48 ./Middlewares/ST/STM32_USB_Device_Library/Class/MSC/Src/usbd_msc_bot.o
                0x08007cdc                MSC_BOT_CplClrFeature
 .text.SCSI_SenseCode.constprop.0
                0x08007d24       0x38 ./Middlewares/ST/STM32_USB_Device_Library/Class/MSC/Src/usbd_msc_scsi.o
 .text.SCSI_ProcessWrite
                0x08007d5c       0xac ./Middlewares/ST/STM32_USB_Device_Library/Class/MSC/Src/usbd_msc_scsi.o
 .text.SCSI_ProcessRead
                0x08007e08       0xa0 ./Middlewares/ST/STM32_USB_Device_Library/Class/MSC/Src/usbd_msc_scsi.o
 .text.SCSI_UpdateBotData.isra.0
                0x08007ea8       0x16 ./Middlewares/ST/STM32_USB_Device_Library/Class/MSC/Src/usbd_msc_scsi.o
 .text.SCSI_CheckAddressRange.isra.0
                0x08007ebe       0x2a ./Middlewares/ST/STM32_USB_Device_Library/Class/MSC/Src/usbd_msc_scsi.o
 .text.SCSI_ProcessCmd
                0x08007ee8      0x4e8 ./Middlewares/ST/STM32_USB_Device_Library/Class/MSC/Src/usbd_msc_scsi.o
                0x08007ee8                SCSI_ProcessCmd
 .text.SCSI_SenseCode
                0x080083d0       0x38 ./Middlewares/ST/STM32_USB_Device_Library/Class/MSC/Src/usbd_msc_scsi.o
                0x080083d0                SCSI_SenseCode
 .text.USBD_Init
                0x08008408       0x26 ./Middlewares/ST/STM32_USB_Device_Library/Core/Src/usbd_core.o
                0x08008408                USBD_Init
 .text.USBD_RegisterClass
                0x0800842e       0x32 ./Middlewares/ST/STM32_USB_Device_Library/Core/Src/usbd_core.o
                0x0800842e                USBD_RegisterClass
 .text.USBD_Start
                0x08008460        0x4 ./Middlewares/ST/STM32_USB_Device_Library/Core/Src/usbd_core.o
                0x08008460                USBD_Start
 .text.USBD_SetClassConfig
                0x08008464        0xe ./Middlewares/ST/STM32_USB_Device_Library/Core/Src/usbd_core.o
                0x08008464                USBD_SetClassConfig
 .text.USBD_ClrClassConfig
                0x08008472       0x12 ./Middlewares/ST/STM32_USB_Device_Library/Core/Src/usbd_core.o
                0x08008472                USBD_ClrClassConfig
 .text.USBD_LL_SetupStage
                0x08008484       0x60 ./Middlewares/ST/STM32_USB_Device_Library/Core/Src/usbd_core.o
                0x08008484                USBD_LL_SetupStage
 .text.USBD_LL_DataOutStage
                0x080084e4       0x6a ./Middlewares/ST/STM32_USB_Device_Library/Core/Src/usbd_core.o
                0x080084e4                USBD_LL_DataOutStage
 .text.USBD_LL_DataInStage
                0x0800854e       0xa6 ./Middlewares/ST/STM32_USB_Device_Library/Core/Src/usbd_core.o
                0x0800854e                USBD_LL_DataInStage
 .text.USBD_LL_Reset
                0x080085f4       0x5e ./Middlewares/ST/STM32_USB_Device_Library/Core/Src/usbd_core.o
                0x080085f4                USBD_LL_Reset
 .text.USBD_LL_SetSpeed
                0x08008652        0x6 ./Middlewares/ST/STM32_USB_Device_Library/Core/Src/usbd_core.o
                0x08008652                USBD_LL_SetSpeed
 .text.USBD_LL_Suspend
                0x08008658       0x1c ./Middlewares/ST/STM32_USB_Device_Library/Core/Src/usbd_core.o
                0x08008658                USBD_LL_Suspend
 .text.USBD_LL_Resume
                0x08008674       0x16 ./Middlewares/ST/STM32_USB_Device_Library/Core/Src/usbd_core.o
                0x08008674                USBD_LL_Resume
 .text.USBD_LL_SOF
                0x0800868a       0x1a ./Middlewares/ST/STM32_USB_Device_Library/Core/Src/usbd_core.o
                0x0800868a                USBD_LL_SOF
 .text.USBD_LL_IsoINIncomplete
                0x080086a4       0x26 ./Middlewares/ST/STM32_USB_Device_Library/Core/Src/usbd_core.o
                0x080086a4                USBD_LL_IsoINIncomplete
 .text.USBD_LL_IsoOUTIncomplete
                0x080086ca       0x26 ./Middlewares/ST/STM32_USB_Device_Library/Core/Src/usbd_core.o
                0x080086ca                USBD_LL_IsoOUTIncomplete
 .text.USBD_LL_DevConnected
                0x080086f0        0x4 ./Middlewares/ST/STM32_USB_Device_Library/Core/Src/usbd_core.o
                0x080086f0                USBD_LL_DevConnected
 .text.USBD_LL_DevDisconnected
                0x080086f4       0x20 ./Middlewares/ST/STM32_USB_Device_Library/Core/Src/usbd_core.o
                0x080086f4                USBD_LL_DevDisconnected
 .text.USBD_CoreFindIF
                0x08008714        0x4 ./Middlewares/ST/STM32_USB_Device_Library/Core/Src/usbd_core.o
                0x08008714                USBD_CoreFindIF
 .text.USBD_CoreFindEP
                0x08008718        0x4 ./Middlewares/ST/STM32_USB_Device_Library/Core/Src/usbd_core.o
                0x08008718                USBD_CoreFindEP
 .text.USBD_GetEpDesc
                0x0800871c       0x24 ./Middlewares/ST/STM32_USB_Device_Library/Core/Src/usbd_core.o
                0x0800871c                USBD_GetEpDesc
 .text.USBD_CtlError.constprop.0
                0x08008740       0x16 ./Middlewares/ST/STM32_USB_Device_Library/Core/Src/usbd_ctlreq.o
 *fill*         0x08008756        0x2 
 .text.USBD_StdDevReq
                0x08008758      0x28c ./Middlewares/ST/STM32_USB_Device_Library/Core/Src/usbd_ctlreq.o
                0x08008758                USBD_StdDevReq
 .text.USBD_StdItfReq
                0x080089e4       0x5a ./Middlewares/ST/STM32_USB_Device_Library/Core/Src/usbd_ctlreq.o
                0x080089e4                USBD_StdItfReq
 .text.USBD_StdEPReq
                0x08008a3e      0x13a ./Middlewares/ST/STM32_USB_Device_Library/Core/Src/usbd_ctlreq.o
                0x08008a3e                USBD_StdEPReq
 .text.USBD_ParseSetupRequest
                0x08008b78       0x16 ./Middlewares/ST/STM32_USB_Device_Library/Core/Src/usbd_ctlreq.o
                0x08008b78                USBD_ParseSetupRequest
 .text.USBD_CtlError
                0x08008b8e       0x16 ./Middlewares/ST/STM32_USB_Device_Library/Core/Src/usbd_ctlreq.o
                0x08008b8e                USBD_CtlError
 .text.USBD_GetString
                0x08008ba4       0x38 ./Middlewares/ST/STM32_USB_Device_Library/Core/Src/usbd_ctlreq.o
                0x08008ba4                USBD_GetString
 .text.USBD_CtlSendData
                0x08008bdc       0x1a ./Middlewares/ST/STM32_USB_Device_Library/Core/Src/usbd_ioreq.o
                0x08008bdc                USBD_CtlSendData
 .text.USBD_CtlContinueSendData
                0x08008bf6       0x10 ./Middlewares/ST/STM32_USB_Device_Library/Core/Src/usbd_ioreq.o
                0x08008bf6                USBD_CtlContinueSendData
 .text.USBD_CtlContinueRx
                0x08008c06       0x10 ./Middlewares/ST/STM32_USB_Device_Library/Core/Src/usbd_ioreq.o
                0x08008c06                USBD_CtlContinueRx
 .text.USBD_CtlSendStatus
                0x08008c16       0x16 ./Middlewares/ST/STM32_USB_Device_Library/Core/Src/usbd_ioreq.o
                0x08008c16                USBD_CtlSendStatus
 .text.USBD_CtlReceiveStatus
                0x08008c2c       0x16 ./Middlewares/ST/STM32_USB_Device_Library/Core/Src/usbd_ioreq.o
                0x08008c2c                USBD_CtlReceiveStatus
 .text.SysTick_Handler
                0x08008c42       0x1a ./Middlewares/Third_Party/FreeRTOS/Source/CMSIS_RTOS_V2/cmsis_os2.o
                0x08008c42                SysTick_Handler
 .text.osKernelInitialize
                0x08008c5c       0x24 ./Middlewares/Third_Party/FreeRTOS/Source/CMSIS_RTOS_V2/cmsis_os2.o
                0x08008c5c                osKernelInitialize
 .text.osKernelStart
                0x08008c80       0x34 ./Middlewares/Third_Party/FreeRTOS/Source/CMSIS_RTOS_V2/cmsis_os2.o
                0x08008c80                osKernelStart
 .text.osKernelGetTickCount
                0x08008cb4        0xe ./Middlewares/Third_Party/FreeRTOS/Source/CMSIS_RTOS_V2/cmsis_os2.o
                0x08008cb4                osKernelGetTickCount
 .text.osThreadNew
                0x08008cc2       0x8e ./Middlewares/Third_Party/FreeRTOS/Source/CMSIS_RTOS_V2/cmsis_os2.o
                0x08008cc2                osThreadNew
 .text.osDelay  0x08008d50       0x18 ./Middlewares/Third_Party/FreeRTOS/Source/CMSIS_RTOS_V2/cmsis_os2.o
                0x08008d50                osDelay
 .text.osDelayUntil
                0x08008d68       0x2e ./Middlewares/Third_Party/FreeRTOS/Source/CMSIS_RTOS_V2/cmsis_os2.o
                0x08008d68                osDelayUntil
 .text.osEventFlagsSet
                0x08008d96       0x52 ./Middlewares/Third_Party/FreeRTOS/Source/CMSIS_RTOS_V2/cmsis_os2.o
                0x08008d96                osEventFlagsSet
 .text.osEventFlagsClear
                0x08008de8       0x3c ./Middlewares/Third_Party/FreeRTOS/Source/CMSIS_RTOS_V2/cmsis_os2.o
                0x08008de8                osEventFlagsClear
 .text.osMessageQueuePut
                0x08008e24       0x62 ./Middlewares/Third_Party/FreeRTOS/Source/CMSIS_RTOS_V2/cmsis_os2.o
                0x08008e24                osMessageQueuePut
 *fill*         0x08008e86        0x2 
 .text.vApplicationGetIdleTaskMemory
                0x08008e88       0x18 ./Middlewares/Third_Party/FreeRTOS/Source/CMSIS_RTOS_V2/cmsis_os2.o
                0x08008e88                vApplicationGetIdleTaskMemory
 .text.vApplicationGetTimerTaskMemory
                0x08008ea0       0x18 ./Middlewares/Third_Party/FreeRTOS/Source/CMSIS_RTOS_V2/cmsis_os2.o
                0x08008ea0                vApplicationGetTimerTaskMemory
 .text.xEventGroupClearBits
                0x08008eb8       0x46 ./Middlewares/Third_Party/FreeRTOS/Source/event_groups.o
                0x08008eb8                xEventGroupClearBits
 .text.vEventGroupClearBitsCallback
                0x08008efe        0x4 ./Middlewares/Third_Party/FreeRTOS/Source/event_groups.o
                0x08008efe                vEventGroupClearBitsCallback
 *fill*         0x08008f02        0x2 
 .text.xEventGroupClearBitsFromISR
                0x08008f04       0x10 ./Middlewares/Third_Party/FreeRTOS/Source/event_groups.o
                0x08008f04                xEventGroupClearBitsFromISR
 .text.xEventGroupGetBitsFromISR
                0x08008f14       0x1c ./Middlewares/Third_Party/FreeRTOS/Source/event_groups.o
                0x08008f14                xEventGroupGetBitsFromISR
 .text.xEventGroupSetBits
                0x08008f30       0x88 ./Middlewares/Third_Party/FreeRTOS/Source/event_groups.o
                0x08008f30                xEventGroupSetBits
 .text.vEventGroupSetBitsCallback
                0x08008fb8        0x4 ./Middlewares/Third_Party/FreeRTOS/Source/event_groups.o
                0x08008fb8                vEventGroupSetBitsCallback
 .text.xEventGroupSetBitsFromISR
                0x08008fbc       0x10 ./Middlewares/Third_Party/FreeRTOS/Source/event_groups.o
                0x08008fbc                xEventGroupSetBitsFromISR
 .text.vListInitialise
                0x08008fcc       0x16 ./Middlewares/Third_Party/FreeRTOS/Source/list.o
                0x08008fcc                vListInitialise
 .text.vListInitialiseItem
                0x08008fe2        0x6 ./Middlewares/Third_Party/FreeRTOS/Source/list.o
                0x08008fe2                vListInitialiseItem
 .text.vListInsertEnd
                0x08008fe8       0x16 ./Middlewares/Third_Party/FreeRTOS/Source/list.o
                0x08008fe8                vListInsertEnd
 .text.vListInsert
                0x08008ffe       0x2e ./Middlewares/Third_Party/FreeRTOS/Source/list.o
                0x08008ffe                vListInsert
 .text.uxListRemove
                0x0800902c       0x20 ./Middlewares/Third_Party/FreeRTOS/Source/list.o
                0x0800902c                uxListRemove
 .text.prvIsQueueEmpty
                0x0800904c       0x16 ./Middlewares/Third_Party/FreeRTOS/Source/queue.o
 .text.prvCopyDataToQueue
                0x08009062       0x66 ./Middlewares/Third_Party/FreeRTOS/Source/queue.o
 .text.prvCopyDataFromQueue
                0x080090c8       0x2c ./Middlewares/Third_Party/FreeRTOS/Source/queue.o
 .text.prvUnlockQueue
                0x080090f4       0x70 ./Middlewares/Third_Party/FreeRTOS/Source/queue.o
 .text.xQueueGenericReset
                0x08009164       0x7e ./Middlewares/Third_Party/FreeRTOS/Source/queue.o
                0x08009164                xQueueGenericReset
 .text.xQueueGenericCreateStatic
                0x080091e2       0x9c ./Middlewares/Third_Party/FreeRTOS/Source/queue.o
                0x080091e2                xQueueGenericCreateStatic
 .text.xQueueGenericSend
                0x0800927e      0x164 ./Middlewares/Third_Party/FreeRTOS/Source/queue.o
                0x0800927e                xQueueGenericSend
 .text.xQueueGenericSendFromISR
                0x080093e2       0xba ./Middlewares/Third_Party/FreeRTOS/Source/queue.o
                0x080093e2                xQueueGenericSendFromISR
 .text.xQueueReceive
                0x0800949c      0x13c ./Middlewares/Third_Party/FreeRTOS/Source/queue.o
                0x0800949c                xQueueReceive
 .text.vQueueAddToRegistry
                0x080095d8       0x24 ./Middlewares/Third_Party/FreeRTOS/Source/queue.o
                0x080095d8                vQueueAddToRegistry
 .text.vQueueWaitForMessageRestricted
                0x080095fc       0x46 ./Middlewares/Third_Party/FreeRTOS/Source/queue.o
                0x080095fc                vQueueWaitForMessageRestricted
 *fill*         0x08009642        0x2 
 .text.prvAddNewTaskToReadyList
                0x08009644      0x100 ./Middlewares/Third_Party/FreeRTOS/Source/tasks.o
 .text.prvAddCurrentTaskToDelayedList
                0x08009744       0x70 ./Middlewares/Third_Party/FreeRTOS/Source/tasks.o
 .text.prvResetNextTaskUnblockTime
                0x080097b4       0x24 ./Middlewares/Third_Party/FreeRTOS/Source/tasks.o
 .text.prvDeleteTCB
                0x080097d8       0x3c ./Middlewares/Third_Party/FreeRTOS/Source/tasks.o
 .text.prvIdleTask
                0x08009814       0x60 ./Middlewares/Third_Party/FreeRTOS/Source/tasks.o
 .text.prvInitialiseNewTask.constprop.0
                0x08009874       0xb8 ./Middlewares/Third_Party/FreeRTOS/Source/tasks.o
 .text.xTaskCreateStatic
                0x0800992c       0x70 ./Middlewares/Third_Party/FreeRTOS/Source/tasks.o
                0x0800992c                xTaskCreateStatic
 .text.xTaskCreate
                0x0800999c       0x5c ./Middlewares/Third_Party/FreeRTOS/Source/tasks.o
                0x0800999c                xTaskCreate
 .text.vTaskStartScheduler
                0x080099f8       0xa0 ./Middlewares/Third_Party/FreeRTOS/Source/tasks.o
                0x080099f8                vTaskStartScheduler
 .text.vTaskSuspendAll
                0x08009a98       0x10 ./Middlewares/Third_Party/FreeRTOS/Source/tasks.o
                0x08009a98                vTaskSuspendAll
 .text.xTaskGetTickCount
                0x08009aa8        0xc ./Middlewares/Third_Party/FreeRTOS/Source/tasks.o
                0x08009aa8                xTaskGetTickCount
 .text.xTaskGetTickCountFromISR
                0x08009ab4       0x10 ./Middlewares/Third_Party/FreeRTOS/Source/tasks.o
                0x08009ab4                xTaskGetTickCountFromISR
 .text.xTaskIncrementTick
                0x08009ac4      0x12c ./Middlewares/Third_Party/FreeRTOS/Source/tasks.o
                0x08009ac4                xTaskIncrementTick
 .text.xTaskResumeAll
                0x08009bf0       0xe8 ./Middlewares/Third_Party/FreeRTOS/Source/tasks.o
                0x08009bf0                xTaskResumeAll
 .text.vTaskDelayUntil
                0x08009cd8       0x94 ./Middlewares/Third_Party/FreeRTOS/Source/tasks.o
                0x08009cd8                vTaskDelayUntil
 .text.vTaskDelay
                0x08009d6c       0x48 ./Middlewares/Third_Party/FreeRTOS/Source/tasks.o
                0x08009d6c                vTaskDelay
 .text.vTaskSwitchContext
                0x08009db4       0x80 ./Middlewares/Third_Party/FreeRTOS/Source/tasks.o
                0x08009db4                vTaskSwitchContext
 .text.vTaskPlaceOnEventList
                0x08009e34       0x34 ./Middlewares/Third_Party/FreeRTOS/Source/tasks.o
                0x08009e34                vTaskPlaceOnEventList
 .text.vTaskPlaceOnEventListRestricted
                0x08009e68       0x3c ./Middlewares/Third_Party/FreeRTOS/Source/tasks.o
                0x08009e68                vTaskPlaceOnEventListRestricted
 .text.xTaskRemoveFromEventList
                0x08009ea4       0x80 ./Middlewares/Third_Party/FreeRTOS/Source/tasks.o
                0x08009ea4                xTaskRemoveFromEventList
 .text.vTaskRemoveFromUnorderedEventList
                0x08009f24       0x84 ./Middlewares/Third_Party/FreeRTOS/Source/tasks.o
                0x08009f24                vTaskRemoveFromUnorderedEventList
 .text.vTaskInternalSetTimeOutState
                0x08009fa8       0x18 ./Middlewares/Third_Party/FreeRTOS/Source/tasks.o
                0x08009fa8                vTaskInternalSetTimeOutState
 .text.xTaskCheckForTimeOut
                0x08009fc0       0x78 ./Middlewares/Third_Party/FreeRTOS/Source/tasks.o
                0x08009fc0                xTaskCheckForTimeOut
 .text.vTaskMissedYield
                0x0800a038        0xc ./Middlewares/Third_Party/FreeRTOS/Source/tasks.o
                0x0800a038                vTaskMissedYield
 .text.uxTaskGetStackHighWaterMark
                0x0800a044       0x20 ./Middlewares/Third_Party/FreeRTOS/Source/tasks.o
                0x0800a044                uxTaskGetStackHighWaterMark
 .text.xTaskGetSchedulerState
                0x0800a064       0x20 ./Middlewares/Third_Party/FreeRTOS/Source/tasks.o
                0x0800a064                xTaskGetSchedulerState
 .text.xTaskPriorityDisinherit
                0x0800a084       0x84 ./Middlewares/Third_Party/FreeRTOS/Source/tasks.o
                0x0800a084                xTaskPriorityDisinherit
 .text.prvInsertTimerInActiveList
                0x0800a108       0x3c ./Middlewares/Third_Party/FreeRTOS/Source/timers.o
 .text.prvCheckForValidListAndQueue
                0x0800a144       0x68 ./Middlewares/Third_Party/FreeRTOS/Source/timers.o
 .text.xTimerCreateTimerTask
                0x0800a1ac       0x64 ./Middlewares/Third_Party/FreeRTOS/Source/timers.o
                0x0800a1ac                xTimerCreateTimerTask
 .text.xTimerGenericCommand
                0x0800a210       0x58 ./Middlewares/Third_Party/FreeRTOS/Source/timers.o
                0x0800a210                xTimerGenericCommand
 .text.prvSampleTimeNow
                0x0800a268       0xa4 ./Middlewares/Third_Party/FreeRTOS/Source/timers.o
 .text.prvTimerTask
                0x0800a30c      0x1cc ./Middlewares/Third_Party/FreeRTOS/Source/timers.o
 .text.xTimerPendFunctionCallFromISR
                0x0800a4d8       0x28 ./Middlewares/Third_Party/FreeRTOS/Source/timers.o
                0x0800a4d8                xTimerPendFunctionCallFromISR
 .text.prvPortStartFirstTask
                0x0800a500       0x28 ./Middlewares/Third_Party/FreeRTOS/Source/portable/GCC/ARM_CM4F/port.o
 .text.vPortEnableVFP
                0x0800a528       0x14 ./Middlewares/Third_Party/FreeRTOS/Source/portable/GCC/ARM_CM4F/port.o
 .text.prvTaskExitError
                0x0800a53c       0x40 ./Middlewares/Third_Party/FreeRTOS/Source/portable/GCC/ARM_CM4F/port.o
 .text.pxPortInitialiseStack
                0x0800a57c       0x2c ./Middlewares/Third_Party/FreeRTOS/Source/portable/GCC/ARM_CM4F/port.o
                0x0800a57c                pxPortInitialiseStack
 *fill*         0x0800a5a8        0x8 
 .text.SVC_Handler
                0x0800a5b0       0x24 ./Middlewares/Third_Party/FreeRTOS/Source/portable/GCC/ARM_CM4F/port.o
                0x0800a5b0                SVC_Handler
 .text.vPortEnterCritical
                0x0800a5d4       0x40 ./Middlewares/Third_Party/FreeRTOS/Source/portable/GCC/ARM_CM4F/port.o
                0x0800a5d4                vPortEnterCritical
 .text.vPortExitCritical
                0x0800a614       0x28 ./Middlewares/Third_Party/FreeRTOS/Source/portable/GCC/ARM_CM4F/port.o
                0x0800a614                vPortExitCritical
 *fill*         0x0800a63c        0x4 
 .text.PendSV_Handler
                0x0800a640       0x64 ./Middlewares/Third_Party/FreeRTOS/Source/portable/GCC/ARM_CM4F/port.o
                0x0800a640                PendSV_Handler
 .text.xPortSysTickHandler
                0x0800a6a4       0x2c ./Middlewares/Third_Party/FreeRTOS/Source/portable/GCC/ARM_CM4F/port.o
                0x0800a6a4                xPortSysTickHandler
 .text.vPortSetupTimerInterrupt
                0x0800a6d0       0x24 ./Middlewares/Third_Party/FreeRTOS/Source/portable/GCC/ARM_CM4F/port.o
                0x0800a6d0                vPortSetupTimerInterrupt
 .text.xPortStartScheduler
                0x0800a6f4      0x104 ./Middlewares/Third_Party/FreeRTOS/Source/portable/GCC/ARM_CM4F/port.o
                0x0800a6f4                xPortStartScheduler
 .text.vPortValidateInterruptPriority
                0x0800a7f8       0x5c ./Middlewares/Third_Party/FreeRTOS/Source/portable/GCC/ARM_CM4F/port.o
                0x0800a7f8                vPortValidateInterruptPriority
 .text.prvInsertBlockIntoFreeList
                0x0800a854       0x4c ./Middlewares/Third_Party/FreeRTOS/Source/portable/MemMang/heap_4.o
 .text.pvPortMalloc
                0x0800a8a0      0x130 ./Middlewares/Third_Party/FreeRTOS/Source/portable/MemMang/heap_4.o
                0x0800a8a0                pvPortMalloc
 .text.vPortFree
                0x0800a9d0       0x7c ./Middlewares/Third_Party/FreeRTOS/Source/portable/MemMang/heap_4.o
                0x0800a9d0                vPortFree
 .text.MX_USB_DEVICE_Init
                0x0800aa4c       0x50 ./USB_DEVICE/App/usb_device.o
                0x0800aa4c                MX_USB_DEVICE_Init
 .text.USBD_FS_DeviceDescriptor
                0x0800aa9c        0xc ./USB_DEVICE/App/usbd_desc.o
                0x0800aa9c                USBD_FS_DeviceDescriptor
 .text.USBD_FS_LangIDStrDescriptor
                0x0800aaa8        0xc ./USB_DEVICE/App/usbd_desc.o
                0x0800aaa8                USBD_FS_LangIDStrDescriptor
 .text.IntToUnicode
                0x0800aab4       0x2a ./USB_DEVICE/App/usbd_desc.o
 *fill*         0x0800aade        0x2 
 .text.USBD_FS_SerialStrDescriptor
                0x0800aae0       0x3c ./USB_DEVICE/App/usbd_desc.o
                0x0800aae0                USBD_FS_SerialStrDescriptor
 .text.USBD_FS_ManufacturerStrDescriptor
                0x0800ab1c       0x1c ./USB_DEVICE/App/usbd_desc.o
                0x0800ab1c                USBD_FS_ManufacturerStrDescriptor
 .text.USBD_FS_ProductStrDescriptor
                0x0800ab38       0x1c ./USB_DEVICE/App/usbd_desc.o
                0x0800ab38                USBD_FS_ProductStrDescriptor
 .text.USBD_FS_ConfigStrDescriptor
                0x0800ab54       0x1c ./USB_DEVICE/App/usbd_desc.o
                0x0800ab54                USBD_FS_ConfigStrDescriptor
 .text.USBD_FS_InterfaceStrDescriptor
                0x0800ab70       0x1c ./USB_DEVICE/App/usbd_desc.o
                0x0800ab70                USBD_FS_InterfaceStrDescriptor
 .text.STORAGE_Init_FS
                0x0800ab8c        0x4 ./USB_DEVICE/App/usbd_storage_if.o
 .text.STORAGE_GetCapacity_FS
                0x0800ab90       0x10 ./USB_DEVICE/App/usbd_storage_if.o
 .text.STORAGE_Read_FS
                0x0800aba0        0x4 ./USB_DEVICE/App/usbd_storage_if.o
 .text.STORAGE_GetMaxLun_FS
                0x0800aba4        0x4 ./USB_DEVICE/App/usbd_storage_if.o
 .text.STORAGE_Write_FS
                0x0800aba8        0x4 ./USB_DEVICE/App/usbd_storage_if.o
 .text.STORAGE_IsReady_FS
                0x0800abac        0x4 ./USB_DEVICE/App/usbd_storage_if.o
 .text.STORAGE_IsWriteProtected_FS
                0x0800abb0        0x4 ./USB_DEVICE/App/usbd_storage_if.o
 .text.HAL_PCD_MspInit
                0x0800abb4       0x84 ./USB_DEVICE/Target/usbd_conf.o
                0x0800abb4                HAL_PCD_MspInit
 .text.HAL_PCD_SetupStageCallback
                0x0800ac38        0xc ./USB_DEVICE/Target/usbd_conf.o
                0x0800ac38                HAL_PCD_SetupStageCallback
 .text.HAL_PCD_DataOutStageCallback
                0x0800ac44       0x12 ./USB_DEVICE/Target/usbd_conf.o
                0x0800ac44                HAL_PCD_DataOutStageCallback
 .text.HAL_PCD_DataInStageCallback
                0x0800ac56       0x10 ./USB_DEVICE/Target/usbd_conf.o
                0x0800ac56                HAL_PCD_DataInStageCallback
 .text.HAL_PCD_SOFCallback
                0x0800ac66        0x8 ./USB_DEVICE/Target/usbd_conf.o
                0x0800ac66                HAL_PCD_SOFCallback
 .text.HAL_PCD_ResetCallback
                0x0800ac6e       0x24 ./USB_DEVICE/Target/usbd_conf.o
                0x0800ac6e                HAL_PCD_ResetCallback
 *fill*         0x0800ac92        0x2 
 .text.HAL_PCD_SuspendCallback
                0x0800ac94       0x30 ./USB_DEVICE/Target/usbd_conf.o
                0x0800ac94                HAL_PCD_SuspendCallback
 .text.HAL_PCD_ResumeCallback
                0x0800acc4        0x8 ./USB_DEVICE/Target/usbd_conf.o
                0x0800acc4                HAL_PCD_ResumeCallback
 .text.HAL_PCD_ISOOUTIncompleteCallback
                0x0800accc        0x8 ./USB_DEVICE/Target/usbd_conf.o
                0x0800accc                HAL_PCD_ISOOUTIncompleteCallback
 .text.HAL_PCD_ISOINIncompleteCallback
                0x0800acd4        0x8 ./USB_DEVICE/Target/usbd_conf.o
                0x0800acd4                HAL_PCD_ISOINIncompleteCallback
 .text.HAL_PCD_ConnectCallback
                0x0800acdc        0x8 ./USB_DEVICE/Target/usbd_conf.o
                0x0800acdc                HAL_PCD_ConnectCallback
 .text.HAL_PCD_DisconnectCallback
                0x0800ace4        0x8 ./USB_DEVICE/Target/usbd_conf.o
                0x0800ace4                HAL_PCD_DisconnectCallback
 .text.USBD_LL_Init
                0x0800acec       0x5c ./USB_DEVICE/Target/usbd_conf.o
                0x0800acec                USBD_LL_Init
 .text.USBD_LL_IsStallEP
                0x0800ad48       0x24 ./USB_DEVICE/Target/usbd_conf.o
                0x0800ad48                USBD_LL_IsStallEP
 .text.USBD_LL_GetRxDataSize
                0x0800ad6c        0x8 ./USB_DEVICE/Target/usbd_conf.o
                0x0800ad6c                USBD_LL_GetRxDataSize
 .text.USBD_static_malloc
                0x0800ad74        0x8 ./USB_DEVICE/Target/usbd_conf.o
                0x0800ad74                USBD_static_malloc
 .text.USBD_static_free
                0x0800ad7c        0x2 ./USB_DEVICE/Target/usbd_conf.o
                0x0800ad7c                USBD_static_free
 .text.USBD_Get_USB_Status
                0x0800ad7e        0xc ./USB_DEVICE/Target/usbd_conf.o
                0x0800ad7e                USBD_Get_USB_Status
 .text.USBD_LL_Start
                0x0800ad8a       0x12 ./USB_DEVICE/Target/usbd_conf.o
                0x0800ad8a                USBD_LL_Start
 .text.USBD_LL_OpenEP
                0x0800ad9c       0x18 ./USB_DEVICE/Target/usbd_conf.o
                0x0800ad9c                USBD_LL_OpenEP
 .text.USBD_LL_CloseEP
                0x0800adb4       0x12 ./USB_DEVICE/Target/usbd_conf.o
                0x0800adb4                USBD_LL_CloseEP
 .text.USBD_LL_FlushEP
                0x0800adc6       0x12 ./USB_DEVICE/Target/usbd_conf.o
                0x0800adc6                USBD_LL_FlushEP
 .text.USBD_LL_StallEP
                0x0800add8       0x12 ./USB_DEVICE/Target/usbd_conf.o
                0x0800add8                USBD_LL_StallEP
 .text.USBD_LL_ClearStallEP
                0x0800adea       0x12 ./USB_DEVICE/Target/usbd_conf.o
                0x0800adea                USBD_LL_ClearStallEP
 .text.USBD_LL_SetUSBAddress
                0x0800adfc       0x12 ./USB_DEVICE/Target/usbd_conf.o
                0x0800adfc                USBD_LL_SetUSBAddress
 .text.USBD_LL_Transmit
                0x0800ae0e       0x12 ./USB_DEVICE/Target/usbd_conf.o
                0x0800ae0e                USBD_LL_Transmit
 .text.USBD_LL_PrepareReceive
                0x0800ae20       0x12 ./USB_DEVICE/Target/usbd_conf.o
                0x0800ae20                USBD_LL_PrepareReceive
 *fill*         0x0800ae32        0x2 
 .text.std      0x0800ae34       0x6c C:/ST/STM32CubeIDE_1.15.0/STM32CubeIDE/plugins/com.st.stm32cube.ide.mcu.externaltools.gnu-tools-for-stm32.12.3.rel1.win32_1.0.200.202406191623/tools/bin/../lib/gcc/arm-none-eabi/12.3.1/../../../../arm-none-eabi/lib/thumb/v7e-m+fp/hard\libc_nano.a(libc_a-findfp.o)
 .text.stdio_exit_handler
                0x0800aea0       0x18 C:/ST/STM32CubeIDE_1.15.0/STM32CubeIDE/plugins/com.st.stm32cube.ide.mcu.externaltools.gnu-tools-for-stm32.12.3.rel1.win32_1.0.200.202406191623/tools/bin/../lib/gcc/arm-none-eabi/12.3.1/../../../../arm-none-eabi/lib/thumb/v7e-m+fp/hard\libc_nano.a(libc_a-findfp.o)
 .text.cleanup_stdio
                0x0800aeb8       0x40 C:/ST/STM32CubeIDE_1.15.0/STM32CubeIDE/plugins/com.st.stm32cube.ide.mcu.externaltools.gnu-tools-for-stm32.12.3.rel1.win32_1.0.200.202406191623/tools/bin/../lib/gcc/arm-none-eabi/12.3.1/../../../../arm-none-eabi/lib/thumb/v7e-m+fp/hard\libc_nano.a(libc_a-findfp.o)
 .text.global_stdio_init.part.0
                0x0800aef8       0x3c C:/ST/STM32CubeIDE_1.15.0/STM32CubeIDE/plugins/com.st.stm32cube.ide.mcu.externaltools.gnu-tools-for-stm32.12.3.rel1.win32_1.0.200.202406191623/tools/bin/../lib/gcc/arm-none-eabi/12.3.1/../../../../arm-none-eabi/lib/thumb/v7e-m+fp/hard\libc_nano.a(libc_a-findfp.o)
 .text.__sfp_lock_acquire
                0x0800af34        0xc C:/ST/STM32CubeIDE_1.15.0/STM32CubeIDE/plugins/com.st.stm32cube.ide.mcu.externaltools.gnu-tools-for-stm32.12.3.rel1.win32_1.0.200.202406191623/tools/bin/../lib/gcc/arm-none-eabi/12.3.1/../../../../arm-none-eabi/lib/thumb/v7e-m+fp/hard\libc_nano.a(libc_a-findfp.o)
                0x0800af34                __sfp_lock_acquire
 .text.__sfp_lock_release
                0x0800af40        0xc C:/ST/STM32CubeIDE_1.15.0/STM32CubeIDE/plugins/com.st.stm32cube.ide.mcu.externaltools.gnu-tools-for-stm32.12.3.rel1.win32_1.0.200.202406191623/tools/bin/../lib/gcc/arm-none-eabi/12.3.1/../../../../arm-none-eabi/lib/thumb/v7e-m+fp/hard\libc_nano.a(libc_a-findfp.o)
                0x0800af40                __sfp_lock_release
 .text.__sinit  0x0800af4c       0x30 C:/ST/STM32CubeIDE_1.15.0/STM32CubeIDE/plugins/com.st.stm32cube.ide.mcu.externaltools.gnu-tools-for-stm32.12.3.rel1.win32_1.0.200.202406191623/tools/bin/../lib/gcc/arm-none-eabi/12.3.1/../../../../arm-none-eabi/lib/thumb/v7e-m+fp/hard\libc_nano.a(libc_a-findfp.o)
                0x0800af4c                __sinit
 .text._fwalk_sglue
                0x0800af7c       0x3c C:/ST/STM32CubeIDE_1.15.0/STM32CubeIDE/plugins/com.st.stm32cube.ide.mcu.externaltools.gnu-tools-for-stm32.12.3.rel1.win32_1.0.200.202406191623/tools/bin/../lib/gcc/arm-none-eabi/12.3.1/../../../../arm-none-eabi/lib/thumb/v7e-m+fp/hard\libc_nano.a(libc_a-fwalk.o)
                0x0800af7c                _fwalk_sglue
 .text.printf   0x0800afb8       0x24 C:/ST/STM32CubeIDE_1.15.0/STM32CubeIDE/plugins/com.st.stm32cube.ide.mcu.externaltools.gnu-tools-for-stm32.12.3.rel1.win32_1.0.200.202406191623/tools/bin/../lib/gcc/arm-none-eabi/12.3.1/../../../../arm-none-eabi/lib/thumb/v7e-m+fp/hard\libc_nano.a(libc_a-printf.o)
                0x0800afb8                iprintf
                0x0800afb8                printf
 .text.__sread  0x0800afdc       0x22 C:/ST/STM32CubeIDE_1.15.0/STM32CubeIDE/plugins/com.st.stm32cube.ide.mcu.externaltools.gnu-tools-for-stm32.12.3.rel1.win32_1.0.200.202406191623/tools/bin/../lib/gcc/arm-none-eabi/12.3.1/../../../../arm-none-eabi/lib/thumb/v7e-m+fp/hard\libc_nano.a(libc_a-stdio.o)
                0x0800afdc                __sread
 .text.__swrite
                0x0800affe       0x38 C:/ST/STM32CubeIDE_1.15.0/STM32CubeIDE/plugins/com.st.stm32cube.ide.mcu.externaltools.gnu-tools-for-stm32.12.3.rel1.win32_1.0.200.202406191623/tools/bin/../lib/gcc/arm-none-eabi/12.3.1/../../../../arm-none-eabi/lib/thumb/v7e-m+fp/hard\libc_nano.a(libc_a-stdio.o)
                0x0800affe                __swrite
 .text.__sseek  0x0800b036       0x24 C:/ST/STM32CubeIDE_1.15.0/STM32CubeIDE/plugins/com.st.stm32cube.ide.mcu.externaltools.gnu-tools-for-stm32.12.3.rel1.win32_1.0.200.202406191623/tools/bin/../lib/gcc/arm-none-eabi/12.3.1/../../../../arm-none-eabi/lib/thumb/v7e-m+fp/hard\libc_nano.a(libc_a-stdio.o)
                0x0800b036                __sseek
 .text.__sclose
                0x0800b05a        0x8 C:/ST/STM32CubeIDE_1.15.0/STM32CubeIDE/plugins/com.st.stm32cube.ide.mcu.externaltools.gnu-tools-for-stm32.12.3.rel1.win32_1.0.200.202406191623/tools/bin/../lib/gcc/arm-none-eabi/12.3.1/../../../../arm-none-eabi/lib/thumb/v7e-m+fp/hard\libc_nano.a(libc_a-stdio.o)
                0x0800b05a                __sclose
 .text.memset   0x0800b062       0x10 C:/ST/STM32CubeIDE_1.15.0/STM32CubeIDE/plugins/com.st.stm32cube.ide.mcu.externaltools.gnu-tools-for-stm32.12.3.rel1.win32_1.0.200.202406191623/tools/bin/../lib/gcc/arm-none-eabi/12.3.1/../../../../arm-none-eabi/lib/thumb/v7e-m+fp/hard\libc_nano.a(libc_a-memset.o)
                0x0800b062                memset
 *fill*         0x0800b072        0x2 
 .text._close_r
                0x0800b074       0x20 C:/ST/STM32CubeIDE_1.15.0/STM32CubeIDE/plugins/com.st.stm32cube.ide.mcu.externaltools.gnu-tools-for-stm32.12.3.rel1.win32_1.0.200.202406191623/tools/bin/../lib/gcc/arm-none-eabi/12.3.1/../../../../arm-none-eabi/lib/thumb/v7e-m+fp/hard\libc_nano.a(libc_a-closer.o)
                0x0800b074                _close_r
 .text._reclaim_reent
                0x0800b094       0xac C:/ST/STM32CubeIDE_1.15.0/STM32CubeIDE/plugins/com.st.stm32cube.ide.mcu.externaltools.gnu-tools-for-stm32.12.3.rel1.win32_1.0.200.202406191623/tools/bin/../lib/gcc/arm-none-eabi/12.3.1/../../../../arm-none-eabi/lib/thumb/v7e-m+fp/hard\libc_nano.a(libc_a-reent.o)
                0x0800b094                _reclaim_reent
 .text._lseek_r
                0x0800b140       0x24 C:/ST/STM32CubeIDE_1.15.0/STM32CubeIDE/plugins/com.st.stm32cube.ide.mcu.externaltools.gnu-tools-for-stm32.12.3.rel1.win32_1.0.200.202406191623/tools/bin/../lib/gcc/arm-none-eabi/12.3.1/../../../../arm-none-eabi/lib/thumb/v7e-m+fp/hard\libc_nano.a(libc_a-lseekr.o)
                0x0800b140                _lseek_r
 .text._read_r  0x0800b164       0x24 C:/ST/STM32CubeIDE_1.15.0/STM32CubeIDE/plugins/com.st.stm32cube.ide.mcu.externaltools.gnu-tools-for-stm32.12.3.rel1.win32_1.0.200.202406191623/tools/bin/../lib/gcc/arm-none-eabi/12.3.1/../../../../arm-none-eabi/lib/thumb/v7e-m+fp/hard\libc_nano.a(libc_a-readr.o)
                0x0800b164                _read_r
 .text._write_r
                0x0800b188       0x24 C:/ST/STM32CubeIDE_1.15.0/STM32CubeIDE/plugins/com.st.stm32cube.ide.mcu.externaltools.gnu-tools-for-stm32.12.3.rel1.win32_1.0.200.202406191623/tools/bin/../lib/gcc/arm-none-eabi/12.3.1/../../../../arm-none-eabi/lib/thumb/v7e-m+fp/hard\libc_nano.a(libc_a-writer.o)
                0x0800b188                _write_r
 .text.__errno  0x0800b1ac        0xc C:/ST/STM32CubeIDE_1.15.0/STM32CubeIDE/plugins/com.st.stm32cube.ide.mcu.externaltools.gnu-tools-for-stm32.12.3.rel1.win32_1.0.200.202406191623/tools/bin/../lib/gcc/arm-none-eabi/12.3.1/../../../../arm-none-eabi/lib/thumb/v7e-m+fp/hard\libc_nano.a(libc_a-errno.o)
                0x0800b1ac                __errno
 .text.__libc_init_array
                0x0800b1b8       0x48 C:/ST/STM32CubeIDE_1.15.0/STM32CubeIDE/plugins/com.st.stm32cube.ide.mcu.externaltools.gnu-tools-for-stm32.12.3.rel1.win32_1.0.200.202406191623/tools/bin/../lib/gcc/arm-none-eabi/12.3.1/../../../../arm-none-eabi/lib/thumb/v7e-m+fp/hard\libc_nano.a(libc_a-init.o)
                0x0800b1b8                __libc_init_array
 .text.__retarget_lock_init_recursive
                0x0800b200        0x2 C:/ST/STM32CubeIDE_1.15.0/STM32CubeIDE/plugins/com.st.stm32cube.ide.mcu.externaltools.gnu-tools-for-stm32.12.3.rel1.win32_1.0.200.202406191623/tools/bin/../lib/gcc/arm-none-eabi/12.3.1/../../../../arm-none-eabi/lib/thumb/v7e-m+fp/hard\libc_nano.a(libc_a-lock.o)
                0x0800b200                __retarget_lock_init_recursive
 .text.__retarget_lock_acquire_recursive
                0x0800b202        0x2 C:/ST/STM32CubeIDE_1.15.0/STM32CubeIDE/plugins/com.st.stm32cube.ide.mcu.externaltools.gnu-tools-for-stm32.12.3.rel1.win32_1.0.200.202406191623/tools/bin/../lib/gcc/arm-none-eabi/12.3.1/../../../../arm-none-eabi/lib/thumb/v7e-m+fp/hard\libc_nano.a(libc_a-lock.o)
                0x0800b202                __retarget_lock_acquire_recursive
 .text.__retarget_lock_release_recursive
                0x0800b204        0x2 C:/ST/STM32CubeIDE_1.15.0/STM32CubeIDE/plugins/com.st.stm32cube.ide.mcu.externaltools.gnu-tools-for-stm32.12.3.rel1.win32_1.0.200.202406191623/tools/bin/../lib/gcc/arm-none-eabi/12.3.1/../../../../arm-none-eabi/lib/thumb/v7e-m+fp/hard\libc_nano.a(libc_a-lock.o)
                0x0800b204                __retarget_lock_release_recursive
 .text.memcpy   0x0800b206       0x1c C:/ST/STM32CubeIDE_1.15.0/STM32CubeIDE/plugins/com.st.stm32cube.ide.mcu.externaltools.gnu-tools-for-stm32.12.3.rel1.win32_1.0.200.202406191623/tools/bin/../lib/gcc/arm-none-eabi/12.3.1/../../../../arm-none-eabi/lib/thumb/v7e-m+fp/hard\libc_nano.a(libc_a-memcpy-stub.o)
                0x0800b206                memcpy
 *fill*         0x0800b222        0x2 