../Middlewares/ST/STM32_USB_Device_Library/Class/MSC/Src/usbd_msc_scsi.c:597:6:SCSI_SenseCode.constprop	8	static
../Middlewares/ST/STM32_USB_Device_Library/Class/MSC/Src/usbd_msc_scsi.c:1128:15:SCSI_ProcessWrite	24	static
../Middlewares/ST/STM32_USB_Device_Library/Class/MSC/Src/usbd_msc_scsi.c:1079:15:SCSI_ProcessRead	24	static
../Middlewares/ST/STM32_USB_Device_Library/Class/MSC/Src/usbd_msc_scsi.c:1185:15:SCSI_UpdateBotData.isra	8	static
../Middlewares/ST/STM32_USB_Device_Library/Class/MSC/Src/usbd_msc_scsi.c:1054:15:SCSI_CheckAddressRange.isra	8	static
../Middlewares/ST/STM32_USB_Device_Library/Class/MSC/Src/usbd_msc_scsi.c:121:8:SCSI_ProcessCmd	32	static
../Middlewares/ST/STM32_USB_Device_Library/Class/MSC/Src/usbd_msc_scsi.c:597:6:SCSI_SenseCode	8	static
