../Drivers/STM32F4xx_HAL_Driver/Src/stm32f4xx_hal_usart.c:2372:13:USART_EndRxTransfer	0	static
../Drivers/STM32F4xx_HAL_Driver/Src/stm32f4xx_hal_usart.c:2318:26:USART_WaitOnFlagUntilTimeout.constprop	24	static
../Drivers/STM32F4xx_HAL_Driver/Src/stm32f4xx_hal_usart.c:402:13:HAL_USART_MspInit	0	static
../Drivers/STM32F4xx_HAL_Driver/Src/stm32f4xx_hal_usart.c:300:19:HAL_USART_Init	16	static
../Drivers/STM32F4xx_HAL_Driver/Src/stm32f4xx_hal_usart.c:417:13:HAL_USART_MspDeInit	0	static
../Drivers/STM32F4xx_HAL_Driver/Src/stm32f4xx_hal_usart.c:359:19:HAL_USART_DeInit	8	static
../Drivers/STM32F4xx_HAL_Driver/Src/stm32f4xx_hal_usart.c:743:19:HAL_USART_Transmit	32	static
../Drivers/STM32F4xx_HAL_Driver/Src/stm32f4xx_hal_usart.c:832:19:HAL_USART_Receive	32	static
../Drivers/STM32F4xx_HAL_Driver/Src/stm32f4xx_hal_usart.c:933:19:HAL_USART_TransmitReceive	32	static
../Drivers/STM32F4xx_HAL_Driver/Src/stm32f4xx_hal_usart.c:1073:19:HAL_USART_Transmit_IT	8	static
../Drivers/STM32F4xx_HAL_Driver/Src/stm32f4xx_hal_usart.c:1126:19:HAL_USART_Receive_IT	8	static
../Drivers/STM32F4xx_HAL_Driver/Src/stm32f4xx_hal_usart.c:1184:19:HAL_USART_TransmitReceive_IT	12	static
../Drivers/STM32F4xx_HAL_Driver/Src/stm32f4xx_hal_usart.c:1243:19:HAL_USART_Transmit_DMA	16	static
../Drivers/STM32F4xx_HAL_Driver/Src/stm32f4xx_hal_usart.c:1310:19:HAL_USART_Receive_DMA	32	static
../Drivers/STM32F4xx_HAL_Driver/Src/stm32f4xx_hal_usart.c:1408:19:HAL_USART_TransmitReceive_DMA	32	static
../Drivers/STM32F4xx_HAL_Driver/Src/stm32f4xx_hal_usart.c:1499:19:HAL_USART_DMAPause	0	static
../Drivers/STM32F4xx_HAL_Driver/Src/stm32f4xx_hal_usart.c:1519:19:HAL_USART_DMAResume	0	static
../Drivers/STM32F4xx_HAL_Driver/Src/stm32f4xx_hal_usart.c:1539:19:HAL_USART_DMAStop	8	static
../Drivers/STM32F4xx_HAL_Driver/Src/stm32f4xx_hal_usart.c:1596:19:HAL_USART_Abort	8	static
../Drivers/STM32F4xx_HAL_Driver/Src/stm32f4xx_hal_usart.c:1943:13:HAL_USART_TxCpltCallback	0	static
../Drivers/STM32F4xx_HAL_Driver/Src/stm32f4xx_hal_usart.c:2123:13:USART_DMATransmitCplt	8	static
../Drivers/STM32F4xx_HAL_Driver/Src/stm32f4xx_hal_usart.c:1958:13:HAL_USART_TxHalfCpltCallback	0	static
../Drivers/STM32F4xx_HAL_Driver/Src/stm32f4xx_hal_usart.c:2162:13:USART_DMATxHalfCplt	8	static
../Drivers/STM32F4xx_HAL_Driver/Src/stm32f4xx_hal_usart.c:1973:13:HAL_USART_RxCpltCallback	0	static
../Drivers/STM32F4xx_HAL_Driver/Src/stm32f4xx_hal_usart.c:2562:26:USART_Receive_IT.isra	8	static
../Drivers/STM32F4xx_HAL_Driver/Src/stm32f4xx_hal_usart.c:1988:13:HAL_USART_RxHalfCpltCallback	0	static
../Drivers/STM32F4xx_HAL_Driver/Src/stm32f4xx_hal_usart.c:2255:13:USART_DMARxHalfCplt	8	static
../Drivers/STM32F4xx_HAL_Driver/Src/stm32f4xx_hal_usart.c:2003:13:HAL_USART_TxRxCpltCallback	0	static
../Drivers/STM32F4xx_HAL_Driver/Src/stm32f4xx_hal_usart.c:2181:13:USART_DMAReceiveCplt	8	static
../Drivers/STM32F4xx_HAL_Driver/Src/stm32f4xx_hal_usart.c:2638:26:USART_TransmitReceive_IT.isra	8	static
../Drivers/STM32F4xx_HAL_Driver/Src/stm32f4xx_hal_usart.c:2018:13:HAL_USART_ErrorCallback	0	static
../Drivers/STM32F4xx_HAL_Driver/Src/stm32f4xx_hal_usart.c:2274:13:USART_DMAError	8	static
../Drivers/STM32F4xx_HAL_Driver/Src/stm32f4xx_hal_usart.c:1781:6:HAL_USART_IRQHandler	16	static
../Drivers/STM32F4xx_HAL_Driver/Src/stm32f4xx_hal_usart.c:2388:13:USART_DMAAbortOnError	8	static
../Drivers/STM32F4xx_HAL_Driver/Src/stm32f4xx_hal_usart.c:2032:13:HAL_USART_AbortCpltCallback	0	static
../Drivers/STM32F4xx_HAL_Driver/Src/stm32f4xx_hal_usart.c:1662:19:HAL_USART_Abort_IT	8	static
../Drivers/STM32F4xx_HAL_Driver/Src/stm32f4xx_hal_usart.c:2454:13:USART_DMARxAbortCallback	8	static
../Drivers/STM32F4xx_HAL_Driver/Src/stm32f4xx_hal_usart.c:2411:13:USART_DMATxAbortCallback	8	static
../Drivers/STM32F4xx_HAL_Driver/Src/stm32f4xx_hal_usart.c:2071:24:HAL_USART_GetState	0	static
../Drivers/STM32F4xx_HAL_Driver/Src/stm32f4xx_hal_usart.c:2082:10:HAL_USART_GetError	0	static
