../Drivers/STM32F4xx_HAL_Driver/Src/stm32f4xx_hal_usart.c:2376:13:USART_EndRxTransfer	0	static
../Drivers/STM32F4xx_HAL_Driver/Src/stm32f4xx_hal_usart.c:2322:26:USART_WaitOnFlagUntilTimeout.constprop	24	static
../Drivers/STM32F4xx_HAL_Driver/Src/stm32f4xx_hal_usart.c:402:13:HAL_USART_MspInit	0	static
../Drivers/STM32F4xx_HAL_Driver/Src/stm32f4xx_hal_usart.c:300:19:HAL_USART_Init	16	static
../Drivers/STM32F4xx_HAL_Driver/Src/stm32f4xx_hal_usart.c:417:13:HAL_USART_MspDeInit	0	static
../Drivers/STM32F4xx_HAL_Driver/Src/stm32f4xx_hal_usart.c:359:19:HAL_USART_DeInit	8	static
../Drivers/STM32F4xx_HAL_Driver/Src/stm32f4xx_hal_usart.c:750:19:HAL_USART_Transmit	32	static
../Drivers/STM32F4xx_HAL_Driver/Src/stm32f4xx_hal_usart.c:839:19:HAL_USART_Receive	32	static
../Drivers/STM32F4xx_HAL_Driver/Src/stm32f4xx_hal_usart.c:940:19:HAL_USART_TransmitReceive	32	static
../Drivers/STM32F4xx_HAL_Driver/Src/stm32f4xx_hal_usart.c:1080:19:HAL_USART_Transmit_IT	8	static
../Drivers/STM32F4xx_HAL_Driver/Src/stm32f4xx_hal_usart.c:1133:19:HAL_USART_Receive_IT	8	static
../Drivers/STM32F4xx_HAL_Driver/Src/stm32f4xx_hal_usart.c:1191:19:HAL_USART_TransmitReceive_IT	12	static
../Drivers/STM32F4xx_HAL_Driver/Src/stm32f4xx_hal_usart.c:1250:19:HAL_USART_Transmit_DMA	16	static
../Drivers/STM32F4xx_HAL_Driver/Src/stm32f4xx_hal_usart.c:1317:19:HAL_USART_Receive_DMA	32	static
../Drivers/STM32F4xx_HAL_Driver/Src/stm32f4xx_hal_usart.c:1415:19:HAL_USART_TransmitReceive_DMA	32	static
../Drivers/STM32F4xx_HAL_Driver/Src/stm32f4xx_hal_usart.c:1506:19:HAL_USART_DMAPause	0	static
../Drivers/STM32F4xx_HAL_Driver/Src/stm32f4xx_hal_usart.c:1526:19:HAL_USART_DMAResume	0	static
../Drivers/STM32F4xx_HAL_Driver/Src/stm32f4xx_hal_usart.c:1546:19:HAL_USART_DMAStop	8	static
../Drivers/STM32F4xx_HAL_Driver/Src/stm32f4xx_hal_usart.c:1603:19:HAL_USART_Abort	8	static
../Drivers/STM32F4xx_HAL_Driver/Src/stm32f4xx_hal_usart.c:1950:13:HAL_USART_TxCpltCallback	0	static
../Drivers/STM32F4xx_HAL_Driver/Src/stm32f4xx_hal_usart.c:2127:13:USART_DMATransmitCplt	8	static
../Drivers/STM32F4xx_HAL_Driver/Src/stm32f4xx_hal_usart.c:1965:13:HAL_USART_TxHalfCpltCallback	0	static
../Drivers/STM32F4xx_HAL_Driver/Src/stm32f4xx_hal_usart.c:2166:13:USART_DMATxHalfCplt	8	static
../Drivers/STM32F4xx_HAL_Driver/Src/stm32f4xx_hal_usart.c:1980:13:HAL_USART_RxCpltCallback	0	static
../Drivers/STM32F4xx_HAL_Driver/Src/stm32f4xx_hal_usart.c:2566:26:USART_Receive_IT.isra	8	static
../Drivers/STM32F4xx_HAL_Driver/Src/stm32f4xx_hal_usart.c:1995:13:HAL_USART_RxHalfCpltCallback	0	static
../Drivers/STM32F4xx_HAL_Driver/Src/stm32f4xx_hal_usart.c:2259:13:USART_DMARxHalfCplt	8	static
../Drivers/STM32F4xx_HAL_Driver/Src/stm32f4xx_hal_usart.c:2010:13:HAL_USART_TxRxCpltCallback	0	static
../Drivers/STM32F4xx_HAL_Driver/Src/stm32f4xx_hal_usart.c:2185:13:USART_DMAReceiveCplt	8	static
../Drivers/STM32F4xx_HAL_Driver/Src/stm32f4xx_hal_usart.c:2642:26:USART_TransmitReceive_IT.isra	8	static
../Drivers/STM32F4xx_HAL_Driver/Src/stm32f4xx_hal_usart.c:2025:13:HAL_USART_ErrorCallback	0	static
../Drivers/STM32F4xx_HAL_Driver/Src/stm32f4xx_hal_usart.c:2278:13:USART_DMAError	8	static
../Drivers/STM32F4xx_HAL_Driver/Src/stm32f4xx_hal_usart.c:1788:6:HAL_USART_IRQHandler	16	static
../Drivers/STM32F4xx_HAL_Driver/Src/stm32f4xx_hal_usart.c:2392:13:USART_DMAAbortOnError	8	static
../Drivers/STM32F4xx_HAL_Driver/Src/stm32f4xx_hal_usart.c:2039:13:HAL_USART_AbortCpltCallback	0	static
../Drivers/STM32F4xx_HAL_Driver/Src/stm32f4xx_hal_usart.c:1669:19:HAL_USART_Abort_IT	8	static
../Drivers/STM32F4xx_HAL_Driver/Src/stm32f4xx_hal_usart.c:2458:13:USART_DMARxAbortCallback	8	static
../Drivers/STM32F4xx_HAL_Driver/Src/stm32f4xx_hal_usart.c:2415:13:USART_DMATxAbortCallback	8	static
../Drivers/STM32F4xx_HAL_Driver/Src/stm32f4xx_hal_usart.c:2078:24:HAL_USART_GetState	0	static
../Drivers/STM32F4xx_HAL_Driver/Src/stm32f4xx_hal_usart.c:2089:10:HAL_USART_GetError	0	static
