../Drivers/STM32F4xx_HAL_Driver/Src/stm32f4xx_hal_spi.c:3870:13:SPI_AbortRx_ISR	8	static
../Drivers/STM32F4xx_HAL_Driver/Src/stm32f4xx_hal_spi.c:3906:13:SPI_AbortTx_ISR	0	static
../Drivers/STM32F4xx_HAL_Driver/Src/stm32f4xx_hal_spi.c:3487:26:SPI_WaitFlagStateUntilTimeout	40	static
../Drivers/STM32F4xx_HAL_Driver/Src/stm32f4xx_hal_spi.c:3604:26:SPI_EndRxTxTransaction	40	static
../Drivers/STM32F4xx_HAL_Driver/Src/stm32f4xx_hal_spi.c:3554:26:SPI_EndRxTransaction	24	static
../Drivers/STM32F4xx_HAL_Driver/Src/stm32f4xx_hal_spi.c:481:13:HAL_SPI_MspInit	0	static
../Drivers/STM32F4xx_HAL_Driver/Src/stm32f4xx_hal_spi.c:311:19:HAL_SPI_Init	8	static
../Drivers/STM32F4xx_HAL_Driver/Src/stm32f4xx_hal_spi.c:497:13:HAL_SPI_MspDeInit	0	static
../Drivers/STM32F4xx_HAL_Driver/Src/stm32f4xx_hal_spi.c:437:19:HAL_SPI_DeInit	8	static
../Drivers/STM32F4xx_HAL_Driver/Src/stm32f4xx_hal_spi.c:769:19:HAL_SPI_Transmit	40	static
../Drivers/STM32F4xx_HAL_Driver/Src/stm32f4xx_hal_spi.c:1135:19:HAL_SPI_TransmitReceive	40	static
../Drivers/STM32F4xx_HAL_Driver/Src/stm32f4xx_hal_spi.c:935:19:HAL_SPI_Receive	40	static
../Drivers/STM32F4xx_HAL_Driver/Src/stm32f4xx_hal_spi.c:1385:19:HAL_SPI_Transmit_IT	8	static
../Drivers/STM32F4xx_HAL_Driver/Src/stm32f4xx_hal_spi.c:1558:19:HAL_SPI_TransmitReceive_IT	16	static
../Drivers/STM32F4xx_HAL_Driver/Src/stm32f4xx_hal_spi.c:1467:19:HAL_SPI_Receive_IT	16	static
../Drivers/STM32F4xx_HAL_Driver/Src/stm32f4xx_hal_spi.c:1644:19:HAL_SPI_Transmit_DMA	16	static
../Drivers/STM32F4xx_HAL_Driver/Src/stm32f4xx_hal_spi.c:1858:19:HAL_SPI_TransmitReceive_DMA	16	static
../Drivers/STM32F4xx_HAL_Driver/Src/stm32f4xx_hal_spi.c:1748:19:HAL_SPI_Receive_DMA	24	static
../Drivers/STM32F4xx_HAL_Driver/Src/stm32f4xx_hal_spi.c:2000:19:HAL_SPI_Abort	24	static
../Drivers/STM32F4xx_HAL_Driver/Src/stm32f4xx_hal_spi.c:2306:19:HAL_SPI_DMAPause	0	static
../Drivers/STM32F4xx_HAL_Driver/Src/stm32f4xx_hal_spi.c:2326:19:HAL_SPI_DMAResume	0	static
../Drivers/STM32F4xx_HAL_Driver/Src/stm32f4xx_hal_spi.c:2346:19:HAL_SPI_DMAStop	16	static
../Drivers/STM32F4xx_HAL_Driver/Src/stm32f4xx_hal_spi.c:2493:13:HAL_SPI_TxCpltCallback	0	static
../Drivers/STM32F4xx_HAL_Driver/Src/stm32f4xx_hal_spi.c:2509:13:HAL_SPI_RxCpltCallback	0	static
../Drivers/STM32F4xx_HAL_Driver/Src/stm32f4xx_hal_spi.c:2525:13:HAL_SPI_TxRxCpltCallback	0	static
../Drivers/STM32F4xx_HAL_Driver/Src/stm32f4xx_hal_spi.c:2541:13:HAL_SPI_TxHalfCpltCallback	0	static
../Drivers/STM32F4xx_HAL_Driver/Src/stm32f4xx_hal_spi.c:2905:13:SPI_DMAHalfTransmitCplt	8	static
../Drivers/STM32F4xx_HAL_Driver/Src/stm32f4xx_hal_spi.c:2557:13:HAL_SPI_RxHalfCpltCallback	0	static
../Drivers/STM32F4xx_HAL_Driver/Src/stm32f4xx_hal_spi.c:2923:13:SPI_DMAHalfReceiveCplt	8	static
../Drivers/STM32F4xx_HAL_Driver/Src/stm32f4xx_hal_spi.c:2573:13:HAL_SPI_TxRxHalfCpltCallback	0	static
../Drivers/STM32F4xx_HAL_Driver/Src/stm32f4xx_hal_spi.c:2941:13:SPI_DMAHalfTransmitReceiveCplt	8	static
../Drivers/STM32F4xx_HAL_Driver/Src/stm32f4xx_hal_spi.c:2589:13:HAL_SPI_ErrorCallback	0	static
../Drivers/STM32F4xx_HAL_Driver/Src/stm32f4xx_hal_spi.c:3809:13:SPI_CloseTx_ISR	16	static
../Drivers/STM32F4xx_HAL_Driver/Src/stm32f4xx_hal_spi.c:3432:13:SPI_TxISR_8BIT	0	static
../Drivers/STM32F4xx_HAL_Driver/Src/stm32f4xx_hal_spi.c:3457:13:SPI_TxISR_16BIT	4	static
../Drivers/STM32F4xx_HAL_Driver/Src/stm32f4xx_hal_spi.c:3746:13:SPI_CloseRx_ISR	16	static
../Drivers/STM32F4xx_HAL_Driver/Src/stm32f4xx_hal_spi.c:3343:13:SPI_RxISR_8BIT	0	static
../Drivers/STM32F4xx_HAL_Driver/Src/stm32f4xx_hal_spi.c:3399:13:SPI_RxISR_16BIT	0	static
../Drivers/STM32F4xx_HAL_Driver/Src/stm32f4xx_hal_spi.c:3651:13:SPI_CloseRxTx_ISR	16	static
../Drivers/STM32F4xx_HAL_Driver/Src/stm32f4xx_hal_spi.c:3191:13:SPI_2linesTxISR_8BIT	0	static
../Drivers/STM32F4xx_HAL_Driver/Src/stm32f4xx_hal_spi.c:3128:13:SPI_2linesRxISR_8BIT	0	static
../Drivers/STM32F4xx_HAL_Driver/Src/stm32f4xx_hal_spi.c:3283:13:SPI_2linesTxISR_16BIT	4	static
../Drivers/STM32F4xx_HAL_Driver/Src/stm32f4xx_hal_spi.c:3227:13:SPI_2linesRxISR_16BIT	4	static
../Drivers/STM32F4xx_HAL_Driver/Src/stm32f4xx_hal_spi.c:2959:13:SPI_DMAError	8	static
../Drivers/STM32F4xx_HAL_Driver/Src/stm32f4xx_hal_spi.c:2679:13:SPI_DMATransmitCplt	24	static
../Drivers/STM32F4xx_HAL_Driver/Src/stm32f4xx_hal_spi.c:2736:13:SPI_DMAReceiveCplt	16	static
../Drivers/STM32F4xx_HAL_Driver/Src/stm32f4xx_hal_spi.c:2825:13:SPI_DMATransmitReceiveCplt	16	static
../Drivers/STM32F4xx_HAL_Driver/Src/stm32f4xx_hal_spi.c:2386:6:HAL_SPI_IRQHandler	32	static
../Drivers/STM32F4xx_HAL_Driver/Src/stm32f4xx_hal_spi.c:2982:13:SPI_DMAAbortOnError	8	static
../Drivers/STM32F4xx_HAL_Driver/Src/stm32f4xx_hal_spi.c:2607:13:HAL_SPI_AbortCpltCallback	0	static
../Drivers/STM32F4xx_HAL_Driver/Src/stm32f4xx_hal_spi.c:2145:19:HAL_SPI_Abort_IT	32	static
../Drivers/STM32F4xx_HAL_Driver/Src/stm32f4xx_hal_spi.c:3069:13:SPI_DMARxAbortCallback	16	static
../Drivers/STM32F4xx_HAL_Driver/Src/stm32f4xx_hal_spi.c:3004:13:SPI_DMATxAbortCallback	24	static
../Drivers/STM32F4xx_HAL_Driver/Src/stm32f4xx_hal_spi.c:2642:22:HAL_SPI_GetState	0	static
../Drivers/STM32F4xx_HAL_Driver/Src/stm32f4xx_hal_spi.c:2654:10:HAL_SPI_GetError	0	static
