../Core/Src/z_flash_W25QXXX.c:35:6:Flash_Select	8	static
../Core/Src/z_flash_W25QXXX.c:47:6:Flash_UnSelect	8	static
../Core/Src/z_flash_W25QXXX.c:57:6:Flash_Receive	16	static
../Core/Src/z_flash_W25QXXX.c:69:6:Flash_Polling_Transmit	16	static
../Core/Src/z_flash_W25QXXX.c:84:6:Flash_Transmit	16	static
../Core/Src/z_flash_W25QXXX.c:105:6:Flash_WaitForWritingComplete	16	static
../Core/Src/z_flash_W25QXXX.c:130:6:Flash_Read	32	static
../Core/Src/z_flash_W25QXXX.c:169:6:Flash_SimpleWriteAPage	32	static
../Core/Src/z_flash_W25QXXX.c:196:6:Flash_Write	40	static
../Core/Src/z_flash_W25QXXX.c:248:6:Flash_SErase4k	24	static
../Core/Src/z_flash_W25QXXX.c:276:6:Flash_BErase32k	24	static
../Core/Src/z_flash_W25QXXX.c:305:6:Flash_BErase64k	24	static
../Core/Src/z_flash_W25QXXX.c:331:6:Flash_ChipErase	16	static
../Core/Src/z_flash_W25QXXX.c:354:6:Flash_PowerDown	16	static
../Core/Src/z_flash_W25QXXX.c:372:6:Flash_PowerUp	16	static
../Core/Src/z_flash_W25QXXX.c:389:9:Flash_ReadDevID	16	static
../Core/Src/z_flash_W25QXXX.c:408:10:Flash_ReadManufactutrerAndDevID	16	static
../Core/Src/z_flash_W25QXXX.c:439:10:Flash_ReadJedecID	24	static
../Core/Src/z_flash_W25QXXX.c:459:6:Flash_ReadSFDP	24	static
../Core/Src/z_flash_W25QXXX.c:481:9:Flash_TestAvailability	272	static
../Core/Src/z_flash_W25QXXX.c:506:9:Flash_Init	16	static
../Core/Src/z_flash_W25QXXX.c:522:6:Flash_Reset	16	static
../Core/Src/z_flash_W25QXXX.c:541:6:DataReader_WaitForReceiveDone	4	static
../Core/Src/z_flash_W25QXXX.c:546:6:DataReader_ReadData	24	static
../Core/Src/z_flash_W25QXXX.c:551:6:DataReader_StartDMAReadData	24	static
